06-12 14:11:37.703  1696 13348 I chatty  : uid=1000(system) Binder:1696_13 expire 10 lines
06-12 14:12:22.730  1696  9351 I chatty  : uid=1000(system) Binder:1696_1B expire 11 lines
06-12 14:12:52.655  1696  1896 I chatty  : uid=1000(system) ActivityManager expire 11 lines
06-12 14:13:32.654  1696  4083 I chatty  : uid=1000(system) UEventObserver expire 73 lines
06-12 14:13:42.657  1696 27772 I chatty  : uid=1000(system) Binder:1696_14 expire 10 lines
06-12 14:13:57.618  1696  4708 I chatty  : uid=1000(system) Binder:1696_6 expire 13 lines
06-12 14:14:07.618  1696  7385 I chatty  : uid=1000(system) Binder:1696_10 expire 10 lines
06-12 14:15:17.627  1696  4736 I chatty  : uid=1000(system) Binder:1696_8 expire 10 lines
06-12 14:20:06.990 20597 20615 D ActivityThread: Loading provider com.google.android.gmail.provider;com.android.mail.notifier;com.google.android.gm.email.provider;com.google.android.gm.tasks.provider;com.google.android.gm.email.notifier: com.android.email.provider.EmailProvider
06-12 14:20:12.642  1696  6390 I chatty  : uid=1000(system) Binder:1696_1E expire 12 lines
06-12 14:20:32.644  1696   770 I chatty  : uid=1000(system) Binder:1696_1D expire 23 lines
06-12 14:21:57.731  1696 28410 I chatty  : uid=1000(system) Binder:1696_16 expire 23 lines
06-12 14:22:27.735  1696  4104 I chatty  : uid=1000(system) Binder:1696_3 expire 10 lines
06-12 14:22:32.735  1696  7379 I chatty  : uid=1000(system) Binder:1696_F expire 20 lines
06-12 14:22:37.735  1696  4083 I chatty  : uid=1000(system) UEventObserver expire 148 lines
06-12 14:22:37.737  1696 28413 I chatty  : uid=1000(system) Binder:1696_18 expire 22 lines
06-12 14:22:47.743  1696  1930 I chatty  : uid=1000(system) batterystats-sy expire 48 lines
06-12 14:23:47.753  1696  4737 I chatty  : uid=1000(system) Binder:1696_9 expire 15 lines
06-12 14:24:17.729  1696  4257 I chatty  : uid=1000(system) Binder:1696_4 expire 11 lines
06-12 14:24:18.356  1696  2789 I chatty  : uid=1000(system) android.display expire 21 lines
06-12 14:24:20.504   555   555 I chatty  : uid=1000(system) /system/bin/surfaceflinger expire 16 lines
06-12 14:24:22.729  1696  7449 I chatty  : uid=1000(system) Binder:1696_12 expire 21 lines
06-12 14:24:32.729  1696  4708 I chatty  : uid=1000(system) Binder:1696_6 expire 16 lines
06-12 14:24:42.731  1696  5152 I chatty  : uid=1000(system) Binder:1696_D expire 18 lines
06-12 14:25:06.074  1696  1754 I chatty  : uid=1000(system) Binder:1696_2 expire 10 lines
06-12 14:25:44.907  1696  1696 I chatty  : uid=1000 system_server expire 196 lines
06-12 14:25:46.269  1696  1896 I chatty  : uid=1000(system) ActivityManager expire 11 lines
06-12 14:26:12.744  1696 31245 I chatty  : uid=1000(system) Binder:1696_1F expire 17 lines
06-12 14:26:32.745  1696  1753 I chatty  : uid=1000(system) Binder:1696_1 expire 10 lines
06-12 14:26:52.749  1696  4386 I chatty  : uid=1000(system) Binder:1696_5 expire 11 lines
06-12 14:28:06.069  1696 28412 I chatty  : uid=1000(system) Binder:1696_17 expire 12 lines
06-12 14:28:12.758  1696  7385 I chatty  : uid=1000(system) Binder:1696_10 expire 10 lines
06-12 14:28:17.758  1696 28414 I chatty  : uid=1000(system) Binder:1696_19 expire 10 lines
06-12 14:28:52.765  1696  7389 I chatty  : uid=1000(system) Binder:1696_11 expire 10 lines
06-12 14:29:06.069  1696  6380 I chatty  : uid=1000(system) Binder:1696_E expire 12 lines
06-12 14:29:27.656  1696  8171 I chatty  : uid=1000(system) Binder:1696_20 expire 16 lines
06-12 14:29:37.657  1696  5006 I chatty  : uid=1000(system) Binder:1696_B expire 13 lines
06-12 14:29:52.626  1696 27773 I chatty  : uid=1000(system) Binder:1696_15 expire 10 lines
06-12 14:30:32.631  1696  5131 I chatty  : uid=1000(system) Binder:1696_C expire 13 lines
06-12 14:30:37.630  1696 32286 I chatty  : uid=1000(system) Binder:1696_1A expire 10 lines
06-12 14:31:37.867  1696 13348 I chatty  : uid=1000(system) Binder:1696_13 expire 10 lines
06-12 14:32:32.641  1696  4709 I chatty  : uid=1000(system) Binder:1696_7 expire 11 lines
06-12 14:32:42.642  1696  9351 I chatty  : uid=1000(system) Binder:1696_1B expire 13 lines
06-12 14:36:00.048  1696  2805 I chatty  : uid=1000(system) PowerManagerSer expire 12 lines
06-12 14:36:08.422  4224  4224 V KeyguardDisplayManager: hide
06-12 14:36:08.452  1696 28412 I chatty  : uid=1000(system) Binder:1696_17 expire 11 lines
06-12 14:36:08.951   555   555 I chatty  : uid=1000(system) /system/bin/surfaceflinger expire 17 lines
06-12 14:36:12.915  1696 27772 I chatty  : uid=1000(system) Binder:1696_14 expire 11 lines
06-12 14:36:15.435  1696  4083 I chatty  : uid=1000(system) UEventObserver expire 28 lines
06-12 14:36:15.846  1696  1754 I chatty  : uid=1000(system) Binder:1696_2 expire 14 lines
06-12 14:36:17.142   555   755 I chatty  : uid=1000(system) EventThread expire 14 lines
06-12 14:36:17.268  1696  1930 I chatty  : uid=1000(system) batterystats-sy expire 12 lines
06-12 14:36:17.360  1696  7379 I chatty  : uid=1000(system) Binder:1696_F expire 11 lines
06-12 14:36:17.429  1696  7385 I chatty  : uid=1000(system) Binder:1696_10 expire 12 lines
06-12 14:36:17.473  1696  5000 I chatty  : uid=1000(system) Binder:1696_A expire 17 lines
06-12 14:36:17.480  1696  1696 I chatty  : uid=1000 system_server expire 15 lines
06-12 14:36:18.347  1696  4104 I chatty  : uid=1000(system) Binder:1696_3 expire 12 lines
06-12 14:36:42.267  1696  1896 I chatty  : uid=1000(system) ActivityManager expire 10 lines
06-12 14:36:43.059  1696  4736 I chatty  : uid=1000(system) Binder:1696_8 expire 11 lines
06-12 14:36:52.044  1696  2789 I chatty  : uid=1000(system) android.display expire 14 lines
06-12 14:36:52.926  1696 25784 I chatty  : uid=1000(system) Binder:1696_1C expire 10 lines
06-12 14:36:53.328  1696 32286 I chatty  : uid=1000(system) Binder:1696_1A expire 11 lines
06-12 14:36:54.514 22755 22755 D ActivityThread: Loading provider com.whatsapp.provider.contact: com.whatsapp.contact.ContactProvider
06-12 14:36:55.487  1696  6390 I chatty  : uid=1000(system) Binder:1696_1E expire 10 lines
06-12 14:36:57.793  1696  4737 I chatty  : uid=1000(system) Binder:1696_9 expire 11 lines
06-12 14:37:07.881   555   555 I chatty  : uid=1000(system) /system/bin/surfaceflinger expire 15 lines
06-12 14:37:11.587  1696  3019 I chatty  : uid=1000(system) PackageManager expire 12 lines
06-12 14:37:14.445 23295 23295 W ContextImpl: Calling a method in the system process without a qualified user: android.app.ContextImpl.startService:1385 android.content.ContextWrapper.startService:613 android.content.ContextWrapper.startService:613 com.android.keychain.KeyChainBroadcastReceiver.onReceive:12 android.app.ActivityThread.handleReceiver:3032 
06-12 14:37:15.484  1696  2789 I chatty  : uid=1000(system) android.display expire 22 lines
06-12 14:37:16.129  1696  8171 I chatty  : uid=1000(system) Binder:1696_20 expire 10 lines
06-12 14:37:16.941  1696   770 I chatty  : uid=1000(system) Binder:1696_1D expire 11 lines
06-12 14:37:17.203  1696  1753 I chatty  : uid=1000(system) Binder:1696_1 expire 15 lines
06-12 14:37:34.767  1696  1754 I chatty  : uid=1000(system) Binder:1696_2 expire 12 lines
06-12 14:37:35.920  1696  5000 I chatty  : uid=1000(system) Binder:1696_A expire 11 lines
06-12 14:37:39.337  1696 27772 I chatty  : uid=1000(system) Binder:1696_14 expire 13 lines
06-12 14:37:39.657  1696  7389 I chatty  : uid=1000(system) Binder:1696_11 expire 10 lines
06-12 14:38:09.824  1696  4708 I chatty  : uid=1000(system) Binder:1696_6 expire 10 lines
06-12 14:38:09.850 23982 23982 W ContextImpl: Calling a method in the system process without a qualified user: android.app.ContextImpl.startService:1385 android.content.ContextWrapper.startService:613 android.content.ContextWrapper.startService:613 com.android.keychain.KeyChainBroadcastReceiver.onReceive:12 android.app.ActivityThread.handleReceiver:3032 
06-12 14:38:09.894  1696  5131 I chatty  : uid=1000(system) Binder:1696_C expire 11 lines
06-12 14:38:09.936  1696 25784 I chatty  : uid=1000(system) Binder:1696_1C expire 10 lines
06-12 14:38:10.189  1696 28414 I chatty  : uid=1000(system) Binder:1696_19 expire 10 lines
06-12 14:38:10.450  1696  9351 I chatty  : uid=1000(system) Binder:1696_1B expire 11 lines
06-12 14:38:10.849   555   555 I chatty  : uid=1000(system) /system/bin/surfaceflinger expire 12 lines
06-12 14:38:14.088  1696  4257 I chatty  : uid=1000(system) Binder:1696_4 expire 10 lines
06-12 14:38:47.943  1696  1930 I chatty  : uid=1000(system) batterystats-sy expire 16 lines
06-12 14:38:57.983  1696  4083 I chatty  : uid=1000(system) UEventObserver expire 37 lines
06-12 14:39:37.945  1696 31245 I chatty  : uid=1000(system) Binder:1696_1F expire 11 lines
06-12 14:40:42.744  1696  1896 I chatty  : uid=1000(system) ActivityManager expire 11 lines
06-12 14:42:09.583   555   755 I chatty  : uid=1000(system) EventThread expire 25 lines
06-12 14:42:56.934  1696  2789 I chatty  : uid=1000(system) android.display expire 30 lines
06-12 14:43:01.630  4224  4224 V KeyguardStatusView: refresh statusview showing:true
06-12 14:43:01.641  4224  4224 V KeyguardDisplayManager: show
06-12 14:43:38.533  4224  4224 V KeyguardDisplayManager: hide
06-12 14:43:39.577  1696  4737 I chatty  : uid=1000(system) Binder:1696_9 expire 11 lines
06-12 14:46:49.009  1696  7385 I chatty  : uid=1000(system) Binder:1696_10 expire 15 lines
06-12 14:46:49.296   555   555 I chatty  : uid=1000(system) /system/bin/surfaceflinger expire 46 lines
06-12 14:47:03.960  1696  4104 I chatty  : uid=1000(system) Binder:1696_3 expire 12 lines
06-12 14:47:07.970  1696  8171 I chatty  : uid=1000(system) Binder:1696_20 expire 11 lines
06-12 14:47:09.978  1696  6390 I chatty  : uid=1000(system) Binder:1696_1E expire 20 lines
06-12 14:47:13.989  1696 28413 I chatty  : uid=1000(system) Binder:1696_18 expire 10 lines
06-12 14:47:16.996  1696  4083 I chatty  : uid=1000(system) UEventObserver expire 64 lines
06-12 14:47:16.998  1696 28410 I chatty  : uid=1000(system) Binder:1696_16 expire 15 lines
06-12 14:47:19.005  1696  7389 I chatty  : uid=1000(system) Binder:1696_11 expire 10 lines
06-12 14:47:35.015  1696 28412 I chatty  : uid=1000(system) Binder:1696_17 expire 15 lines
06-12 14:47:44.040  1696 13348 I chatty  : uid=1000(system) Binder:1696_13 expire 13 lines
06-12 14:48:25.127  1696  6380 I chatty  : uid=1000(system) Binder:1696_E expire 12 lines
06-12 14:48:31.133  1696  4386 I chatty  : uid=1000(system) Binder:1696_5 expire 11 lines
06-12 14:48:38.830   555   755 I chatty  : uid=1000(system) EventThread expire 49 lines
06-12 14:48:43.150  1696  4736 I chatty  : uid=1000(system) Binder:1696_8 expire 11 lines
06-12 14:49:17.474  1696  5000 I chatty  : uid=1000(system) Binder:1696_A expire 10 lines
06-12 14:49:21.031 25695 25695 D ActivityThread: Loading provider com.whatsapp.provider.contact: com.whatsapp.contact.ContactProvider
06-12 14:49:21.906   555   555 I chatty  : uid=1000(system) /system/bin/surfaceflinger expire 174 lines
06-12 14:49:43.822  1696  1930 I chatty  : uid=1000(system) batterystats-sy expire 12 lines
06-12 14:49:49.276  1696   770 I chatty  : uid=1000(system) Binder:1696_1D expire 20 lines
06-12 14:49:55.287  1696  4083 I chatty  : uid=1000(system) UEventObserver expire 169 lines
06-12 14:50:04.314  1696 27772 I chatty  : uid=1000(system) Binder:1696_14 expire 10 lines
06-12 14:50:05.319  1696  5006 I chatty  : uid=1000(system) Binder:1696_B expire 12 lines
06-12 14:50:15.357  1696 28414 I chatty  : uid=1000(system) Binder:1696_19 expire 10 lines
06-12 14:50:27.387  1696  6390 I chatty  : uid=1000(system) Binder:1696_1E expire 11 lines
06-12 14:50:33.395  1696  6380 I chatty  : uid=1000(system) Binder:1696_E expire 15 lines
06-12 14:50:38.412  1696  7449 I chatty  : uid=1000(system) Binder:1696_12 expire 14 lines
06-12 14:50:40.469  1696  4709 I chatty  : uid=1000(system) Binder:1696_7 expire 12 lines
06-12 14:50:42.423  1696  5152 I chatty  : uid=1000(system) Binder:1696_D expire 16 lines
06-12 14:50:45.433  1696  1753 I chatty  : uid=1000(system) Binder:1696_1 expire 13 lines
06-12 14:50:51.451  1696 25784 I chatty  : uid=1000(system) Binder:1696_1C expire 14 lines
06-12 14:50:52.453  1696  4737 I chatty  : uid=1000(system) Binder:1696_9 expire 10 lines
06-12 14:51:08.524  1696 28413 I chatty  : uid=1000(system) Binder:1696_18 expire 12 lines
06-12 14:51:10.508  1696  7385 I chatty  : uid=1000(system) Binder:1696_10 expire 11 lines
06-12 14:51:11.506  1696  7389 I chatty  : uid=1000(system) Binder:1696_11 expire 11 lines
06-12 14:51:26.464  1696 32286 I chatty  : uid=1000(system) Binder:1696_1A expire 10 lines
06-12 14:52:01.370  1696  4708 I chatty  : uid=1000(system) Binder:1696_6 expire 19 lines
06-12 14:52:41.620  1696 13348 I chatty  : uid=1000(system) Binder:1696_13 expire 11 lines
06-12 14:52:46.628  1696  9351 I chatty  : uid=1000(system) Binder:1696_1B expire 10 lines
06-12 14:52:58.675  1696  4257 I chatty  : uid=1000(system) Binder:1696_4 expire 15 lines
06-12 14:53:01.723  1696  1896 I chatty  : uid=1000(system) ActivityManager expire 10 lines
06-12 14:53:01.750  1696  8171 I chatty  : uid=1000(system) Binder:1696_20 expire 19 lines
06-12 14:53:03.601   555   755 I chatty  : uid=1000(system) EventThread expire 50 lines
06-12 14:53:06.684  1696  4736 I chatty  : uid=1000(system) Binder:1696_8 expire 18 lines
06-12 14:53:09.692  1696 31245 I chatty  : uid=1000(system) Binder:1696_1F expire 12 lines
06-12 14:53:11.696  1696  7379 I chatty  : uid=1000(system) Binder:1696_F expire 10 lines
06-12 14:53:24.735  1696  4386 I chatty  : uid=1000(system) Binder:1696_5 expire 11 lines
06-12 14:53:37.338  1696  5131 I chatty  : uid=1000(system) Binder:1696_C expire 20 lines
06-12 14:56:42.425  1696 27773 I chatty  : uid=1000(system) Binder:1696_15 expire 10 lines
06-12 14:56:50.868  1696  2787 I chatty  : uid=1000(system) android.fg expire 11 lines
06-12 14:56:51.128  4224  4224 V KeyguardStatusView: refresh statusview showing:true
06-12 14:56:51.141  4224  4224 V KeyguardDisplayManager: show
06-12 14:56:51.186  1696  6390 I chatty  : uid=1000(system) Binder:1696_1E expire 21 lines
06-12 14:56:51.476  1696 27772 I chatty  : uid=1000(system) Binder:1696_14 expire 17 lines
06-12 14:57:17.840  1696  6380 I chatty  : uid=1000(system) Binder:1696_E expire 13 lines
06-12 15:00:28.680  4224  4224 V KeyguardDisplayManager: hide
06-12 15:00:31.034  1696 25784 I chatty  : uid=1000(system) Binder:1696_1C expire 12 lines
06-12 15:00:31.962   555   555 I chatty  : uid=1000(system) /system/bin/surfaceflinger expire 26 lines
06-12 15:01:02.222  1696  1930 I chatty  : uid=1000(system) batterystats-sy expire 14 lines
06-12 15:01:17.920  1696  4104 I chatty  : uid=1000(system) Binder:1696_3 expire 11 lines
06-12 15:02:05.373  1696  3019 I chatty  : uid=1000(system) PackageManager expire 13 lines
06-12 15:02:09.032  1696  5006 I chatty  : uid=1000(system) Binder:1696_B expire 11 lines
06-12 15:02:09.071  1696  5000 I chatty  : uid=1000(system) Binder:1696_A expire 15 lines
06-12 15:02:09.196  1696 28412 I chatty  : uid=1000(system) Binder:1696_17 expire 16 lines
06-12 15:02:09.229  1696  1754 I chatty  : uid=1000(system) Binder:1696_2 expire 20 lines
06-12 15:02:20.354  1696 28410 I chatty  : uid=1000(system) Binder:1696_16 expire 12 lines
06-12 15:02:20.361  1696  1896 I chatty  : uid=1000(system) ActivityManager expire 13 lines
06-12 15:02:20.519  1696  2789 I chatty  : uid=1000(system) android.display expire 17 lines
06-12 15:02:20.602   555   755 I chatty  : uid=1000(system) EventThread expire 11 lines
06-12 15:02:25.060  1696  7385 I chatty  : uid=1000(system) Binder:1696_10 expire 15 lines
06-12 15:02:25.175  1696  1753 I chatty  : uid=1000(system) Binder:1696_1 expire 10 lines
06-12 15:02:27.116  1696 28414 I chatty  : uid=1000(system) Binder:1696_19 expire 10 lines
06-12 15:03:02.213  1696  4083 I chatty  : uid=1000(system) UEventObserver expire 21 lines
06-12 15:05:57.814  1696  1696 I chatty  : uid=1000 system_server expire 20 lines
06-12 15:05:58.721  4224  4224 V KeyguardStatusView: refresh statusview showing:true
06-12 15:05:58.742  4224  4224 V KeyguardDisplayManager: show
06-12 15:06:05.133 29843 29843 W ContextImpl: Calling a method in the system process without a qualified user: android.app.ContextImpl.startService:1385 android.content.ContextWrapper.startService:613 android.content.ContextWrapper.startService:613 com.android.keychain.KeyChainBroadcastReceiver.onReceive:12 android.app.ActivityThread.handleReceiver:3032 
06-12 15:06:07.583  1696  8171 I chatty  : uid=1000(system) Binder:1696_20 expire 12 lines
06-12 15:06:07.604  1696  4737 I chatty  : uid=1000(system) Binder:1696_9 expire 20 lines
06-12 15:06:35.645  4224  4224 V KeyguardDisplayManager: hide
06-12 15:06:35.708   555   755 I chatty  : uid=1000(system) EventThread expire 13 lines
06-12 15:06:35.762  1696  5152 I chatty  : uid=1000(system) Binder:1696_D expire 13 lines
06-12 15:06:36.261  1696 32286 I chatty  : uid=1000(system) Binder:1696_1A expire 13 lines
06-12 15:06:52.305   555   555 I chatty  : uid=1000(system) /system/bin/surfaceflinger expire 16 lines
06-12 15:06:52.309  1696  2789 I chatty  : uid=1000(system) android.display expire 23 lines
06-12 15:07:04.126 30377 30377 D ActivityThread: Loading provider com.whatsapp.provider.contact: com.whatsapp.contact.ContactProvider
06-12 15:07:04.366  1696 13348 I chatty  : uid=1000(system) Binder:1696_13 expire 24 lines
06-12 15:07:04.394  1696  4257 I chatty  : uid=1000(system) Binder:1696_4 expire 29 lines
06-12 15:07:04.465  1696  4386 I chatty  : uid=1000(system) Binder:1696_5 expire 25 lines
06-12 15:07:04.695  1696  7389 I chatty  : uid=1000(system) Binder:1696_11 expire 11 lines
06-12 15:07:14.124 30638 30638 W ContextImpl: Calling a method in the system process without a qualified user: android.app.ContextImpl.startService:1385 android.content.ContextWrapper.startService:613 android.content.ContextWrapper.startService:613 com.android.keychain.KeyChainBroadcastReceiver.onReceive:12 android.app.ActivityThread.handleReceiver:3032 
06-12 15:07:14.850  1696  4709 I chatty  : uid=1000(system) Binder:1696_7 expire 13 lines
06-12 15:07:15.090  1696 25784 I chatty  : uid=1000(system) Binder:1696_1C expire 33 lines
06-12 15:07:15.248  1696 27773 I chatty  : uid=1000(system) Binder:1696_15 expire 10 lines
06-12 15:07:38.721  1696 31245 I chatty  : uid=1000(system) Binder:1696_1F expire 14 lines
06-12 15:09:41.580  1696 28413 I chatty  : uid=1000(system) Binder:1696_18 expire 10 lines
06-12 15:09:41.923  1696 28414 I chatty  : uid=1000(system) Binder:1696_19 expire 11 lines
06-12 15:09:41.946  1696  1896 I chatty  : uid=1000(system) ActivityManager expire 24 lines
06-12 15:09:43.026  1696  2788 I chatty  : uid=1000(system) android.io expire 4 lines
06-12 15:09:45.096  1696  7379 I chatty  : uid=1000(system) Binder:1696_F expire 21 lines
06-12 15:09:45.150  1696  6380 I chatty  : uid=1000(system) Binder:1696_E expire 16 lines
06-12 15:09:45.170  1696  4114 I chatty  : uid=1000(system) ConnectivitySer expire 10 lines
06-12 15:10:10.443  1696  7449 I chatty  : uid=1000(system) Binder:1696_12 expire 13 lines
06-12 15:10:20.604  1696  4736 I chatty  : uid=1000(system) Binder:1696_8 expire 19 lines
06-12 15:10:21.977  1696  3019 I chatty  : uid=1000(system) PackageManager expire 5 lines
06-12 15:10:24.839 31567 31567 W ContextImpl: Calling a method in the system process without a qualified user: android.app.ContextImpl.startService:1385 android.content.ContextWrapper.startService:613 android.content.ContextWrapper.startService:613 com.android.keychain.KeyChainBroadcastReceiver.onReceive:12 android.app.ActivityThread.handleReceiver:3032 
06-12 15:10:29.497  1696  1906 I chatty  : uid=1000(system) ActivityManager expire 2 lines
06-12 15:10:29.904  1696  2789 I chatty  : uid=1000(system) android.display expire 23 lines
06-12 15:13:04.048  4224  4224 V DeadZone: consuming errant click: (282.0,11.0)
06-12 15:13:44.692  1696  1930 I chatty  : uid=1000(system) batterystats-sy expire 11 lines
06-12 15:13:46.154  1696  2805 I chatty  : uid=1000(system) PowerManagerSer expire 10 lines
06-12 15:13:46.707  4224  4224 V KeyguardStatusView: refresh statusview showing:true
06-12 15:13:46.717  4224  4224 V KeyguardDisplayManager: show
06-12 15:15:14.970 32539 32556 D ActivityThread: Loading provider com.google.android.gmail.provider;com.android.mail.notifier;com.google.android.gm.email.provider;com.google.android.gm.tasks.provider;com.google.android.gm.email.notifier: com.android.email.provider.EmailProvider
06-12 15:15:38.480   627  1224 E NetlinkListener: recvmsg failed (No buffer space available)
06-12 15:15:38.480   920  1335 E NetlinkListener: recvmsg failed (No buffer space available)
06-12 15:17:40.218   555   555 I chatty  : uid=1000(system) /system/bin/surfaceflinger expire 16 lines
06-12 15:17:41.703  4224  4224 V KeyguardDisplayManager: hide
06-12 15:17:43.503   438   438 D ActivityThread: Loading provider com.whatsapp.provider.contact: com.whatsapp.contact.ContactProvider
06-12 15:17:43.525  1696  1896 I chatty  : uid=1000(system) ActivityManager expire 19 lines
06-12 15:17:44.945   555   755 I chatty  : uid=1000(system) EventThread expire 16 lines
06-12 15:17:55.695  1696  4257 I chatty  : uid=1000(system) Binder:1696_4 expire 14 lines
06-12 15:17:57.974   774   774 D ActivityThread: Loading provider com.whatsapp.provider.contact: com.whatsapp.contact.ContactProvider
06-12 15:18:02.607  1696 28412 I chatty  : uid=1000(system) Binder:1696_17 expire 32 lines
06-12 15:18:02.937   555   555 I chatty  : uid=1000(system) /system/bin/surfaceflinger expire 40 lines
06-12 15:18:05.248  1696  4083 I chatty  : uid=1000(system) UEventObserver expire 12 lines
06-12 15:18:44.233  1696  6390 I chatty  : uid=1000(system) Binder:1696_1E expire 16 lines
06-12 15:18:47.001  4224  4224 V KeyguardStatusView: refresh statusview showing:true
06-12 15:18:47.010  4224  4224 V KeyguardDisplayManager: show
06-12 15:18:53.930  1696  2789 I chatty  : uid=1000(system) android.display expire 15 lines
06-12 15:18:54.374  1696 32286 I chatty  : uid=1000(system) Binder:1696_1A expire 19 lines
06-12 15:18:54.487  4224  4224 V KeyguardDisplayManager: hide
06-12 15:18:54.564  1696  1696 I chatty  : uid=1000 system_server expire 15 lines
06-12 15:18:54.920   555   555 I chatty  : uid=1000(system) /system/bin/surfaceflinger expire 16 lines
06-12 15:18:55.675   555   755 I chatty  : uid=1000(system) EventThread expire 21 lines
06-12 15:18:57.989  1696  2805 I chatty  : uid=1000(system) PowerManagerSer expire 21 lines
06-12 15:18:58.216  1696  4737 I chatty  : uid=1000(system) Binder:1696_9 expire 14 lines
06-12 15:18:58.456  4224  4224 V KeyguardStatusView: refresh statusview showing:true
06-12 15:18:58.473  4224  4224 V KeyguardDisplayManager: show
06-12 15:18:58.488  1696 13348 I chatty  : uid=1000(system) Binder:1696_13 expire 18 lines
06-12 15:19:00.198   626  2348 W SocketClient: write error (Broken pipe)
06-12 15:19:00.198   626  2348 W SocketClient: Unable to send msg '600 Iface linkstate wlan0 down'
06-12 15:19:00.198   626  2348 W SocketListener: Error sending broadcast (Broken pipe)
06-12 15:19:00.217   626  2348 W SocketClient: write error (Broken pipe)
06-12 15:19:00.217   626  2348 W SocketClient: Unable to send msg '600 Iface linkstate p2p0 down'
06-12 15:19:00.217   626  2348 W SocketListener: Error sending broadcast (Broken pipe)
06-12 15:19:00.761  1696  1930 I chatty  : uid=1000(system) batterystats-sy expire 11 lines
06-12 15:19:00.820  1903  1903 W ContextImpl: Calling a method in the system process without a qualified user: android.app.ContextImpl.startService:1385 android.content.ContextWrapper.startService:613 android.content.ContextWrapper.startService:613 com.android.settings.TetherService.cancelRecheckAlarmIfNecessary:266 com.android.settings.HotspotOffReceiver.onReceive:29 
06-12 15:19:00.874  1903  1903 W ContextImpl: Calling a method in the system process without a qualified user: android.app.ContextImpl.startService:1385 android.content.ContextWrapper.startService:613 android.content.ContextWrapper.startService:613 com.android.settings.TetherService.cancelRecheckAlarmIfNecessary:266 com.android.settings.HotspotOffReceiver.onReceive:29 
06-12 15:19:05.398  1696   770 I chatty  : uid=1000(system) Binder:1696_1D expire 15 lines
06-12 15:20:29.074  1696  7449 I chatty  : uid=1000(system) Binder:1696_12 expire 14 lines
06-12 15:21:10.235  4224  4224 V KeyguardDisplayManager: hide
06-12 15:21:10.253  1696 28413 I chatty  : uid=1000(system) Binder:1696_18 expire 10 lines
06-12 15:21:14.642  1696  1896 I chatty  : uid=1000(system) ActivityManager expire 24 lines
06-12 15:21:17.078  1696  5131 I chatty  : uid=1000(system) Binder:1696_C expire 11 lines
06-12 15:21:20.361  1696  7385 I chatty  : uid=1000(system) Binder:1696_10 expire 10 lines
06-12 15:21:21.115   555   555 I chatty  : uid=1000(system) /system/bin/surfaceflinger expire 18 lines
06-12 15:21:21.286  1696  1696 I chatty  : uid=1000 system_server expire 11 lines
06-12 15:21:21.328  4224  4224 V KeyguardStatusView: refresh statusview showing:true
06-12 15:21:21.335  4224  4224 V KeyguardDisplayManager: show
06-12 15:21:21.515  2505  2505 D ActivityThread: Loading provider com.whatsapp.provider.contact: com.whatsapp.contact.ContactProvider
06-12 15:21:21.774  1696  5000 I chatty  : uid=1000(system) Binder:1696_A expire 17 lines
06-12 15:21:21.845  1696 28410 I chatty  : uid=1000(system) Binder:1696_16 expire 10 lines
06-12 15:21:23.547  1696 28414 I chatty  : uid=1000(system) Binder:1696_19 expire 13 lines
06-12 15:21:28.871  1696  2789 I chatty  : uid=1000(system) android.display expire 16 lines
06-12 15:24:42.361  1696  7389 I chatty  : uid=1000(system) Binder:1696_11 expire 10 lines
06-12 15:25:13.111  1696  1886 I chatty  : uid=1000(system) android.bg expire 11 lines
06-12 15:26:19.378  4354  4354 W ContextImpl: Calling a method in the system process without a qualified user: android.app.ContextImpl.sendBroadcast:920 android.content.ContextWrapper.sendBroadcast:426 com.motorola.blur.service.blur.BSUtils.sendBroadcast:158 com.motorola.blur.service.blur.BSUtils.sendBroadcast:154 com.motorola.ccc.plm.pollingmanager.PollingManagerService$MyConnectivityReceiver.sendConnectivityIntent:596 
06-12 15:26:33.023  1696  1696 I chatty  : uid=1000 system_server expire 15 lines
06-12 15:26:33.552  1696  1753 I chatty  : uid=1000(system) Binder:1696_1 expire 13 lines
06-12 15:28:25.799   920  1335 E NetlinkListener: recvmsg failed (No buffer space available)
06-12 15:28:27.183   627  1224 E NetlinkListener: recvmsg failed (No buffer space available)
06-12 15:31:19.652  4354  4354 W ContextImpl: Calling a method in the system process without a qualified user: android.app.ContextImpl.sendBroadcast:920 android.content.ContextWrapper.sendBroadcast:426 com.motorola.blur.service.blur.BSUtils.sendBroadcast:158 com.motorola.blur.service.blur.BSUtils.sendBroadcast:154 com.motorola.ccc.plm.pollingmanager.PollingManagerService$MyConnectivityReceiver.sendConnectivityIntent:596 
06-12 15:31:23.701  1696  1896 I chatty  : uid=1000(system) ActivityManager expire 34 lines
06-12 15:31:25.194  4354  4354 W ContextImpl: Calling a method in the system process without a qualified user: android.app.ContextImpl.sendBroadcast:920 android.content.ContextWrapper.sendBroadcast:426 com.motorola.blur.service.blur.BSUtils.sendBroadcast:158 com.motorola.blur.service.blur.BSUtils.sendBroadcast:154 com.motorola.ccc.plm.pollingmanager.PollingManagerService$MyConnectivityReceiver.sendConnectivityIntent:596 
06-12 15:31:30.409  1696 27772 I chatty  : uid=1000(system) Binder:1696_14 expire 12 lines
06-12 15:31:30.410  1696  6380 I chatty  : uid=1000(system) Binder:1696_E expire 11 lines
06-12 15:32:25.985  4731  4731 W ContextImpl: Calling a method in the system process without a qualified user: android.app.ContextImpl.sendBroadcast:905 android.content.ContextWrapper.sendBroadcast:421 com.motorola.bach.modemstats.MSimPhoneStateListener.setVoiceCallActive:308 com.motorola.bach.modemstats.MSimPhoneStateListener.onCallStateChanged:280 android.telephony.PhoneStateListener$1.handleMessage:298 
06-12 15:32:26.047  1696  3172 I chatty  : uid=1000 system_server expire 1 line
06-12 15:32:26.097  1696  1696 I chatty  : uid=1000 system_server expire 18 lines
06-12 15:32:26.202  1696  3188 I chatty  : uid=1000 system_server expire 3 lines
06-12 15:32:26.623  1696  4708 I chatty  : uid=1000(system) Binder:1696_6 expire 11 lines
06-12 15:32:26.624  1696  2787 I chatty  : uid=1000(system) android.fg expire 10 lines
06-12 15:32:26.692  1696  8171 I chatty  : uid=1000(system) Binder:1696_20 expire 15 lines
06-12 15:32:27.454  1696  2789 I chatty  : uid=1000(system) android.display expire 14 lines
06-12 15:32:28.066   555   555 I chatty  : uid=1000(system) /system/bin/surfaceflinger expire 18 lines
06-12 15:32:28.206  1696  1886 I chatty  : uid=1000(system) android.bg expire 10 lines
06-12 15:32:28.316  4354  4354 W ContextImpl: Calling a method in the system process without a qualified user: android.app.ContextImpl.sendBroadcast:920 android.content.ContextWrapper.sendBroadcast:426 com.motorola.blur.service.blur.BSUtils.sendBroadcast:158 com.motorola.blur.service.blur.BSUtils.sendBroadcast:154 com.motorola.ccc.plm.pollingmanager.PollingManagerService$MyConnectivityReceiver.sendConnectivityIntent:596 
06-12 15:32:32.154  1696  4386 I chatty  : uid=1000(system) Binder:1696_5 expire 10 lines
06-12 15:32:32.457  1696  5000 I chatty  : uid=1000(system) Binder:1696_A expire 17 lines
06-12 15:32:33.471  1696  5006 I chatty  : uid=1000(system) Binder:1696_B expire 12 lines
06-12 15:32:48.139  1696  1896 I chatty  : uid=1000(system) ActivityManager expire 19 lines
06-12 15:33:29.710  4731  4731 W ContextImpl: Calling a method in the system process without a qualified user: android.app.ContextImpl.sendBroadcast:905 android.content.ContextWrapper.sendBroadcast:421 com.motorola.bach.modemstats.MSimPhoneStateListener.setVoiceCallActive:308 com.motorola.bach.modemstats.MSimPhoneStateListener.onCallStateChanged:291 android.telephony.PhoneStateListener$1.handleMessage:298 
06-12 15:33:29.744  1696  3538 I chatty  : uid=1000 system_server expire 1 line
06-12 15:33:29.747  1696  4424 I chatty  : uid=1000(system) uteStateMachine expire 18 lines
06-12 15:33:31.044   555   755 I chatty  : uid=1000(system) EventThread expire 11 lines
06-12 15:33:31.775  1696  1696 I chatty  : uid=1000 system_server expire 73 lines
06-12 15:33:31.799  1696  9351 I chatty  : uid=1000(system) Binder:1696_1B expire 12 lines
06-12 15:33:31.847  4224  4224 V KeyguardStatusView: refresh statusview showing:true
06-12 15:33:31.853  1696  4709 I chatty  : uid=1000(system) Binder:1696_7 expire 11 lines
06-12 15:33:33.568  1696  4089 I chatty  : uid=1000(system) InputReader expire 8 lines
06-12 15:33:34.354  1696  4736 I chatty  : uid=1000(system) Binder:1696_8 expire 10 lines
06-12 15:33:39.309  1696  1896 I chatty  : uid=1000(system) ActivityManager expire 11 lines
06-12 15:34:42.094  1696 32286 I chatty  : uid=1000(system) Binder:1696_1A expire 10 lines
06-12 15:34:49.179  1696  2789 I chatty  : uid=1000(system) android.display expire 17 lines
06-12 15:34:58.124  4224  4224 D StatusBarKeyguardViewManager: requestUnlock collapse=true
06-12 15:34:58.142  1696  4104 I chatty  : uid=1000(system) Binder:1696_3 expire 13 lines
06-12 15:34:59.329  4224  4224 V DeadZone: consuming errant click: (286.0,7.0)
06-12 15:35:00.707  4224  4224 V DeadZone: consuming errant click: (233.0,16.0)
06-12 15:35:00.828  1696  1896 I chatty  : uid=1000(system) ActivityManager expire 23 lines
06-12 15:35:03.409  4224  4224 V DeadZone: consuming errant click: (115.0,47.0)
06-12 15:35:05.863  4224  4224 V DeadZone: consuming errant click: (272.0,46.0)
06-12 15:35:09.258   555   555 I chatty  : uid=1000(system) /system/bin/surfaceflinger expire 12 lines
06-12 15:35:09.886  1696  1696 I chatty  : uid=1000 system_server expire 55 lines
06-12 15:35:12.791  1696  5000 I chatty  : uid=1000(system) Binder:1696_A expire 11 lines
06-12 15:35:16.199   555   755 I chatty  : uid=1000(system) EventThread expire 17 lines
06-12 15:35:32.719  1696  2805 I chatty  : uid=1000(system) PowerManagerSer expire 15 lines
06-12 15:35:32.929  4224  4224 V KeyguardDisplayManager: hide
06-12 15:35:33.104  1696  7379 I chatty  : uid=1000(system) Binder:1696_F expire 14 lines
06-12 15:35:33.126  1696  1696 I chatty  : uid=1000 system_server expire 21 lines
06-12 15:35:34.597  4224  4224 V KeyguardStatusView: refresh statusview showing:true
06-12 15:35:34.612  4224  4224 V KeyguardDisplayManager: show
06-12 15:35:41.509  1696 28410 I chatty  : uid=1000(system) Binder:1696_16 expire 10 lines
06-12 15:35:41.572  1696 27772 I chatty  : uid=1000(system) Binder:1696_14 expire 18 lines
06-12 15:35:41.652  4224  4224 D StatusBarKeyguardViewManager: requestUnlock collapse=true
06-12 15:35:43.856  1696 28412 I chatty  : uid=1000(system) Binder:1696_17 expire 10 lines
06-12 15:35:44.764  4224  4224 V DeadZone: consuming errant click: (803.0,9.0)
06-12 15:36:03.757  4224  4224 D StatusBarKeyguardViewManager: requestUnlock collapse=true
06-12 15:36:03.854  1696  1696 I chatty  : uid=1000 system_server expire 143 lines
06-12 15:36:16.818  1696  6380 I chatty  : uid=1000(system) Binder:1696_E expire 10 lines
06-12 15:36:17.952   555   555 I chatty  : uid=1000(system) /system/bin/surfaceflinger expire 10 lines
06-12 15:36:19.848  1696  2789 I chatty  : uid=1000(system) android.display expire 10 lines
06-12 15:37:26.678  5437  5454 D ActivityThread: Loading provider com.google.android.gmail.provider;com.android.mail.notifier;com.google.android.gm.email.provider;com.google.android.gm.tasks.provider;com.google.android.gm.email.notifier: com.android.email.provider.EmailProvider
06-12 15:39:16.988  1696  1896 I chatty  : uid=1000(system) ActivityManager expire 12 lines
06-12 15:39:52.989  1696  1696 I chatty  : uid=1000 system_server expire 30 lines
06-12 15:39:53.611   555   755 I chatty  : uid=1000(system) EventThread expire 19 lines
06-12 15:39:55.354   555   555 I chatty  : uid=1000(system) /system/bin/surfaceflinger expire 18 lines
06-12 15:39:55.501  1696  2805 I chatty  : uid=1000(system) PowerManagerSer expire 10 lines
06-12 15:39:55.515  1696  2787 I chatty  : uid=1000(system) android.fg expire 10 lines
06-12 15:39:55.704  4224  4224 V KeyguardDisplayManager: hide
06-12 15:40:02.433  4224  4224 V KeyguardStatusView: refresh statusview showing:true
06-12 15:40:02.441  4224  4224 V KeyguardDisplayManager: show
06-12 15:43:40.210  4731  4731 W ContextImpl: Calling a method in the system process without a qualified user: android.app.ContextImpl.sendBroadcast:905 android.content.ContextWrapper.sendBroadcast:421 com.motorola.bach.modemstats.MSimPhoneStateListener.setVoiceCallActive:308 com.motorola.bach.modemstats.MSimPhoneStateListener.onCallStateChanged:280 android.telephony.PhoneStateListener$1.handleMessage:298 
06-12 15:43:40.249  1696  4428 I chatty  : uid=1000(system) AsyncQueryWorke expire 2 lines
06-12 15:43:40.257  1696  1696 I chatty  : uid=1000 system_server expire 23 lines
06-12 15:43:40.284  1696  6033 I chatty  : uid=1000 system_server expire 1 line
06-12 15:43:40.477  1696  1896 I chatty  : uid=1000(system) ActivityManager expire 17 lines
06-12 15:43:40.605  1696  4426 I chatty  : uid=1000(system) CallAudioModeSt expire 11 lines
06-12 15:43:40.638  1696  6063 I chatty  : uid=1000 system_server expire 3 lines
06-12 15:43:41.616  1696  2789 I chatty  : uid=1000(system) android.display expire 19 lines
06-12 15:43:51.391  4224  4224 V DeadZone: consuming errant click: (1019.0,61.0)
06-12 15:43:56.631  1696  1896 I chatty  : uid=1000(system) ActivityManager expire 21 lines
06-12 15:43:56.837  1696  4424 I chatty  : uid=1000(system) uteStateMachine expire 10 lines
06-12 15:43:57.581  1696  1696 I chatty  : uid=1000 system_server expire 11 lines
06-12 15:44:43.128  1696  4083 I chatty  : uid=1000(system) UEventObserver expire 10 lines
06-12 15:45:08.750  4731  4731 W ContextImpl: Calling a method in the system process without a qualified user: android.app.ContextImpl.sendBroadcast:905 android.content.ContextWrapper.sendBroadcast:421 com.motorola.bach.modemstats.MSimPhoneStateListener.setVoiceCallActive:308 com.motorola.bach.modemstats.MSimPhoneStateListener.onCallStateChanged:291 android.telephony.PhoneStateListener$1.handleMessage:298 
06-12 15:45:08.799  1696  6361 I chatty  : uid=1000 system_server expire 1 line
06-12 15:45:08.869  1696 13348 I chatty  : uid=1000(system) Binder:1696_13 expire 11 lines
06-12 15:45:08.869  1696  1896 I chatty  : uid=1000(system) ActivityManager expire 24 lines
06-12 15:45:09.287  1696  4708 I chatty  : uid=1000(system) Binder:1696_6 expire 13 lines
06-12 15:45:09.295  1696  4426 I chatty  : uid=1000(system) CallAudioModeSt expire 6 lines
06-12 15:45:09.858  1696  2805 I chatty  : uid=1000(system) PowerManagerSer expire 19 lines
06-12 15:45:10.893  1696  5131 I chatty  : uid=1000(system) Binder:1696_C expire 10 lines
06-12 15:45:10.894  4224  4224 V KeyguardStatusView: refresh statusview showing:true
06-12 15:45:10.956  1696 28412 I chatty  : uid=1000(system) Binder:1696_17 expire 13 lines
06-12 15:46:37.681  1696 27772 I chatty  : uid=1000(system) Binder:1696_14 expire 18 lines
06-12 15:47:53.995  1696  4257 I chatty  : uid=1000(system) Binder:1696_4 expire 13 lines
06-12 15:48:12.831  1696  2789 I chatty  : uid=1000(system) android.display expire 19 lines
06-12 15:48:13.033   555   755 I chatty  : uid=1000(system) EventThread expire 11 lines
06-12 15:48:13.191  1696  1696 I chatty  : uid=1000 system_server expire 11 lines
06-12 15:48:13.250  1696 28410 I chatty  : uid=1000(system) Binder:1696_16 expire 12 lines
06-12 15:48:13.295  1696  7389 I chatty  : uid=1000(system) Binder:1696_11 expire 10 lines
06-12 15:48:13.531  4224  4224 V KeyguardDisplayManager: hide
06-12 15:48:13.570   555   555 I chatty  : uid=1000(system) /system/bin/surfaceflinger expire 20 lines
06-12 15:48:13.657  1696  1896 I chatty  : uid=1000(system) ActivityManager expire 12 lines
06-12 15:48:13.745  1696  6390 I chatty  : uid=1000(system) Binder:1696_1E expire 7 lines
06-12 15:48:14.105  1696  1754 I chatty  : uid=1000(system) Binder:1696_2 expire 17 lines
06-12 15:48:15.170  7053  7053 D ActivityThread: Loading provider com.whatsapp.provider.contact: com.whatsapp.contact.ContactProvider
06-12 15:48:15.552  1696  4386 I chatty  : uid=1000(system) Binder:1696_5 expire 13 lines
06-12 15:48:15.583  1696 27773 I chatty  : uid=1000(system) Binder:1696_15 expire 11 lines
06-12 15:48:15.622  1696 31245 I chatty  : uid=1000(system) Binder:1696_1F expire 11 lines
06-12 15:48:15.626  1696  7449 I chatty  : uid=1000(system) Binder:1696_12 expire 10 lines
06-12 15:48:23.186  1696  5000 I chatty  : uid=1000(system) Binder:1696_A expire 10 lines
06-12 15:48:24.868  1696  4088 I chatty  : uid=1000(system) InputDispatcher expire 5 lines
06-12 15:48:26.517  4224  4224 V KeyguardStatusView: refresh statusview showing:true
06-12 15:48:26.524  4224  4224 V KeyguardDisplayManager: show
06-12 15:48:26.971  1696  7449 I chatty  : uid=1000(system) Binder:1696_12 expire 15 lines
06-12 15:48:28.841  1696 25784 I chatty  : uid=1000(system) Binder:1696_1C expire 11 lines
06-12 15:50:54.781  7616  7639 D ActivityThread: Loading provider com.google.android.gmail.provider;com.android.mail.notifier;com.google.android.gm.email.provider;com.google.android.gm.tasks.provider;com.google.android.gm.email.notifier: com.android.email.provider.EmailProvider
06-12 15:51:05.024  1696  1696 I chatty  : uid=1000 system_server expire 22 lines
06-12 15:51:36.051  1696  1896 I chatty  : uid=1000(system) ActivityManager expire 14 lines
06-12 15:52:47.762  1696  7385 I chatty  : uid=1000(system) Binder:1696_10 expire 14 lines
06-12 15:52:47.794  1696  4736 I chatty  : uid=1000(system) Binder:1696_8 expire 10 lines
06-12 15:53:35.054  1696  1886 I chatty  : uid=1000(system) android.bg expire 12 lines
06-12 15:53:49.715  4354  4354 W ContextImpl: Calling a method in the system process without a qualified user: android.app.ContextImpl.sendBroadcast:920 android.content.ContextWrapper.sendBroadcast:426 com.motorola.blur.service.blur.BSUtils.sendBroadcast:158 com.motorola.blur.service.blur.BSUtils.sendBroadcast:154 com.motorola.ccc.plm.pollingmanager.PollingManagerService$MyConnectivityReceiver.sendConnectivityIntent:596 
06-12 15:56:43.494  4224  4224 V KeyguardDisplayManager: hide
06-12 15:56:43.771  4354  4354 W ContextImpl: Calling a method in the system process without a qualified user: android.app.ContextImpl.sendBroadcast:920 android.content.ContextWrapper.sendBroadcast:426 com.motorola.blur.service.blur.BSUtils.sendBroadcast:158 com.motorola.blur.service.blur.BSUtils.sendBroadcast:154 com.motorola.ccc.plm.pollingmanager.PollingManagerService$MyConnectivityReceiver.sendConnectivityIntent:596 
06-12 15:56:45.398  4224  4224 V KeyguardStatusView: refresh statusview showing:true
06-12 15:56:45.407  4224  4224 V KeyguardDisplayManager: show
06-12 15:56:45.613  4224  4224 V KeyguardDisplayManager: hide
06-12 15:56:47.866  1696 13348 I chatty  : uid=1000(system) Binder:1696_13 expire 11 lines
06-12 15:56:48.381  1696  5152 I chatty  : uid=1000(system) Binder:1696_D expire 13 lines
06-12 15:56:49.113  1696  4104 I chatty  : uid=1000(system) Binder:1696_3 expire 11 lines
06-12 15:56:51.691  1696 31245 I chatty  : uid=1000(system) Binder:1696_1F expire 11 lines
06-12 15:56:53.261  4224  4224 V KeyguardStatusView: refresh statusview showing:true
06-12 15:56:53.269  4224  4224 V KeyguardDisplayManager: show
06-12 15:57:04.019  1696  1696 I chatty  : uid=1000 system_server expire 21 lines
06-12 15:57:07.583  1696  1896 I chatty  : uid=1000(system) ActivityManager expire 10 lines
06-12 15:57:32.092  1696  2789 I chatty  : uid=1000(system) android.display expire 11 lines
06-12 15:57:33.626   555   555 I chatty  : uid=1000(system) /system/bin/surfaceflinger expire 10 lines
06-12 15:57:39.394  1696  2805 I chatty  : uid=1000(system) PowerManagerSer expire 14 lines
06-12 15:57:39.428  1696  2787 I chatty  : uid=1000(system) android.fg expire 12 lines
06-12 15:57:39.505  1696 28414 I chatty  : uid=1000(system) Binder:1696_19 expire 13 lines
06-12 15:57:39.611  4224  4224 V KeyguardDisplayManager: hide
06-12 15:57:40.054  1696  1901 I chatty  : uid=1000(system) android.ui expire 3 lines
06-12 15:57:40.838  1696  7389 I chatty  : uid=1000(system) Binder:1696_11 expire 10 lines
06-12 15:57:40.937  4224  4224 V KeyguardStatusView: refresh statusview showing:true
06-12 15:57:40.946  4224  4224 V KeyguardDisplayManager: show
06-12 15:57:47.455   627  1224 E NetlinkListener: recvmsg failed (No buffer space available)
06-12 15:57:47.455   920  1335 E NetlinkListener: recvmsg failed (No buffer space available)
06-12 16:01:22.253  4224  4224 V KeyguardDisplayManager: hide
06-12 16:01:22.357  1696  1696 I chatty  : uid=1000 system_server expire 11 lines
06-12 16:01:39.694   555   755 I chatty  : uid=1000(system) EventThread expire 20 lines
06-12 16:01:42.625   555   555 I chatty  : uid=1000(system) /system/bin/surfaceflinger expire 22 lines
06-12 16:01:43.092  1696 27773 I chatty  : uid=1000(system) Binder:1696_15 expire 11 lines
06-12 16:01:47.411  1696  1930 I chatty  : uid=1000(system) batterystats-sy expire 12 lines
06-12 16:02:10.446  1696 28413 I chatty  : uid=1000(system) Binder:1696_18 expire 11 lines
06-12 16:02:10.573  1696  2789 I chatty  : uid=1000(system) android.display expire 10 lines
06-12 16:02:11.784  4224  4224 V KeyguardStatusView: refresh statusview showing:true
06-12 16:02:11.792  4224  4224 V KeyguardDisplayManager: show
06-12 16:02:20.588  1696  1896 I chatty  : uid=1000(system) ActivityManager expire 15 lines
06-12 16:04:03.827  1696 28412 I chatty  : uid=1000(system) Binder:1696_17 expire 10 lines
06-12 16:08:20.201  1696  4737 I chatty  : uid=1000(system) Binder:1696_9 expire 7 lines
06-12 16:09:33.388  4354  4354 W ContextImpl: Calling a method in the system process without a qualified user: android.app.ContextImpl.sendBroadcast:920 android.content.ContextWrapper.sendBroadcast:426 com.motorola.blur.service.blur.BSUtils.sendBroadcast:158 com.motorola.blur.service.blur.BSUtils.sendBroadcast:154 com.motorola.ccc.plm.pollingmanager.PollingManagerService$MyConnectivityReceiver.sendConnectivityIntent:596 
06-12 16:09:36.286 10032 10032 D ActivityThread: Loading provider com.whatsapp.provider.contact: com.whatsapp.contact.ContactProvider
06-12 16:09:36.514  1696  8171 I chatty  : uid=1000(system) Binder:1696_20 expire 10 lines
06-12 16:09:59.021  1696  1696 I chatty  : uid=1000 system_server expire 16 lines
06-12 16:12:47.836   555   555 I chatty  : uid=1000(system) /system/bin/surfaceflinger expire 10 lines
06-12 16:12:52.305  1696  4709 I chatty  : uid=1000(system) Binder:1696_7 expire 15 lines
06-12 16:12:56.553  1696  5006 I chatty  : uid=1000(system) Binder:1696_B expire 12 lines
06-12 16:13:47.259  4354  4354 W ContextImpl: Calling a method in the system process without a qualified user: android.app.ContextImpl.sendBroadcast:920 android.content.ContextWrapper.sendBroadcast:426 com.motorola.blur.service.blur.BSUtils.sendBroadcast:158 com.motorola.blur.service.blur.BSUtils.sendBroadcast:154 com.motorola.ccc.plm.pollingmanager.PollingManagerService$MyConnectivityReceiver.sendConnectivityIntent:596 
06-12 16:13:48.594  1696  2789 I chatty  : uid=1000(system) android.display expire 12 lines
06-12 16:13:50.479  1696   770 I chatty  : uid=1000(system) Binder:1696_1D expire 10 lines
06-12 16:13:50.494  1696  1754 I chatty  : uid=1000(system) Binder:1696_2 expire 13 lines
06-12 16:13:51.447  1696  5000 I chatty  : uid=1000(system) Binder:1696_A expire 11 lines
06-12 16:13:51.746  1696 31245 I chatty  : uid=1000(system) Binder:1696_1F expire 14 lines
06-12 16:13:51.898  1696  1896 I chatty  : uid=1000(system) ActivityManager expire 11 lines
06-12 16:16:50.592  1696  4083 I chatty  : uid=1000(system) UEventObserver expire 12 lines
06-12 16:17:24.985  1696  2805 I chatty  : uid=1000(system) PowerManagerSer expire 15 lines
06-12 16:17:25.029  1696  4104 I chatty  : uid=1000(system) Binder:1696_3 expire 15 lines
06-12 16:17:25.209  4224  4224 V KeyguardDisplayManager: hide
06-12 16:17:25.685  1696 28413 I chatty  : uid=1000(system) Binder:1696_18 expire 8 lines
06-12 16:17:26.814  1696 27772 I chatty  : uid=1000(system) Binder:1696_14 expire 12 lines
06-12 16:17:28.195  1696  4708 I chatty  : uid=1000(system) Binder:1696_6 expire 10 lines
06-12 16:17:28.247   555   555 I chatty  : uid=1000(system) /system/bin/surfaceflinger expire 674 lines
06-12 16:17:30.781   555   755 I chatty  : uid=1000(system) EventThread expire 97 lines
06-12 16:17:35.256  1696 28410 I chatty  : uid=1000(system) Binder:1696_16 expire 10 lines
06-12 16:19:51.076  1696 32286 I chatty  : uid=1000(system) Binder:1696_1A expire 10 lines
06-12 16:22:19.145  1696  2789 I chatty  : uid=1000(system) android.display expire 12 lines
06-12 16:22:51.566  1696  1896 I chatty  : uid=1000(system) ActivityManager expire 10 lines
06-12 16:22:51.568  1696  1930 I chatty  : uid=1000(system) batterystats-sy expire 12 lines
06-12 16:23:18.178  1696  4386 I chatty  : uid=1000(system) Binder:1696_5 expire 11 lines
06-12 16:23:20.080  1696 25784 I chatty  : uid=1000(system) Binder:1696_1C expire 10 lines
06-12 16:23:20.082  1696  4114 I chatty  : uid=1000(system) ConnectivitySer expire 3 lines
06-12 16:23:24.986 11936 11936 D ActivityThread: Loading provider com.whatsapp.provider.contact: com.whatsapp.contact.ContactProvider
06-12 16:23:25.227  1696  9351 I chatty  : uid=1000(system) Binder:1696_1B expire 10 lines
06-12 16:23:26.319  1696  6380 I chatty  : uid=1000(system) Binder:1696_E expire 6 lines
06-12 16:23:31.545   555   755 I chatty  : uid=1000(system) EventThread expire 44 lines
06-12 16:23:31.563   555   555 I chatty  : uid=1000(system) /system/bin/surfaceflinger expire 86 lines
06-12 16:23:51.713  1696  7449 I chatty  : uid=1000(system) Binder:1696_12 expire 7 lines
06-12 16:26:41.794  1696  1696 I chatty  : uid=1000 system_server expire 12 lines
06-12 16:26:42.660  4224  4224 V KeyguardStatusView: refresh statusview showing:true
06-12 16:26:42.666  4224  4224 V KeyguardDisplayManager: show
06-12 16:27:07.241  1696  2789 I chatty  : uid=1000(system) android.display expire 11 lines
06-12 16:27:07.461   555   755 I chatty  : uid=1000(system) EventThread expire 4 lines
06-12 16:27:09.638  1696  1896 I chatty  : uid=1000(system) ActivityManager expire 10 lines
06-12 16:27:11.604   555   555 I chatty  : uid=1000(system) /system/bin/surfaceflinger expire 4 lines
06-12 16:27:38.730   555   755 I chatty  : uid=1000(system) EventThread expire 4 lines
06-12 16:27:42.891   555   555 I chatty  : uid=1000(system) /system/bin/surfaceflinger expire 8 lines
06-12 16:27:43.678  1696  5131 I chatty  : uid=1000(system) Binder:1696_C expire 12 lines
06-12 16:27:43.821  4224  4224 V KeyguardDisplayManager: hide
06-12 16:27:43.975  1696 13348 I chatty  : uid=1000(system) Binder:1696_13 expire 11 lines
06-12 16:27:44.496  1696  8171 I chatty  : uid=1000(system) Binder:1696_20 expire 10 lines
06-12 16:27:52.796  1696  4103 I chatty  : uid=1000(system) WifiStateMachin expire 5 lines
06-12 16:28:02.176  1696  4083 I chatty  : uid=1000(system) UEventObserver expire 12 lines
06-12 16:28:05.232  4224  4224 V KeyguardStatusView: refresh statusview showing:true
06-12 16:28:05.246  4224  4224 V KeyguardDisplayManager: show
06-12 16:28:07.413  1696 25784 I chatty  : uid=1000(system) Binder:1696_1C expire 10 lines
06-12 16:28:11.493  1696  7379 I chatty  : uid=1000(system) Binder:1696_F expire 2 lines
06-12 16:28:11.535   555   755 I chatty  : uid=1000(system) EventThread expire 3 lines
06-12 16:28:11.575  1696  5006 I chatty  : uid=1000(system) Binder:1696_B expire 4 lines
06-12 16:28:14.016  1696 31245 I chatty  : uid=1000(system) Binder:1696_1F expire 7 lines
