06-12 17:52:31.814   555   555 I SFPerfTracer:      triggers: (rate: 3863:248705) (compose: 83:4117) (post: 0:12) (render: 6:3269) (11:958312 frames) (12:1030796)
06-12 17:52:31.814   555   555 D SFPerfTracer:        layers: (5:10) (DimLayerController/Stack=0 (0xa3f8e400): 0:2642)* (StatusBar (0xa5c88000): 12:205902) (com.android.systemui.ImageWallpaper (0xa5c8a800): 12:115000)* (Sprite (0xa3f8f800): 0:27)* ( (0xa3f8d000): 12:2498) (DockedStackDim (0xa5c89400): 0:18)* (animation background stackId=1 (0xa456a000): 0:15) (NavigationBar (0xa3f8bc00): 12:114) (com.lenovo.FileBrowser2/com.lenovo.FileBrowser.activities.FileBrowserMain (0xa456b400): 12:50) (Starting com.whatsapp (0xa3f90c00): 12:17)* 
06-12 17:52:31.896  4224  4224 D PhoneStatusBar: disable: < expand icons* alerts system_info* back home recent clock search quick_settings >
06-12 17:52:31.907 30710 31341 I Adreno  : QUALCOMM build                   : 7d18700, I8ee426a9a2
06-12 17:52:31.907 30710 31341 I Adreno  : Build Date                       : 10/07/16
06-12 17:52:31.907 30710 31341 I Adreno  : OpenGL ES Shader Compiler Version: XE031.09.00.03
06-12 17:52:31.907 30710 31341 I Adreno  : Local Branch                     : mybranch22308589
06-12 17:52:31.907 30710 31341 I Adreno  : Remote Branch                    : quic/LA.BR.1.3.6_rb1.6
06-12 17:52:31.907 30710 31341 I Adreno  : Remote Branch                    : NONE
06-12 17:52:31.907 30710 31341 I Adreno  : Reconstruct Branch               : NOTHING
06-12 17:52:31.916 30710 31341 I OpenGLRenderer: Initialized EGL, version 1.4
06-12 17:52:31.916 30710 31341 D OpenGLRenderer: Swap behavior 1
06-12 17:52:32.031 30710 30715 I art     : Method exceeds compiler instruction limit: 28542 in int a.a.a.a.d.a(com.whatsapp.f.a)
06-12 17:52:32.211  1696  2789 I LaunchCheckinHandler: Displayed com.whatsapp/.Conversation,wp,ca,783
06-12 17:52:32.211  1696  2789 I chatty  : uid=1000(system) android.display expire 2 lines
06-12 17:52:32.279  1696  4104 I WindowManager: Destroying surface Surface(name=com.lenovo.FileBrowser2/com.lenovo.FileBrowser.activities.FileBrowserMain) called by com.android.server.wm.WindowStateAnimator.destroySurface:2067 com.android.server.wm.WindowStateAnimator.destroySurfaceLocked:896 com.android.server.wm.WindowState.destroyOrSaveSurface:2094 com.android.server.wm.AppWindowToken.destroySurfaces:363 com.android.server.wm.AppWindowToken.notifyAppStopped:389 com.android.server.wm.WindowManagerService.notifyAppStopped:4517 com.android.server.am.ActivityStack.activityStoppedLocked:1267 com.android.server.am.ActivityManagerService.activityStopped:7172 
06-12 17:52:32.383  4638  7478 V ConnectivityManager: isActiveNetworkMetered() returns:true
06-12 17:52:32.398 14561 14561 I chatty  : uid=10131 com.jio.myjio:remote expire 324 lines
06-12 17:52:32.401  1177 11414 E ContentStoreEUAS: Failed to commit the deferred actions
06-12 17:52:32.412  1696  2789 I WindowManager: Destroying surface Surface(name=Starting com.whatsapp) called by com.android.server.wm.WindowStateAnimator.destroySurface:2067 com.android.server.wm.WindowStateAnimator.destroySurfaceLocked:896 com.android.server.wm.WindowState.destroyOrSaveSurface:2094 com.android.server.wm.AppWindowToken.destroySurfaces:363 com.android.server.wm.WindowStateAnimator.finishExit:575 com.android.server.wm.WindowStateAnimator.stepAnimationLocked:501 com.android.server.wm.WindowAnimator.updateWindowsLocked:303 com.android.server.wm.WindowAnimator.animateLocked:704 
06-12 17:52:32.532  1177 30509 V ConnectivityManager: isActiveNetworkMetered() returns:true
06-12 17:52:32.540   628   628 I cnss-daemon: RTM_NEWROUTE Indication
06-12 17:52:32.540   628   628 I cnss-daemon: ip type is ipv6
06-12 17:52:32.542   628   628 I cnss-daemon: RTM_NEWROUTE Indication
06-12 17:52:32.542   628   628 I cnss-daemon: ip type is ipv6
06-12 17:52:32.636 28375 28375 I art     : Starting a blocking GC Explicit
06-12 17:52:32.666 28375 28375 I art     : Explicit concurrent mark sweep GC freed 8(232B) AllocSpace objects, 0(0B) LOS objects, 40% free, 23MB/38MB, paused 996us total 30.020ms
06-12 17:52:32.936 28375 28375 I eLock   : pkgname_before:com.lenovo.FileBrowser2  class:com.whatsapp  isFingerActivityCreated:false   isCalling:false
06-12 17:52:32.986  4664  8243 I QtiTetherService: limitReached Alert received limitName: globalAlert on Interface: rmnet_data0
06-12 17:52:33.000   626  2691 I QtiConnectivityAdapter: getV6TetherStats(tether= upstream=)
06-12 17:52:33.000   626  2691 V ConnectivityController:   getTetherStats  iptOutput6  /system/bin/ip6tables -nvx -L natctrl_tether_counters 
06-12 17:52:33.029   626  2691 V ConnectivityController: parse res=0 iface0=<> iface1=<> pkts=0 bytes=0 rest=<>orig line=<Chain natctrl_tether_counters (2 references)
06-12 17:52:33.029   626  2691 V ConnectivityController: >
06-12 17:52:33.029   626  2691 V ConnectivityController: parse res=0 iface0=<> iface1=<> pkts=0 bytes=0 rest=<>orig line=<    pkts      bytes target     prot opt in     out     source               destination         
06-12 17:52:33.029   626  2691 V ConnectivityController: >
06-12 17:52:33.029   626  2691 V ConnectivityController: parse res=5 iface0=<bridge0> iface1=<rmnet_data0> pkts=17299 bytes=2952634 rest=</0>orig line=<   17299  2952634 RETURN     all      bridge0 rmnet_data0  ::/0                 ::/0                 counter bridge0_rmnet_: 0 bytes 
06-12 17:52:33.029   626  2691 V ConnectivityController: >
06-12 17:52:33.029   626  2691 V ConnectivityController: 0Filter RX iface_in=bridge0 iface_out=rmnet_data0 rx_bytes=2952634 rx_packets=17299 
06-12 17:52:33.029   626  2691 V ConnectivityController: parse res=5 iface0=<rmnet_data0> iface1=<bridge0> pkts=23246 bytes=22938132 rest=</0>orig line=<   23246 22938132 RETURN     all      rmnet_data0 bridge0  ::/0                 ::/0                 counter rmnet_data0_br: 0 bytes 
06-12 17:52:33.029   626  2691 V ConnectivityController: >
06-12 17:52:33.029   626  2691 V ConnectivityController: 0Filter TX iface_in=rmnet_data0 iface_out=bridge0 rx_bytes=22938132 rx_packets=23246 
06-12 17:52:33.029   626  2691 D ConnectivityController: rx_bytes=2952634 tx_bytes=22938132 pair=0
06-12 17:52:33.030   626  2691 V ConnectivityController:   ipv6 : 0 
06-12 17:52:33.078  4664  4677 D QtiTetherService/IpaWrapper: getStats(false)
06-12 17:52:33.078  4664  4677 I QtiTetherService/IpaWrapper: getTetherStats(tether=wlan0 upstream=rmnet_data0)
06-12 17:52:33.078  4664  4677 I libQtiTether: getTetherStats called for upstream=rmnet_data0 tethered=wlan0
06-12 17:52:33.078  4664  4677 I libQtiTether: getTetherStats(upstream=rmnet_data0 tether=wlan0)
06-12 17:52:33.078  4664  4677 D QtiTetherService/TetherStatistics: fromString(upstream=rmnet_data0 tether=wlan0 v4RxBytes=0 v4RxPackets=0 v4TxBytes=0 v4TxPackets=0 v6RxBytes=0 v6RxPackets=0 v6TxBytes=0 v6TxPackets=0 errno=0)
06-12 17:52:33.079  4664  4677 I QtiTetherService/IpaWrapper: upstream=rmnet_data0 tethered=wlan0 v4RxBytes=0 bytes v4RxPackets=0 v4TxBytes=0 bytes v4TxPackets=0 v6RxBytes=0 bytes v6RxPackets=0 v6TxBytes=0 bytes v6TxPackets=0 error=null
06-12 17:52:33.198   555   755 I SFPerfTracer:      triggers: (rate: 18:354) (247154 sw vsyncs) (0 skipped) (18:964708 vsyncs) (20:1410134)
06-12 17:52:33.216   555   555 I SFPerfTracer:      triggers: (rate: 3863:248705) (compose: 83:4117) (post: 0:12) (render: 6:3270) (19:958360 frames) (20:1030857)
06-12 17:52:33.216   555   555 D SFPerfTracer:        layers: (4:11) (DimLayerController/Stack=0 (0xa3f8e400): 0:2642)* (StatusBar (0xa5c88000): 0:205943) (com.android.systemui.ImageWallpaper (0xa5c8a800): 0:115041)* (Sprite (0xa3f8f800): 0:27)* ( (0xa3f8d000): 0:2539) (DockedStackDim (0xa5c89400): 0:18)* (animation background stackId=1 (0xa456a000): 0:16)* (NavigationBar (0xa3f8bc00): 0:155) (com.lenovo.FileBrowser2/com.lenovo.FileBrowser.activities.FileBrowserMain (0xa456b400): 0:79)- (Starting com.whatsapp (0xa3f90c00): 0:54)- (com.whatsapp/com.whatsapp.Conversation (0xa456c800): 20:55) 
06-12 17:52:33.932  1696  4736 I ActivityManager: Start proc 31365:com.google.android.inputmethod.latin:train/u0a101 for service com.google.android.inputmethod.latin/com.google.android.apps.inputmethod.libs.dvrnn.trainingservice.DvrnnTrainingRpcService
06-12 17:52:33.953  4191  4191 W InputConnectionWrapper: Fixing selection indices to 0, 0
06-12 17:52:33.958  4191 31377 I native  : neural_language_identifier.cc:337 Portable Language Identification module loaded successfully.
06-12 17:52:33.961  4191 16032 I native  : fst-android-decoder.cc:789 Spatial model version: Bikey_0
06-12 17:52:33.989 31365 31365 I art     : Starting a blocking GC AddRemoveAppImageSpace
06-12 17:52:34.056 31365 31365 W fcb     : copyMemory is missing from platform - proto runtime falling back to safer methods.
06-12 17:52:34.135 28375 28375 I art     : Starting a blocking GC Explicit
06-12 17:52:34.170 28375 28375 I art     : Explicit concurrent mark sweep GC freed 192(36KB) AllocSpace objects, 2(40KB) LOS objects, 40% free, 23MB/38MB, paused 324us total 34.190ms
06-12 17:52:34.185   897   897 I MSM-irqbalance: Decided to move IRQ65 from CPU7 to CPU6
06-12 17:52:34.240  1696  4709 I ActivityManager: Killing 27367:com.kumobius.android.duet/u0a146 (adj 906): empty #13
06-12 17:52:34.273  1696  7449 D ActivityManager: cleanUpApplicationRecord -- 27367
06-12 17:52:34.398   576   689 I ThermalEngine: Thermal-Server: Thermal received msg from  override
06-12 17:52:34.399   576   689 E ThermalEngine: override_notify: SS mode 0 override
06-12 17:52:34.400  4625 31384 I Thermal-Lib: Thermal-Lib-Client: Client request sent
06-12 17:52:34.685  4664  4681 I QtiTetherService: limitReached Alert received limitName: globalAlert on Interface: rmnet_data0
06-12 17:52:34.708  4625  4628 E ANDR-PERF-MPCTL: Invalid profile no. 0, total profiles 0 only
06-12 17:52:34.713   626  2691 I QtiConnectivityAdapter: getV6TetherStats(tether= upstream=)
06-12 17:52:34.713   626  2691 V ConnectivityController:   getTetherStats  iptOutput6  /system/bin/ip6tables -nvx -L natctrl_tether_counters 
06-12 17:52:34.756   626  2691 V ConnectivityController: parse res=0 iface0=<> iface1=<> pkts=0 bytes=0 rest=<>orig line=<Chain natctrl_tether_counters (2 references)
06-12 17:52:34.756   626  2691 V ConnectivityController: >
06-12 17:52:34.756   626  2691 V ConnectivityController: parse res=0 iface0=<> iface1=<> pkts=0 bytes=0 rest=<>orig line=<    pkts      bytes target     prot opt in     out     source               destination         
06-12 17:52:34.756   626  2691 V ConnectivityController: >
06-12 17:52:34.756   626  2691 V ConnectivityController: parse res=5 iface0=<bridge0> iface1=<rmnet_data0> pkts=17325 bytes=2963657 rest=</0>orig line=<   17325  2963657 RETURN     all      bridge0 rmnet_data0  ::/0                 ::/0                 counter bridge0_rmnet_: 0 bytes 
06-12 17:52:34.756   626  2691 V ConnectivityController: >
06-12 17:52:34.756   626  2691 V ConnectivityController: 0Filter RX iface_in=bridge0 iface_out=rmnet_data0 rx_bytes=2963657 rx_packets=17325 
06-12 17:52:34.757   626  2691 V ConnectivityController: parse res=5 iface0=<rmnet_data0> iface1=<bridge0> pkts=23265 bytes=22953652 rest=</0>orig line=<   23265 22953652 RETURN     all      rmnet_data0 bridge0  ::/0                 ::/0                 counter rmnet_data0_br: 0 bytes 
06-12 17:52:34.757   626  2691 V ConnectivityController: >
06-12 17:52:34.757   626  2691 V ConnectivityController: 0Filter TX iface_in=rmnet_data0 iface_out=bridge0 rx_bytes=22953652 rx_packets=23265 
06-12 17:52:34.757   626  2691 D ConnectivityController: rx_bytes=2963657 tx_bytes=22953652 pair=0
06-12 17:52:34.757   626  2691 V ConnectivityController:   ipv6 : 0 
06-12 17:52:34.796  4191 16032 I native  : fst-android-decoder.cc:789 Spatial model version: Bikey_0
06-12 17:52:34.822  4664  8243 D QtiTetherService/IpaWrapper: getStats(false)
06-12 17:52:34.822  4664  8243 I QtiTetherService/IpaWrapper: getTetherStats(tether=wlan0 upstream=rmnet_data0)
06-12 17:52:34.822  4664  8243 I libQtiTether: getTetherStats called for upstream=rmnet_data0 tethered=wlan0
06-12 17:52:34.822  4664  8243 I libQtiTether: getTetherStats(upstream=rmnet_data0 tether=wlan0)
06-12 17:52:34.823  4664  8243 D QtiTetherService/TetherStatistics: fromString(upstream=rmnet_data0 tether=wlan0 v4RxBytes=0 v4RxPackets=0 v4TxBytes=0 v4TxPackets=0 v6RxBytes=0 v6RxPackets=0 v6TxBytes=0 v6TxPackets=0 errno=0)
06-12 17:52:34.823  4664  8243 I QtiTetherService/IpaWrapper: upstream=rmnet_data0 tethered=wlan0 v4RxBytes=0 bytes v4RxPackets=0 v4TxBytes=0 bytes v4TxPackets=0 v6RxBytes=0 bytes v6RxPackets=0 v6TxBytes=0 bytes v6TxPackets=0 error=null
06-12 17:52:35.114   628   628 I cnss-daemon: RTM_NEWNEIGH message received: 28
06-12 17:52:35.115   628   628 E cnss-daemon: Stale or unreachable neighbors, ndm state: 16
06-12 17:52:35.117 13740 13771 D radish  : radish_process_msg: avail itm popped: 0xa8603060
06-12 17:52:35.117 13740 13771 D radish  : [bridge0] process_msg: rcvd 64 bytes
06-12 17:52:35.117 13740 13771 D radish  : process msg: ND packet rcvd
06-12 17:52:35.117 13740 13771 D radish  : nd_parse: calloc parsed_nd 0xa8a13400
06-12 17:52:35.117 13740 13771 D radish  : [bridge0] type: 136. code: 0 checksum: 61174. iov_len: 64 icmp6h: 0xa8606428
06-12 17:52:35.117 13740 13771 D radish  : radish_update_parsed_nd: 2405:204:8000:66d0:a04f:87b6:ceaf:53f0
06-12 17:52:35.117 13740 13771 D radish  : radish_update_parsed_nd: fe80::c8cf:38ff:fe3d:932f
06-12 17:52:35.117 13740 13771 D radish  : radish_send_proxy Skipping interface bridge0
06-12 17:52:35.117 13740 13771 D radish  : radish_send_proxy: avail itm popped: 0xa8a197a0
06-12 17:52:35.117 13740 13771 D radish  : nd_parse: calloc parsed_nd 0xa8a13480
06-12 17:52:35.117 13740 13771 D radish  : NEW Dest:
06-12 17:52:35.117 13740 13771 D radish  : radish_send_proxy: fe80::c8cf:38ff:fe3d:932f
06-12 17:52:35.117 13740 13771 D radish  : NEW Src:
06-12 17:52:35.117 13740 13771 D radish  : radish_send_proxy: 2405:204:8000:66d0:a04f:87b6:ceaf:53f0
06-12 17:52:35.117 13740 13771 D radish  : forward this packet to rmnet_data0
06-12 17:52:35.117 13740 13771 D radish  : Adding proxy entry for fe80::c8cf:38ff:fe3d:932f to bridge0
06-12 17:52:35.117 13740 13771 D radish  : nd_free: Freeing parsed_nd: 0xa8a13400
06-12 17:52:35.117 13740 13771 V radish  : radish_process_msg: avail itm appended: 0xa8603060
06-12 17:52:35.117 13740 13772 D radish  : [rmnet_data0] Receiving in wake socket
06-12 17:52:35.118 13740 13772 D radish  : radish_process_events: 2405:204:8000:66d0:a04f:87b6:ceaf:53f0
06-12 17:52:35.118 13740 13772 D radish  : radish_process_events: fe80::c8cf:38ff:fe3d:932f
06-12 17:52:35.118 13740 13772 D radish  : Adding proxy entry for 2405:204:8000:66d0:a04f:87b6:ceaf:53f0 to rmnet_data0
06-12 17:52:35.118 13740 13772 D radish  : dst scope id changed from 51 to 6
06-12 17:52:35.118 13740 13772 D radish  : Sending from 2405:204:8000:66d0:a04f:87b6:ceaf:53f0%51 to fe80::c8cf:38ff:fe3d:932f%6 (len=64) on socket 12
06-12 17:52:35.118 13740 13772 E radish  : radish_send_nd_packet sent 64 bytes
06-12 17:52:35.118 13740 13772 D radish  : sent ND packet to iface [rmnet_data0]
06-12 17:52:35.118 13740 13772 V radish  : radish_process_events: avail itm appended: 0xa8a197a0
06-12 17:52:35.118 13740 13772 D radish  : nd_free: Freeing parsed_nd: 0xa8a13480
06-12 17:52:35.300  4625  4628 E ANDR-PERF-MPCTL: Invalid profile no. 0, total profiles 0 only
06-12 17:52:35.348 30710 30710 E SpannableStringBuilder: SPAN_EXCLUSIVE_EXCLUSIVE spans cannot have a zero length
06-12 17:52:35.348 30710 30710 E SpannableStringBuilder: SPAN_EXCLUSIVE_EXCLUSIVE spans cannot have a zero length
06-12 17:52:35.640 28375 28375 I art     : Starting a blocking GC Explicit
06-12 17:52:35.692 28375 28375 I art     : Explicit concurrent mark sweep GC freed 50(2352B) AllocSpace objects, 0(0B) LOS objects, 40% free, 23MB/38MB, paused 526us total 52.115ms
06-12 17:52:35.881  4625  4628 E ANDR-PERF-MPCTL: Invalid profile no. 0, total profiles 0 only
06-12 17:52:36.520  4625  4628 E ANDR-PERF-MPCTL: Invalid profile no. 0, total profiles 0 only
06-12 17:52:36.856  4625  4628 E ANDR-PERF-MPCTL: Invalid profile no. 0, total profiles 0 only
06-12 17:52:36.869   555   755 I SFPerfTracer:      triggers: (rate: 18:354) (247154 sw vsyncs) (0 skipped) (16:964799 vsyncs) (18:1410250)
06-12 17:52:37.038   555   555 I SFPerfTracer:      triggers: (rate: 3863:248716) (compose: 83:4117) (post: 0:12) (render: 6:3270) (20:958459 frames) (21:1030970)
06-12 17:52:37.038   555   555 D SFPerfTracer:        layers: (5:10) (DimLayerController/Stack=0 (0xa3f8e400): 0:2642)* (StatusBar (0xa5c88000): 0:205961) (com.android.systemui.ImageWallpaper (0xa5c8a800): 0:115059)* (Sprite (0xa3f8f800): 0:27)* ( (0xa3f8d000): 0:2557) (DockedStackDim (0xa5c89400): 0:18)* (animation background stackId=1 (0xa456a000): 0:16)* (NavigationBar (0xa3f8bc00): 0:173) (com.whatsapp/com.whatsapp.Conversation (0xa456c800): 18:153) (InputMethod (0xa3f90c00): 5:44) 
06-12 17:52:37.112  4664  4677 I QtiTetherService: limitReached Alert received limitName: globalAlert on Interface: rmnet_data0
06-12 17:52:37.129   626  2691 I QtiConnectivityAdapter: getV6TetherStats(tether= upstream=)
06-12 17:52:37.130   626  2691 V ConnectivityController:   getTetherStats  iptOutput6  /system/bin/ip6tables -nvx -L natctrl_tether_counters 
06-12 17:52:37.142 28375 28375 I art     : Starting a blocking GC Explicit
06-12 17:52:37.170   626  2691 V ConnectivityController: parse res=0 iface0=<> iface1=<> pkts=0 bytes=0 rest=<>orig line=<Chain natctrl_tether_counters (2 references)
06-12 17:52:37.170   626  2691 V ConnectivityController: >
06-12 17:52:37.170   626  2691 V ConnectivityController: parse res=0 iface0=<> iface1=<> pkts=0 bytes=0 rest=<>orig line=<    pkts      bytes target     prot opt in     out     source               destination         
06-12 17:52:37.170   626  2691 V ConnectivityController: >
06-12 17:52:37.170   626  2691 V ConnectivityController: parse res=5 iface0=<bridge0> iface1=<rmnet_data0> pkts=17330 bytes=2964086 rest=</0>orig line=<   17330  2964086 RETURN     all      bridge0 rmnet_data0  ::/0                 ::/0                 counter bridge0_rmnet_: 0 bytes 
06-12 17:52:37.170   626  2691 V ConnectivityController: >
06-12 17:52:37.170   626  2691 V ConnectivityController: 0Filter RX iface_in=bridge0 iface_out=rmnet_data0 rx_bytes=2964086 rx_packets=17330 
06-12 17:52:37.170   626  2691 V ConnectivityController: parse res=5 iface0=<rmnet_data0> iface1=<bridge0> pkts=23274 bytes=22956700 rest=</0>orig line=<   23274 22956700 RETURN     all      rmnet_data0 bridge0  ::/0                 ::/0                 counter rmnet_data0_br: 0 bytes 
06-12 17:52:37.170   626  2691 V ConnectivityController: >
06-12 17:52:37.170   626  2691 V ConnectivityController: 0Filter TX iface_in=rmnet_data0 iface_out=bridge0 rx_bytes=22956700 rx_packets=23274 
06-12 17:52:37.170   626  2691 D ConnectivityController: rx_bytes=2964086 tx_bytes=22956700 pair=0
06-12 17:52:37.170   626  2691 V ConnectivityController:   ipv6 : 0 
06-12 17:52:37.186 28375 28375 I art     : Explicit concurrent mark sweep GC freed 38(2032B) AllocSpace objects, 0(0B) LOS objects, 40% free, 23MB/38MB, paused 461us total 43.569ms
06-12 17:52:37.234  4664  4681 D QtiTetherService/IpaWrapper: getStats(false)
06-12 17:52:37.234  4664  4681 I QtiTetherService/IpaWrapper: getTetherStats(tether=wlan0 upstream=rmnet_data0)
06-12 17:52:37.234  4664  4681 I libQtiTether: getTetherStats called for upstream=rmnet_data0 tethered=wlan0
06-12 17:52:37.234  4664  4681 I libQtiTether: getTetherStats(upstream=rmnet_data0 tether=wlan0)
06-12 17:52:37.235  4664  4681 D QtiTetherService/TetherStatistics: fromString(upstream=rmnet_data0 tether=wlan0 v4RxBytes=0 v4RxPackets=0 v4TxBytes=0 v4TxPackets=0 v6RxBytes=0 v6RxPackets=0 v6TxBytes=0 v6TxPackets=0 errno=0)
06-12 17:52:37.236  4664  4681 I QtiTetherService/IpaWrapper: upstream=rmnet_data0 tethered=wlan0 v4RxBytes=0 bytes v4RxPackets=0 v4TxBytes=0 bytes v4TxPackets=0 v6RxBytes=0 bytes v6RxPackets=0 v6TxBytes=0 bytes v6TxPackets=0 error=null
06-12 17:52:37.777  4638  5042 W GeofencerStateMachine: Ignoring removeGeofence because network location is disabled.
06-12 17:52:37.816  1177 31350 I TrainingQuestionManager: updateFromServerResponse: no new training mode data and no pending answered questions to clear
06-12 17:52:37.875  4638  7478 V ConnectivityManager: isActiveNetworkMetered() returns:true
06-12 17:52:38.065   555   555 I SFPerfTracer:       trigger: frame rate (-28.881%)	(42.671 fps)	(23.435 ms) 	(8 drops)	(23 frames)
06-12 17:52:38.066   555   555 I SFPerfTracer:      triggers: (rate: 3864:248724) (compose: 83:4117) (post: 0:12) (render: 6:3270) (23:958482 frames) (24:1030994)
06-12 17:52:38.066   555   555 D SFPerfTracer:        layers: (5:10) (DimLayerController/Stack=0 (0xa3f8e400): 0:2642)* (StatusBar (0xa5c88000): 0:205961) (com.android.systemui.ImageWallpaper (0xa5c8a800): 0:115059)* (Sprite (0xa3f8f800): 0:27)* ( (0xa3f8d000): 0:2557) (DockedStackDim (0xa5c89400): 0:18)* (animation background stackId=1 (0xa456a000): 0:16)* (NavigationBar (0xa3f8bc00): 0:173) (com.whatsapp/com.whatsapp.Conversation (0xa456c800): 6:159) (InputMethod (0xa3f90c00): 22:66) 
06-12 17:52:38.077  4625  4628 E ANDR-PERF-MPCTL: Invalid profile no. 0, total profiles 0 only
06-12 17:52:38.644 28375 28375 I art     : Starting a blocking GC Explicit
06-12 17:52:38.685 28375 28375 I art     : Explicit concurrent mark sweep GC freed 38(2032B) AllocSpace objects, 0(0B) LOS objects, 40% free, 23MB/38MB, paused 397us total 40.865ms
06-12 17:52:38.947 30710 30710 E SpannableStringBuilder: SPAN_EXCLUSIVE_EXCLUSIVE spans cannot have a zero length
06-12 17:52:38.947 30710 30710 E SpannableStringBuilder: SPAN_EXCLUSIVE_EXCLUSIVE spans cannot have a zero length
06-12 17:52:39.185   897   897 I MSM-irqbalance: Decided to move IRQ104 from CPU7 to CPU6
06-12 17:52:39.601  4625  4628 E ANDR-PERF-MPCTL: Invalid profile no. 0, total profiles 0 only
06-12 17:52:40.066  4625  4628 E ANDR-PERF-MPCTL: Invalid profile no. 0, total profiles 0 only
06-12 17:52:40.148 28375 28375 I art     : Starting a blocking GC Explicit
06-12 17:52:40.184 28375 28375 I art     : Explicit concurrent mark sweep GC freed 38(2032B) AllocSpace objects, 0(0B) LOS objects, 40% free, 23MB/38MB, paused 369us total 35.786ms
06-12 17:52:41.655 28375 28375 I art     : Starting a blocking GC Explicit
06-12 17:52:41.696  4625  4628 E ANDR-PERF-MPCTL: Invalid profile no. 0, total profiles 0 only
06-12 17:52:41.701 30710 31339 I FA      : Tag Manager is not found and thus will not be used
06-12 17:52:41.705 28375 28375 I art     : Explicit concurrent mark sweep GC freed 38(2032B) AllocSpace objects, 0(0B) LOS objects, 40% free, 23MB/38MB, paused 486us total 49.155ms
06-12 17:52:41.810  4191 31424 I native  : neural_language_identifier.cc:218 Running NeuralLanguageIdentifier on text with size: 4 bytes.
06-12 17:52:41.811  4191 31424 I native  : neural_language_identifier.cc:218 Running NeuralLanguageIdentifier on text with size: 0 bytes.
06-12 17:52:41.832  4191  4191 W InputConnectionWrapper: Fixing selection indices to 0, 0
06-12 17:52:41.881  4638  7478 V ConnectivityManager: isActiveNetworkMetered() returns:true
06-12 17:52:41.990  4638  7478 V ConnectivityManager: isActiveNetworkMetered() returns:true
06-12 17:52:42.032  1696  1886 I ActivityManager: Start proc 31428:com.google.process.gapps/u0a89 for service com.google.android.syncadapters.contacts/.ContactsSyncAdapterService
06-12 17:52:42.074 31428 31428 W System  : ClassLoader referenced unknown path: /system/app/GoogleContactsSyncAdapter/lib/arm
06-12 17:52:42.107 31428 31428 I GoogleHttpClient: GMS http client unavailable, use old client
06-12 17:52:42.133  4625  4628 E ANDR-PERF-MPCTL: Invalid profile no. 0, total profiles 0 only
06-12 17:52:42.146 31428 31443 I SyncAdapterProxy: Delagator disabled, using the (deprecated) GData sync adapter
06-12 17:52:42.151 31428 31443 I GoogleHttpClient: GMS http client unavailable, use old client
06-12 17:52:42.156  4191 16032 I native  : input-context-store.cc:113 Using roll back input context operation: [OverrideDecodedCandidates] reason: client [2361] vs decoder [2362]
06-12 17:52:42.314   628   628 I cnss-daemon: RTM_NEWNEIGH message received: 28
06-12 17:52:42.315   628   628 E cnss-daemon: Stale or unreachable neighbors, ndm state: 4
06-12 17:52:42.675   555   755 I SFPerfTracer:      triggers: (rate: 18:354) (247154 sw vsyncs) (0 skipped) (45:964873 vsyncs) (47:1410375)
06-12 17:52:42.778   625  4298 I ExtendedNuUtils: printFileName fd(12) -> /data/app/com.whatsapp-1/base.apk
06-12 17:52:42.787   624   815 W QComExtractorFactory: Not matched with any sniff above, lets try other sniffs 
06-12 17:52:42.792   625 31448 D NuPlayerDriver: notifyListener_l(0xaf2113c0), (1, 0, 0), loop setting(0, 0)
06-12 17:52:42.792 30710 30710 D MediaPlayer: setSubtitleAnchor in MediaPlayer
06-12 17:52:42.792 30710 31340 D MediaPlayer: setSubtitleAnchor in MediaPlayer
06-12 17:52:42.801   625   625 D NuPlayerDriver: start(0xaf2113c0), state is 4, eos is 0
06-12 17:52:42.801   625 31448 I GenericSource: start
06-12 17:52:42.805   625 31452 I MediaCodec: (0xac923a00) init name(audio/mp4a-latm) isType(1) encoder(0)
06-12 17:52:42.805   625 31453 I MediaPlayerService: MediaPlayerService::getOMX
06-12 17:52:42.806   625 31453 I OMXClient: MuxOMX ctor
06-12 17:52:42.806   614 25717 I OMXMaster: makeComponentInstance(OMX.google.aac.decoder) in mediacodec process
06-12 17:52:42.810   625 31453 I MediaCodec: (0xac923a00) Component Allocated (OMX.google.aac.decoder)
06-12 17:52:42.810   625 31452 I MediaCodec: (0xac923a00) configure surface(0x0) crypto(0x0) flags(0)
06-12 17:52:42.810   625 31452 D MediaCodec: (0xac923a00) configure format: AMessage(what = 0x00000000) = {
06-12 17:52:42.810   625 31452 D MediaCodec:       string mime = "audio/mp4a-latm"
06-12 17:52:42.810   625 31452 D MediaCodec:       int64_t durationUs = 92879
06-12 17:52:42.810   625 31452 D MediaCodec:       int32_t track-id = 1
06-12 17:52:42.810   625 31452 D MediaCodec:       int32_t channel-count = 1
06-12 17:52:42.810   625 31452 D MediaCodec:       int32_t sample-rate = 44100
06-12 17:52:42.810   625 31452 D MediaCodec:       int32_t encoder-delay = 2112
06-12 17:52:42.810   625 31452 D MediaCodec:       int32_t encoder-padding = 198
06-12 17:52:42.810   625 31452 D MediaCodec:       int32_t aac-profile = 2
06-12 17:52:42.810   625 31452 D MediaCodec:       int32_t max-input-size = 225
06-12 17:52:42.810   625 31452 D MediaCodec:       Buffer csd-0 = {
06-12 17:52:42.810   625 31452 D MediaCodec:         00000000:  12 08                                             ..
06-12 17:52:42.810   625 31452 D MediaCodec:       }
06-12 17:52:42.810   625 31452 D MediaCodec:       int32_t profile = 2
06-12 17:52:42.810   625 31452 D MediaCodec:       int32_t bitrate = 128000
06-12 17:52:42.810   625 31452 D MediaCodec:       int32_t priority = 0
06-12 17:52:42.810   625 31452 D MediaCodec:     }
06-12 17:52:42.811   614  1155 E OMXNodeInstance: setConfig(2660408:google.aac.decoder, ConfigPriority(0x6f800002)) ERROR: Undefined(0x80001001)
06-12 17:52:42.811   625 31453 I ACodec  : codec does not support config priority (err -2147483648)
06-12 17:52:42.820   614  1155 E OMXNodeInstance: setConfig(2660408:google.aac.decoder, ConfigPriority(0x6f800002)) ERROR: Undefined(0x80001001)
06-12 17:52:42.820   625 31453 I ACodec  : codec does not support config priority (err -2147483648)
06-12 17:52:42.821   625 31453 I MediaCodec: MediaCodec will operate in async mode
06-12 17:52:42.821   625 31452 I MediaCodec: (0xac923a00) start
06-12 17:52:42.824   625 31453 I MediaCodec: (0xac923a00) input buffers allocated
06-12 17:52:42.824   625 31453 I MediaCodec: (0xac923a00) numBuffers (4)
06-12 17:52:42.825   625 31453 I MediaCodec: (0xac923a00) output buffers allocated
06-12 17:52:42.825   625 31453 I MediaCodec: (0xac923a00) numBuffers (4)
06-12 17:52:42.827   614 31454 I SoftAAC2: Reconfiguring decoder: 0->44100 Hz, 0->1 channels
06-12 17:52:42.836   625 31453 I MediaCodec: (0xac923a00) output buffers allocated
06-12 17:52:42.837   625 31453 I MediaCodec: (0xac923a00) numBuffers (4)
06-12 17:52:42.840   625 31453 D MediaCodec: (0xac923a00) [OMX.google.aac.decoder] output format changed to: AMessage(what = 0x00000000) = {
06-12 17:52:42.840   625 31453 D MediaCodec:       string mime = "audio/raw"
06-12 17:52:42.840   625 31453 D MediaCodec:       int32_t channel-count = 1
06-12 17:52:42.840   625 31453 D MediaCodec:       int32_t sample-rate = 44100
06-12 17:52:42.840   625 31453 D MediaCodec:       int32_t pcm-encoding = 2
06-12 17:52:42.840   625 31453 D MediaCodec:       int32_t bit-width = 16
06-12 17:52:42.840   625 31453 D MediaCodec:     }
06-12 17:52:42.842   625 31451 D AudioTrack: Client defaulted notificationFrames to 7350 for frameCount 22050
06-12 17:52:42.853   607   939 D audio_hw_primary: out_set_parameters: enter: usecase(1: low-latency-playback) kvpairs: routing=2
06-12 17:52:42.873   625 31452 I NuPlayerDecoder: [audio] saw output EOS
06-12 17:52:42.873   607   939 V msm8974_platform: platform_get_output_snd_device: enter: output devices(0x2)
06-12 17:52:42.873   607   939 V msm8974_platform: platform_get_output_snd_device: exit: snd_device(speaker)
06-12 17:52:42.873   607   939 V msm8974_platform: platform_send_audio_calibration: sending audio calibration for snd_device(2) acdb_id(14)
06-12 17:52:42.874   607   939 D ACDB-LOADER: ACDB -> send_audio_cal, acdb_id = 14, path =  0
06-12 17:52:42.874   607   939 D ACDB-LOADER: ACDB -> send_asm_topology
06-12 17:52:42.874   607   939 D ACDB-LOADER: ACDB -> ACDB_CMD_GET_AUDPROC_STREAM_TOPOLOGY_ID
06-12 17:52:42.874   625 31448 D NuPlayerDriver: notifyListener_l(0xaf2113c0), (6, 0, 0), loop setting(0, 0)
06-12 17:52:42.874   607   939 D ACDB-LOADER: ACDB -> send_adm_topology
06-12 17:52:42.874   607   939 D ACDB-LOADER: ACDB -> ACDB_CMD_GET_AUDPROC_COMMON_TOPOLOGY_ID
06-12 17:52:42.874   607   939 D ACDB-LOADER: ACDB -> send_audtable
06-12 17:52:42.874   607   939 D ACDB-LOADER: ACDB -> ACDB_CMD_GET_AUDPROC_COMMON_TABLE_SIZE
06-12 17:52:42.874   607   939 D         : ACDBFILE_MGR:Read the devices count as zero, please check the acdb file
06-12 17:52:42.874   607   939 D ACDB-LOADER: ACDB -> ACDB_CMD_GET_AUDPROC_COMMON_TABLE
06-12 17:52:42.874   607   939 D         : ACDBFILE_MGR:Read the devices count as zero, please check the acdb file
06-12 17:52:42.874   607   939 D ACDB-LOADER: ACDB -> AUDIO_SET_AUDPROC_CAL
06-12 17:52:42.874   607   939 D ACDB-LOADER: ACDB -> send_audvoltable
06-12 17:52:42.874   607   939 D ACDB-LOADER: ACDB -> ACDB_CMD_GET_AUDPROC_GAIN_DEP_STEP_TABLE
06-12 17:52:42.874   607   939 D         : ACDBFILE_MGR:Read the devices count as zero, please check the acdb file
06-12 17:52:42.874   607   939 D ACDB-LOADER: ACDB -> AUDIO_SET_AUDPROC_VOL_CAL
06-12 17:52:42.874   607   939 D ACDB-LOADER: ACDB -> send_audstrmtable
06-12 17:52:42.874   607   939 D ACDB-LOADER: ACDB -> ACDB_CMD_GET_AUDPROC_STREAM_TABLE_V2
06-12 17:52:42.874   607   939 D ACDB-LOADER: ACDB -> audstrm_cal->cal_type.cal_data.cal_size = 32
06-12 17:52:42.874   607   939 D ACDB-LOADER: ACDB -> send_afe_topology
06-12 17:52:42.874   607   939 D ACDB-LOADER: ACDB -> ACDB_CMD_GET_AFE_TOPOLOGY_ID
06-12 17:52:42.874   607   939 D ACDB-LOADER: ACDB -> GET_AFE_TOPOLOGY_ID for adcd_id 14, Topology Id 112fc
06-12 17:52:42.874   607   939 D ACDB-LOADER: ACDB -> send_afe_cal
06-12 17:52:42.874   607   939 D ACDB-LOADER: ACDB -> ACDB_CMD_GET_AFE_COMMON_TABLE
06-12 17:52:42.874   607   939 D         : ACDBFILE_MGR:Read the devices count as zero, please check the acdb file
06-12 17:52:42.874   607   939 D         : Failed to fetch the lookup information of the device 0000000E 
06-12 17:52:42.874   607   939 D ACDB-LOADER: ACDB -> AUDIO_SET_AFE_CAL
06-12 17:52:42.874   607   939 D ACDB-LOADER: ACDB -> send_hw_delay : acdb_id = 14 path = 0
06-12 17:52:42.874   607   939 D ACDB-LOADER: ACDB -> ACDB_AVSYNC_INFO: ACDB_CMD_GET_DEVICE_PROPERTY
06-12 17:52:42.874   607   939 I audio_mot_sp: audio_extn_mot_spkr_send_cal: OSPL spkr calibration data [273072, 16] temperature [27], mixer ctrl: OSPL Rx temp_cal
06-12 17:52:42.875   607   939 D audio_hw_primary: enable_snd_device: snd_device(2: speaker)
06-12 17:52:42.876   607   939 D audio_hw_primary: enable_audio_route: apply and update mixer path: low-latency-playback speaker
06-12 17:52:42.914   625 31448 I ExtendedNuPlayer: notifyListener 2 0 0
06-12 17:52:42.914   625 31448 D NuPlayerDriver: notifyListener_l(0xaf2113c0), (2, 0, 0), loop setting(0, 0)
06-12 17:52:42.926   607   938 E FastThread: did not receive expected priority boost
06-12 17:52:43.030   555   555 I SFPerfTracer:      triggers: (rate: 3864:248738) (compose: 83:4117) (post: 0:12) (render: 6:3270) (12:958563 frames) (13:1031095)
06-12 17:52:43.030   555   555 D SFPerfTracer:        layers: (5:10) (DimLayerController/Stack=0 (0xa3f8e400): 0:2642)* (StatusBar (0xa5c88000): 0:205963) (com.android.systemui.ImageWallpaper (0xa5c8a800): 0:115059)* (Sprite (0xa3f8f800): 0:27)* ( (0xa3f8d000): 0:2557) (DockedStackDim (0xa5c89400): 0:18)* (animation background stackId=1 (0xa456a000): 0:16)* (NavigationBar (0xa3f8bc00): 0:173) (com.whatsapp/com.whatsapp.Conversation (0xa456c800): 4:230) (InputMethod (0xa3f90c00): 11:124) 
06-12 17:52:43.154 28375 28375 I art     : Starting a blocking GC Explicit
06-12 17:52:43.185   607   939 D audio_hw_primary: disable_audio_route: reset and update mixer path: low-latency-playback speaker
06-12 17:52:43.186   607   939 D audio_hw_primary: disable_snd_device: snd_device(2: speaker)
06-12 17:52:43.190 28375 28375 I art     : Explicit concurrent mark sweep GC freed 33(1712B) AllocSpace objects, 0(0B) LOS objects, 40% free, 23MB/38MB, paused 433us total 35.972ms
06-12 17:52:43.677  4191 31447 E AndroidIME: ayw: Task threw an exception:
06-12 17:52:43.677  4191 31447 E AndroidIME: java.util.concurrent.CancellationException
06-12 17:52:43.677  4191 31447 E AndroidIME: 	at java.util.concurrent.FutureTask.report(FutureTask.java:93)
06-12 17:52:43.677  4191 31447 E AndroidIME: 	at java.util.concurrent.FutureTask.get(FutureTask.java:178)
06-12 17:52:43.677  4191 31447 E AndroidIME: 	at ayw.a(PG:23)
06-12 17:52:43.677  4191 31447 E AndroidIME: 	at ayw.afterExecute(PG:14)
06-12 17:52:43.677  4191 31447 E AndroidIME: 	at java.util.concurrent.ThreadPoolExecutor.runWorker(ThreadPoolExecutor.java:1141)
06-12 17:52:43.677  4191 31447 E AndroidIME: 	at java.util.concurrent.ThreadPoolExecutor$Worker.run(ThreadPoolExecutor.java:607)
06-12 17:52:43.677  4191 31447 E AndroidIME: 	at java.lang.Thread.run(Thread.java:761)
06-12 17:52:43.677  4191 31447 E AndroidIME: 	at ayu.run(PG:8)
06-12 17:52:44.074   628   628 I cnss-daemon: RTM_NEWNEIGH message received: 28
06-12 17:52:44.074   628   628 E cnss-daemon: Stale or unreachable neighbors, ndm state: 4
06-12 17:52:44.186   897   897 I MSM-irqbalance: Decided to move IRQ177 from CPU7 to CPU6
06-12 17:52:44.657 28375 28375 I art     : Starting a blocking GC Explicit
06-12 17:52:44.707 28375 28375 I art     : Explicit concurrent mark sweep GC freed 8(232B) AllocSpace objects, 0(0B) LOS objects, 40% free, 23MB/38MB, paused 426us total 50.115ms
06-12 17:52:44.920  4625  4628 E ANDR-PERF-MPCTL: Invalid profile no. 0, total profiles 0 only
06-12 17:52:45.187  4625  4628 E ANDR-PERF-MPCTL: Invalid profile no. 0, total profiles 0 only
06-12 17:52:45.602  4625  4628 E ANDR-PERF-MPCTL: Invalid profile no. 0, total profiles 0 only
06-12 17:52:46.030  4625  4628 E ANDR-PERF-MPCTL: Invalid profile no. 0, total profiles 0 only
06-12 17:52:46.161 28375 28375 I art     : Starting a blocking GC Explicit
06-12 17:52:46.198 28375 28375 I art     : Explicit concurrent mark sweep GC freed 8(232B) AllocSpace objects, 0(0B) LOS objects, 40% free, 23MB/38MB, paused 371us total 36.754ms
06-12 17:52:46.316  4625  4628 E ANDR-PERF-MPCTL: Invalid profile no. 0, total profiles 0 only
06-12 17:52:46.999  4625  4628 E ANDR-PERF-MPCTL: Invalid profile no. 0, total profiles 0 only
06-12 17:52:47.255  4191 31447 E AndroidIME: ayw: Task threw an exception:
06-12 17:52:47.255  4191 31447 E AndroidIME: java.util.concurrent.CancellationException
06-12 17:52:47.255  4191 31447 E AndroidIME: 	at java.util.concurrent.FutureTask.report(FutureTask.java:93)
06-12 17:52:47.255  4191 31447 E AndroidIME: 	at java.util.concurrent.FutureTask.get(FutureTask.java:178)
06-12 17:52:47.255  4191 31447 E AndroidIME: 	at ayw.a(PG:23)
06-12 17:52:47.255  4191 31447 E AndroidIME: 	at ayw.afterExecute(PG:14)
06-12 17:52:47.255  4191 31447 E AndroidIME: 	at java.util.concurrent.ThreadPoolExecutor.runWorker(ThreadPoolExecutor.java:1141)
06-12 17:52:47.255  4191 31447 E AndroidIME: 	at java.util.concurrent.ThreadPoolExecutor$Worker.run(ThreadPoolExecutor.java:607)
06-12 17:52:47.255  4191 31447 E AndroidIME: 	at java.lang.Thread.run(Thread.java:761)
06-12 17:52:47.255  4191 31447 E AndroidIME: 	at ayu.run(PG:8)
06-12 17:52:47.666 28375 28375 I art     : Starting a blocking GC Explicit
06-12 17:52:47.704  4625  4628 E ANDR-PERF-MPCTL: Invalid profile no. 0, total profiles 0 only
06-12 17:52:47.713 28375 28375 I art     : Explicit concurrent mark sweep GC freed 8(232B) AllocSpace objects, 0(0B) LOS objects, 40% free, 23MB/38MB, paused 549us total 45.922ms
06-12 17:52:48.020 14561 14561 I chatty  : uid=10131 com.jio.myjio:remote expire 432 lines
06-12 17:52:48.142  4625  4628 E ANDR-PERF-MPCTL: Invalid profile no. 0, total profiles 0 only
06-12 17:52:48.146   555   755 I SFPerfTracer:      triggers: (rate: 18:354) (247154 sw vsyncs) (0 skipped) (0:964927 vsyncs) (2:1410477)
06-12 17:52:48.212  4191 31496 I native  : neural_language_identifier.cc:218 Running NeuralLanguageIdentifier on text with size: 11 bytes.
06-12 17:52:48.223  4191 31496 I native  : neural_language_identifier.cc:218 Running NeuralLanguageIdentifier on text with size: 0 bytes.
06-12 17:52:48.229  4191  4191 W InputConnectionWrapper: Fixing selection indices to 0, 0
06-12 17:52:48.276  4638  7478 V ConnectivityManager: isActiveNetworkMetered() returns:true
06-12 17:52:48.377 31428 31498 I SyncAdapterProxy: Delagator disabled, using the (deprecated) GData sync adapter
06-12 17:52:48.379  4638  7478 V ConnectivityManager: isActiveNetworkMetered() returns:true
06-12 17:52:48.907   625   625 I ExtendedNuUtils: printFileName fd(18) -> /data/app/com.whatsapp-1/base.apk
06-12 17:52:48.917   624   815 W QComExtractorFactory: Not matched with any sniff above, lets try other sniffs 
06-12 17:52:48.924   625 31499 D NuPlayerDriver: notifyListener_l(0xaf211120), (1, 0, 0), loop setting(0, 0)
06-12 17:52:48.924 30710 31340 D MediaPlayer: setSubtitleAnchor in MediaPlayer
06-12 17:52:48.925 30710 30710 D MediaPlayer: setSubtitleAnchor in MediaPlayer
06-12 17:52:48.928   625   870 D NuPlayerDriver: start(0xaf211120), state is 4, eos is 0
06-12 17:52:48.929   625 31499 I GenericSource: start
06-12 17:52:48.934   625 31503 I MediaCodec: (0xb0a39dc0) init name(audio/mp4a-latm) isType(1) encoder(0)
06-12 17:52:48.934   625 31504 I MediaPlayerService: MediaPlayerService::getOMX
06-12 17:52:48.935   625 31504 I OMXClient: MuxOMX ctor
06-12 17:52:48.935   614 25717 I OMXMaster: makeComponentInstance(OMX.google.aac.decoder) in mediacodec process
06-12 17:52:48.939   625 31504 I MediaCodec: (0xb0a39dc0) Component Allocated (OMX.google.aac.decoder)
06-12 17:52:48.941   625 31503 I MediaCodec: (0xb0a39dc0) configure surface(0x0) crypto(0x0) flags(0)
06-12 17:52:48.941   625 31503 D MediaCodec: (0xb0a39dc0) configure format: AMessage(what = 0x00000000) = {
06-12 17:52:48.941   625 31503 D MediaCodec:       string mime = "audio/mp4a-latm"
06-12 17:52:48.941   625 31503 D MediaCodec:       int64_t durationUs = 92879
06-12 17:52:48.941   625 31503 D MediaCodec:       int32_t track-id = 1
06-12 17:52:48.941   625 31503 D MediaCodec:       int32_t channel-count = 1
06-12 17:52:48.941   625 31503 D MediaCodec:       int32_t sample-rate = 44100
06-12 17:52:48.941   625 31503 D MediaCodec:       int32_t encoder-delay = 2112
06-12 17:52:48.941   625 31503 D MediaCodec:       int32_t encoder-padding = 198
06-12 17:52:48.941   625 31503 D MediaCodec:       int32_t aac-profile = 2
06-12 17:52:48.941   625 31503 D MediaCodec:       int32_t max-input-size = 225
06-12 17:52:48.941   625 31503 D MediaCodec:       Buffer csd-0 = {
06-12 17:52:48.941   625 31503 D MediaCodec:         00000000:  12 08                                             ..
06-12 17:52:48.941   625 31503 D MediaCodec:       }
06-12 17:52:48.941   625 31503 D MediaCodec:       int32_t profile = 2
06-12 17:52:48.941   625 31503 D MediaCodec:       int32_t bitrate = 128000
06-12 17:52:48.941   625 31503 D MediaCodec:       int32_t priority = 0
06-12 17:52:48.941   625 31503 D MediaCodec:     }
06-12 17:52:48.942   614  1155 E OMXNodeInstance: setConfig(2660409:google.aac.decoder, ConfigPriority(0x6f800002)) ERROR: Undefined(0x80001001)
06-12 17:52:48.942   625 31504 I ACodec  : codec does not support config priority (err -2147483648)
06-12 17:52:48.944   614  1155 E OMXNodeInstance: setConfig(2660409:google.aac.decoder, ConfigPriority(0x6f800002)) ERROR: Undefined(0x80001001)
06-12 17:52:48.944   625 31504 I ACodec  : codec does not support config priority (err -2147483648)
06-12 17:52:48.946   625 31504 I MediaCodec: MediaCodec will operate in async mode
06-12 17:52:48.946   625 31503 I MediaCodec: (0xb0a39dc0) start
06-12 17:52:48.950   625 31504 I MediaCodec: (0xb0a39dc0) input buffers allocated
06-12 17:52:48.950   625 31504 I MediaCodec: (0xb0a39dc0) numBuffers (4)
06-12 17:52:48.950   625 31504 I MediaCodec: (0xb0a39dc0) output buffers allocated
06-12 17:52:48.950   625 31504 I MediaCodec: (0xb0a39dc0) numBuffers (4)
06-12 17:52:48.955   614 31505 I SoftAAC2: Reconfiguring decoder: 0->44100 Hz, 0->1 channels
06-12 17:52:48.962   625 31504 I MediaCodec: (0xb0a39dc0) output buffers allocated
06-12 17:52:48.963   625 31504 I MediaCodec: (0xb0a39dc0) numBuffers (4)
06-12 17:52:48.965   625 31504 D MediaCodec: (0xb0a39dc0) [OMX.google.aac.decoder] output format changed to: AMessage(what = 0x00000000) = {
06-12 17:52:48.965   625 31504 D MediaCodec:       string mime = "audio/raw"
06-12 17:52:48.965   625 31504 D MediaCodec:       int32_t channel-count = 1
06-12 17:52:48.965   625 31504 D MediaCodec:       int32_t sample-rate = 44100
06-12 17:52:48.965   625 31504 D MediaCodec:       int32_t pcm-encoding = 2
06-12 17:52:48.965   625 31504 D MediaCodec:       int32_t bit-width = 16
06-12 17:52:48.965   625 31504 D MediaCodec:     }
06-12 17:52:48.968   625 31502 D AudioTrack: Client defaulted notificationFrames to 7350 for frameCount 22050
06-12 17:52:48.973   607   939 D audio_hw_primary: out_set_parameters: enter: usecase(1: low-latency-playback) kvpairs: routing=2
06-12 17:52:48.992   607   939 V msm8974_platform: platform_get_output_snd_device: enter: output devices(0x2)
06-12 17:52:48.992   607   939 V msm8974_platform: platform_get_output_snd_device: exit: snd_device(speaker)
06-12 17:52:48.992   607   939 V msm8974_platform: platform_send_audio_calibration: sending audio calibration for snd_device(2) acdb_id(14)
06-12 17:52:48.992   607   939 D ACDB-LOADER: ACDB -> send_audio_cal, acdb_id = 14, path =  0
06-12 17:52:48.993   607   939 D ACDB-LOADER: ACDB -> send_asm_topology
06-12 17:52:48.993   607   939 D ACDB-LOADER: ACDB -> ACDB_CMD_GET_AUDPROC_STREAM_TOPOLOGY_ID
06-12 17:52:48.993   607   939 D ACDB-LOADER: ACDB -> send_adm_topology
06-12 17:52:48.993   607   939 D ACDB-LOADER: ACDB -> ACDB_CMD_GET_AUDPROC_COMMON_TOPOLOGY_ID
06-12 17:52:48.993   607   939 D ACDB-LOADER: ACDB -> send_audtable
06-12 17:52:48.993   607   939 D ACDB-LOADER: ACDB -> ACDB_CMD_GET_AUDPROC_COMMON_TABLE_SIZE
06-12 17:52:48.993   607   939 D         : ACDBFILE_MGR:Read the devices count as zero, please check the acdb file
06-12 17:52:48.993   607   939 D ACDB-LOADER: ACDB -> ACDB_CMD_GET_AUDPROC_COMMON_TABLE
06-12 17:52:48.993   607   939 D         : ACDBFILE_MGR:Read the devices count as zero, please check the acdb file
06-12 17:52:48.993   607   939 D ACDB-LOADER: ACDB -> AUDIO_SET_AUDPROC_CAL
06-12 17:52:48.993   607   939 D ACDB-LOADER: ACDB -> send_audvoltable
06-12 17:52:48.993   607   939 D ACDB-LOADER: ACDB -> ACDB_CMD_GET_AUDPROC_GAIN_DEP_STEP_TABLE
06-12 17:52:48.993   607   939 D         : ACDBFILE_MGR:Read the devices count as zero, please check the acdb file
06-12 17:52:48.993   607   939 D ACDB-LOADER: ACDB -> AUDIO_SET_AUDPROC_VOL_CAL
06-12 17:52:48.993   607   939 D ACDB-LOADER: ACDB -> send_audstrmtable
06-12 17:52:48.993   607   939 D ACDB-LOADER: ACDB -> ACDB_CMD_GET_AUDPROC_STREAM_TABLE_V2
06-12 17:52:48.993   607   939 D ACDB-LOADER: ACDB -> audstrm_cal->cal_type.cal_data.cal_size = 32
06-12 17:52:48.993   607   939 D ACDB-LOADER: ACDB -> send_afe_topology
06-12 17:52:48.993   607   939 D ACDB-LOADER: ACDB -> ACDB_CMD_GET_AFE_TOPOLOGY_ID
06-12 17:52:48.993   607   939 D ACDB-LOADER: ACDB -> GET_AFE_TOPOLOGY_ID for adcd_id 14, Topology Id 112fc
06-12 17:52:48.993   607   939 D ACDB-LOADER: ACDB -> send_afe_cal
06-12 17:52:48.993   607   939 D ACDB-LOADER: ACDB -> ACDB_CMD_GET_AFE_COMMON_TABLE
06-12 17:52:48.993   607   939 D         : ACDBFILE_MGR:Read the devices count as zero, please check the acdb file
06-12 17:52:48.993   607   939 D         : Failed to fetch the lookup information of the device 0000000E 
06-12 17:52:48.993   607   939 D ACDB-LOADER: ACDB -> AUDIO_SET_AFE_CAL
06-12 17:52:48.993   607   939 D ACDB-LOADER: ACDB -> send_hw_delay : acdb_id = 14 path = 0
06-12 17:52:48.993   607   939 D ACDB-LOADER: ACDB -> ACDB_AVSYNC_INFO: ACDB_CMD_GET_DEVICE_PROPERTY
06-12 17:52:48.993   607   939 I audio_mot_sp: audio_extn_mot_spkr_send_cal: OSPL spkr calibration data [273072, 16] temperature [27], mixer ctrl: OSPL Rx temp_cal
06-12 17:52:48.994   625 31499 D NuPlayerDriver: notifyListener_l(0xaf211120), (6, 0, 0), loop setting(0, 0)
06-12 17:52:48.994   625 31503 I NuPlayerDecoder: [audio] saw output EOS
06-12 17:52:48.997   625  4298 D NuPlayerDriver: reset(0xaf2113c0) at state 6
06-12 17:52:48.997   625  4298 D NuPlayerDriver: notifyListener_l(0xaf2113c0), (8, 0, 0), loop setting(0, 0)
06-12 17:52:48.997   625 31452 I MediaCodec: (0xac923a00) flush
06-12 17:52:48.998   625 31452 I MediaCodec: (0xac923a00) release
06-12 17:52:49.005   625 31448 D NuPlayerDriver: notifyResetComplete(0xaf2113c0)
06-12 17:52:49.005   625  4298 D NuPlayerDriver: reset(0xaf2113c0) at state 0
06-12 17:52:49.032   607   939 D audio_hw_primary: enable_snd_device: snd_device(2: speaker)
06-12 17:52:49.033   607   939 D audio_hw_primary: enable_audio_route: apply and update mixer path: low-latency-playback speaker
06-12 17:52:49.035   625 31499 I ExtendedNuPlayer: notifyListener 2 0 0
06-12 17:52:49.035   625 31499 D NuPlayerDriver: notifyListener_l(0xaf211120), (2, 0, 0), loop setting(0, 0)
06-12 17:52:49.138   607   938 E FastThread: did not receive expected priority boost
06-12 17:52:49.171 28375 28375 I art     : Starting a blocking GC Explicit
06-12 17:52:49.186   897   897 I MSM-irqbalance: Decided to move IRQ178 from CPU7 to CPU5
06-12 17:52:49.220 28375 28375 I art     : Explicit concurrent mark sweep GC freed 8(232B) AllocSpace objects, 0(0B) LOS objects, 40% free, 23MB/38MB, paused 471us total 48.617ms
06-12 17:52:49.241   555   555 I SFPerfTracer:      triggers: (rate: 3864:248749) (compose: 83:4117) (post: 0:12) (render: 6:3270) (51:958662 frames) (52:1031221)
06-12 17:52:49.241   555   555 D SFPerfTracer:        layers: (5:10) (DimLayerController/Stack=0 (0xa3f8e400): 0:2642)* (StatusBar (0xa5c88000): 0:205965) (com.android.systemui.ImageWallpaper (0xa5c8a800): 0:115059)* (Sprite (0xa3f8f800): 0:27)* ( (0xa3f8d000): 0:2557) (DockedStackDim (0xa5c89400): 0:18)* (animation background stackId=1 (0xa456a000): 0:16)* (NavigationBar (0xa3f8bc00): 0:173) (com.whatsapp/com.whatsapp.Conversation (0xa456c800): 52:316) (InputMethod (0xa3f90c00): 3:175) 
06-12 17:52:49.393   607   939 D audio_hw_primary: disable_audio_route: reset and update mixer path: low-latency-playback speaker
06-12 17:52:49.394   607   939 D audio_hw_primary: disable_snd_device: snd_device(2: speaker)
06-12 17:52:49.414  4625  4628 E ANDR-PERF-MPCTL: Invalid profile no. 0, total profiles 0 only
06-12 17:52:50.093  4625  4628 E ANDR-PERF-MPCTL: Invalid profile no. 0, total profiles 0 only
06-12 17:52:50.575  4625  4628 E ANDR-PERF-MPCTL: Invalid profile no. 0, total profiles 0 only
06-12 17:52:50.673 28375 28375 I art     : Starting a blocking GC Explicit
06-12 17:52:50.711 28375 28375 I art     : Explicit concurrent mark sweep GC freed 8(232B) AllocSpace objects, 0(0B) LOS objects, 40% free, 23MB/38MB, paused 566us total 37.479ms
06-12 17:52:50.873   555   755 I SFPerfTracer:      triggers: (rate: 18:354) (247154 sw vsyncs) (0 skipped) (5:965011 vsyncs) (7:1410578)
06-12 17:52:51.327   628   628 I cnss-daemon: RTM_NEWNEIGH message received: 28
06-12 17:52:51.327   628   628 E cnss-daemon: Stale or unreachable neighbors, ndm state: 4
06-12 17:52:51.765  4625  4628 E ANDR-PERF-MPCTL: Invalid profile no. 0, total profiles 0 only
06-12 17:52:51.831  4191  4976 W LatinMetricsProcessor: DecodedCandidate rank:1 refers to a different string than the one selected
06-12 17:52:51.838 30710 30710 E SpannableStringBuilder: SPAN_EXCLUSIVE_EXCLUSIVE spans cannot have a zero length
06-12 17:52:51.838 30710 30710 E SpannableStringBuilder: SPAN_EXCLUSIVE_EXCLUSIVE spans cannot have a zero length
06-12 17:52:52.176 28375 28375 I art     : Starting a blocking GC Explicit
06-12 17:52:52.221 28375 28375 I art     : Explicit concurrent mark sweep GC freed 8(232B) AllocSpace objects, 0(0B) LOS objects, 40% free, 23MB/38MB, paused 423us total 45.398ms
