06-12 17:52:52.259  4625  4628 E ANDR-PERF-MPCTL: Invalid profile no. 0, total profiles 0 only
06-12 17:52:52.301   628   628 I cnss-daemon: RTM_NEWNEIGH message received: 28
06-12 17:52:52.301   628   628 E cnss-daemon: Stale or unreachable neighbors, ndm state: 16
06-12 17:52:53.596  4625  4628 E ANDR-PERF-MPCTL: Invalid profile no. 0, total profiles 0 only
06-12 17:52:53.681 28375 28375 I art     : Starting a blocking GC Explicit
06-12 17:52:53.724 28375 28375 I art     : Explicit concurrent mark sweep GC freed 8(232B) AllocSpace objects, 0(0B) LOS objects, 40% free, 23MB/38MB, paused 359us total 42.861ms
06-12 17:52:54.187   897   897 I MSM-irqbalance: Decided to move IRQ215 from CPU6 to CPU5
06-12 17:52:54.507  4625  4628 E ANDR-PERF-MPCTL: Invalid profile no. 0, total profiles 0 only
06-12 17:52:54.819  4638  9516 W ctxmgr  : [AclManager]null policy map (3) -1, clientInfo=(accnt=account#-517948760#, com.google.android.gms(10034):AccountManager, vrsn=11056438, 0, 3pPkg = null ,  3pMdlId = null ,  pid = 4638)
06-12 17:52:54.819  4638  9516 W ctxmgr  : [AccountManager]Can't read store: account#-517948760#, 7503
06-12 17:52:54.821  4638  9516 W ctxmgr  : [AclManager]null policy map (3) -1, clientInfo=(accnt=account#-1746079980#, com.google.android.gms(10034):AccountManager, vrsn=11056438, 0, 3pPkg = null ,  3pMdlId = null ,  pid = 4638)
06-12 17:52:54.823  4638  9516 W ctxmgr  : [AccountManager]Can't read store: account#-1746079980#, 7503
06-12 17:52:55.116   555   555 I SFPerfTracer:      triggers: (rate: 3864:248766) (compose: 83:4117) (post: 0:12) (render: 6:3270) (0:958738 frames) (1:1031321)
06-12 17:52:55.116   555   555 D SFPerfTracer:        layers: (5:10) (DimLayerController/Stack=0 (0xa3f8e400): 0:2642)* (StatusBar (0xa5c88000): 1:205968) (com.android.systemui.ImageWallpaper (0xa5c8a800): 0:115059)* (Sprite (0xa3f8f800): 0:27)* ( (0xa3f8d000): 0:2557) (DockedStackDim (0xa5c89400): 0:18)* (animation background stackId=1 (0xa456a000): 0:16)* (NavigationBar (0xa3f8bc00): 0:173) (com.whatsapp/com.whatsapp.Conversation (0xa456c800): 0:370) (InputMethod (0xa3f90c00): 0:238) 
06-12 17:52:55.182 28375 28375 I art     : Starting a blocking GC Explicit
06-12 17:52:55.229 28375 28375 I art     : Explicit concurrent mark sweep GC freed 8(232B) AllocSpace objects, 0(0B) LOS objects, 40% free, 23MB/38MB, paused 445us total 46.763ms
06-12 17:52:55.331  4625  4628 E ANDR-PERF-MPCTL: Invalid profile no. 0, total profiles 0 only
06-12 17:52:55.935  4625  4628 E ANDR-PERF-MPCTL: Invalid profile no. 0, total profiles 0 only
06-12 17:52:56.368   628   628 I cnss-daemon: RTM_NEWNEIGH message received: 28
06-12 17:52:56.368   628   628 E cnss-daemon: Stale or unreachable neighbors, ndm state: 16
06-12 17:52:56.405 13740 13771 D radish  : radish_process_msg: avail itm popped: 0xa8a197e0
06-12 17:52:56.405 13740 13771 D radish  : [bridge0] process_msg: rcvd 64 bytes
06-12 17:52:56.405 13740 13771 D radish  : process msg: ND packet rcvd
06-12 17:52:56.405 13740 13771 D radish  : nd_parse: calloc parsed_nd 0xa8a13400
06-12 17:52:56.405 13740 13771 D radish  : [bridge0] type: 136. code: 0 checksum: 61174. iov_len: 64 icmp6h: 0xa8a2c428
06-12 17:52:56.405 13740 13771 D radish  : radish_update_parsed_nd: 2405:204:8000:66d0:a04f:87b6:ceaf:53f0
06-12 17:52:56.405 13740 13771 D radish  : radish_update_parsed_nd: fe80::c8cf:38ff:fe3d:932f
06-12 17:52:56.405 13740 13771 D radish  : radish_send_proxy Skipping interface bridge0
06-12 17:52:56.405 13740 13771 D radish  : radish_send_proxy: avail itm popped: 0xa8a19780
06-12 17:52:56.405 13740 13771 D radish  : nd_parse: calloc parsed_nd 0xa8a13500
06-12 17:52:56.405 13740 13771 D radish  : NEW Dest:
06-12 17:52:56.405 13740 13771 D radish  : radish_send_proxy: fe80::c8cf:38ff:fe3d:932f
06-12 17:52:56.405 13740 13771 D radish  : NEW Src:
06-12 17:52:56.405 13740 13771 D radish  : radish_send_proxy: 2405:204:8000:66d0:a04f:87b6:ceaf:53f0
06-12 17:52:56.405 13740 13771 D radish  : forward this packet to rmnet_data0
06-12 17:52:56.405 13740 13771 D radish  : Adding proxy entry for fe80::c8cf:38ff:fe3d:932f to bridge0
06-12 17:52:56.405 13740 13771 D radish  : nd_free: Freeing parsed_nd: 0xa8a13400
06-12 17:52:56.405 13740 13771 V radish  : radish_process_msg: avail itm appended: 0xa8a197e0
06-12 17:52:56.405 13740 13772 D radish  : [rmnet_data0] Receiving in wake socket
06-12 17:52:56.405 13740 13772 D radish  : radish_process_events: 2405:204:8000:66d0:a04f:87b6:ceaf:53f0
06-12 17:52:56.405 13740 13772 D radish  : radish_process_events: fe80::c8cf:38ff:fe3d:932f
06-12 17:52:56.405 13740 13772 D radish  : Adding proxy entry for 2405:204:8000:66d0:a04f:87b6:ceaf:53f0 to rmnet_data0
06-12 17:52:56.406 13740 13772 D radish  : dst scope id changed from 51 to 6
06-12 17:52:56.406 13740 13772 D radish  : Sending from 2405:204:8000:66d0:a04f:87b6:ceaf:53f0%51 to fe80::c8cf:38ff:fe3d:932f%6 (len=64) on socket 12
06-12 17:52:56.406 13740 13772 E radish  : radish_send_nd_packet sent 64 bytes
06-12 17:52:56.406 13740 13772 D radish  : sent ND packet to iface [rmnet_data0]
06-12 17:52:56.406 13740 13772 V radish  : radish_process_events: avail itm appended: 0xa8a19780
06-12 17:52:56.406 13740 13772 D radish  : nd_free: Freeing parsed_nd: 0xa8a13500
06-12 17:52:56.568  4625  4628 E ANDR-PERF-MPCTL: Invalid profile no. 0, total profiles 0 only
06-12 17:52:56.713   555   755 I SFPerfTracer:      triggers: (rate: 18:354) (247154 sw vsyncs) (0 skipped) (0:965057 vsyncs) (2:1410680)
06-12 17:52:56.979 28375 28375 I art     : Starting a blocking GC Explicit
06-12 17:52:57.017 28375 28375 I art     : Explicit concurrent mark sweep GC freed 42(4KB) AllocSpace objects, 0(0B) LOS objects, 40% free, 23MB/38MB, paused 463us total 37.846ms
06-12 17:52:57.216  4625  4628 E ANDR-PERF-MPCTL: Invalid profile no. 0, total profiles 0 only
06-12 17:52:58.145   555   555 I SFPerfTracer:       trigger: frame rate (-28.498%)	(42.901 fps)	(23.309 ms) 	(4 drops)	(13 frames)
06-12 17:52:58.145   555   555 I SFPerfTracer:      triggers: (rate: 3865:248781) (compose: 83:4117) (post: 0:12) (render: 6:3270) (13:958774 frames) (14:1031371)
06-12 17:52:58.145   555   555 D SFPerfTracer:        layers: (5:10) (DimLayerController/Stack=0 (0xa3f8e400): 0:2642)* (StatusBar (0xa5c88000): 1:205971) (com.android.systemui.ImageWallpaper (0xa5c8a800): 0:115059)* (Sprite (0xa3f8f800): 0:27)* ( (0xa3f8d000): 0:2557) (DockedStackDim (0xa5c89400): 0:18)* (animation background stackId=1 (0xa456a000): 0:16)* (NavigationBar (0xa3f8bc00): 0:173) (com.whatsapp/com.whatsapp.Conversation (0xa456c800): 4:384) (InputMethod (0xa3f90c00): 11:279) 
06-12 17:52:58.351  4625  4628 E ANDR-PERF-MPCTL: Invalid profile no. 0, total profiles 0 only
06-12 17:52:58.482 28375 28375 I art     : Starting a blocking GC Explicit
06-12 17:52:58.521 28375 28375 I art     : Explicit concurrent mark sweep GC freed 10(304B) AllocSpace objects, 0(0B) LOS objects, 40% free, 23MB/38MB, paused 384us total 38.327ms
06-12 17:52:58.997   625  4544 D NuPlayerDriver: reset(0xaf211120) at state 6
06-12 17:52:58.997   625  4544 D NuPlayerDriver: notifyListener_l(0xaf211120), (8, 0, 0), loop setting(0, 0)
06-12 17:52:58.997   625 31503 I MediaCodec: (0xb0a39dc0) flush
06-12 17:52:59.003   625 31503 I MediaCodec: (0xb0a39dc0) release
06-12 17:52:59.011   625 31499 D NuPlayerDriver: notifyResetComplete(0xaf211120)
06-12 17:52:59.011   625  4544 D NuPlayerDriver: reset(0xaf211120) at state 0
06-12 17:52:59.185   897   897 I MSM-irqbalance: Decided to move IRQ155 from CPU6 to CPU5
06-12 17:52:59.244 14561 14561 I chatty  : uid=10131 com.jio.myjio:remote expire 324 lines
06-12 17:52:59.696  4625  4628 E ANDR-PERF-MPCTL: Invalid profile no. 0, total profiles 0 only
06-12 17:52:59.986 28375 28375 I art     : Starting a blocking GC Explicit
06-12 17:53:00.001  4224  4224 D KeyguardUpdateMonitor: received broadcast android.intent.action.TIME_TICK
06-12 17:53:00.002  4224  4224 D KeyguardUpdateMonitor: handleTimeUpdate
06-12 17:53:00.027 28375 28375 I art     : Explicit concurrent mark sweep GC freed 8(232B) AllocSpace objects, 0(0B) LOS objects, 40% free, 23MB/38MB, paused 375us total 40.330ms
06-12 17:53:00.635  4625  4628 E ANDR-PERF-MPCTL: Invalid profile no. 0, total profiles 0 only
06-12 17:53:01.324  4625  4628 E ANDR-PERF-MPCTL: Invalid profile no. 0, total profiles 0 only
06-12 17:53:01.381  4191 31558 I native  : neural_language_identifier.cc:218 Running NeuralLanguageIdentifier on text with size: 25 bytes.
06-12 17:53:01.383  4191  4191 W InputMethodService: Window size has been changed. This may cause jankiness of resizing window: -1 -> -2
06-12 17:53:01.491 28375 28375 I art     : Starting a blocking GC Explicit
06-12 17:53:01.539 28375 28375 I art     : Explicit concurrent mark sweep GC freed 8(232B) AllocSpace objects, 0(0B) LOS objects, 40% free, 23MB/38MB, paused 740us total 47.551ms
06-12 17:53:01.580  1696  2789 I WindowManager: Destroying surface Surface(name=InputMethod) called by com.android.server.wm.WindowStateAnimator.destroySurface:2067 com.android.server.wm.WindowStateAnimator.destroySurfaceLocked:896 com.android.server.wm.WindowState.destroyOrSaveSurface:2094 com.android.server.wm.WindowSurfacePlacer.performSurfacePlacementInner:433 com.android.server.wm.WindowSurfacePlacer.performSurfacePlacementLoop:234 com.android.server.wm.WindowSurfacePlacer.performSurfacePlacement:182 com.android.server.wm.WindowManagerService$H.handleMessage:8191 android.os.Handler.dispatchMessage:102 
06-12 17:53:01.616 13740 13771 D radish  : radish_process_msg: avail itm popped: 0xa8603040
06-12 17:53:01.616 13740 13771 D radish  : [bridge0] process_msg: rcvd 72 bytes
06-12 17:53:01.616 13740 13771 D radish  : process msg: ND packet rcvd
06-12 17:53:01.616 13740 13771 D radish  : nd_parse: calloc parsed_nd 0xa8a13400
06-12 17:53:01.616 13740 13771 D radish  : nd_parse: calloc option 1 (len 1): 0xa8a18d20
06-12 17:53:01.616 13740 13771 D radish  : [bridge0] type: 135. code: 0 checksum: 16760. iov_len: 72 icmp6h: 0xa8605828
06-12 17:53:01.616 13740 13771 D radish  : radish_update_parsed_nd: fe80::9e6b:49e1:29b1:e23c
06-12 17:53:01.616 13740 13771 D radish  : radish_update_parsed_nd: fe80::c8cf:38ff:fe3d:932f
06-12 17:53:01.616 13740 13771 D radish  : radish_send_proxy Skipping interface bridge0
06-12 17:53:01.616 13740 13771 D radish  : radish_send_proxy: avail itm popped: 0xa8a19800
06-12 17:53:01.616 13740 13771 D radish  : nd_parse: calloc parsed_nd 0xa8a13280
06-12 17:53:01.616 13740 13771 D radish  : nd_parse: calloc option 1 (len 1): 0xa8a18d30
06-12 17:53:01.616 13740 13771 D radish  : NEW Dest:
06-12 17:53:01.616 13740 13771 D radish  : radish_send_proxy: fe80::c8cf:38ff:fe3d:932f
06-12 17:53:01.616 13740 13771 D radish  : NEW Src:
06-12 17:53:01.616 13740 13771 D radish  : radish_send_proxy: fe80::9e6b:49e1:29b1:e23c
06-12 17:53:01.616 13740 13771 D radish  : forward this packet to rmnet_data0
06-12 17:53:01.616 13740 13771 D radish  : Adding proxy entry for fe80::c8cf:38ff:fe3d:932f to bridge0
06-12 17:53:01.616 13740 13771 D radish  : nd_free: Freeing parsed_nd_option: 0xa8a18d20
06-12 17:53:01.616 13740 13771 D radish  : nd_free: Freeing parsed_nd: 0xa8a13400
06-12 17:53:01.617 13740 13771 V radish  : radish_process_msg: avail itm appended: 0xa8603040
06-12 17:53:01.617 13740 13772 D radish  : [rmnet_data0] Receiving in wake socket
06-12 17:53:01.617 13740 13772 D radish  : radish_process_events: fe80::9e6b:49e1:29b1:e23c
06-12 17:53:01.617 13740 13772 D radish  : radish_process_events: fe80::c8cf:38ff:fe3d:932f
06-12 17:53:01.617 13740 13772 D radish  : popt type: 1, len: 1
06-12 17:53:01.617 13740 13772 D radish  : radish_nd_checksum: icmplen is deteremined to be 32
06-12 17:53:01.617 13740 13772 D radish  : Adding proxy entry for fe80::9e6b:49e1:29b1:e23c to rmnet_data0
06-12 17:53:01.617 13740 13772 D radish  : dst scope id changed from 51 to 6
06-12 17:53:01.617 13740 13772 D radish  : Sending from fe80::9e6b:49e1:29b1:e23c%51 to fe80::c8cf:38ff:fe3d:932f%6 (len=72) on socket 12
06-12 17:53:01.617 13740 13772 E radish  : radish_send_nd_packet sent 72 bytes
06-12 17:53:01.617 13740 13772 D radish  : sent ND packet to iface [rmnet_data0]
06-12 17:53:01.617 13740 13772 V radish  : radish_process_events: avail itm appended: 0xa8a19800
06-12 17:53:01.617 13740 13772 D radish  : nd_free: Freeing parsed_nd_option: 0xa8a18d30
06-12 17:53:01.617 13740 13772 D radish  : nd_free: Freeing parsed_nd: 0xa8a13280
06-12 17:53:01.719  4638  7478 V ConnectivityManager: isActiveNetworkMetered() returns:true
06-12 17:53:01.750  4638  7478 V ConnectivityManager: isActiveNetworkMetered() returns:true
06-12 17:53:01.797  4638  4942 W GCoreFlp: No location to return for getLastLocation()
06-12 17:53:01.799  1177 29108 W LocationOracle: No location returned by GMS core getLastLocation()
06-12 17:53:01.885  4638  5042 W GeofencerStateMachine: Ignoring removeGeofence because network location is disabled.
06-12 17:53:02.032   555   755 I SFPerfTracer:      triggers: (rate: 18:354) (247154 sw vsyncs) (0 skipped) (17:965130 vsyncs) (19:1410798)
06-12 17:53:02.534  4625  4628 E ANDR-PERF-MPCTL: Invalid profile no. 0, total profiles 0 only
06-12 17:53:02.555  1696  5006 I WindowManager: Destroying surface Surface(name=PopupWindow:e610d99) called by com.android.server.wm.WindowStateAnimator.destroySurface:2067 com.android.server.wm.WindowStateAnimator.destroySurfaceLocked:896 com.android.server.wm.WindowState.removeLocked:1457 com.android.server.wm.WindowManagerService.removeWindowInnerLocked:2531 com.android.server.wm.WindowManagerService.removeWindowLocked:2489 com.android.server.wm.WindowManagerService.removeWindowLocked:2358 com.android.server.wm.WindowManagerService.removeWindow:2349 com.android.server.wm.Session.remove:193 
06-12 17:53:02.562  4191  4191 W InputMethodService: Window size has been changed. This may cause jankiness of resizing window: -1 -> -2
06-12 17:53:02.563 30710 30710 W InputEventReceiver: Attempted to finish an input event but the input event receiver has already been disposed.
06-12 17:53:02.586  4191  4191 W InputConnectionWrapper: Fixing selection indices to 25, 25
06-12 17:53:02.995 28375 28375 I art     : Starting a blocking GC Explicit
06-12 17:53:03.040 28375 28375 I art     : Explicit concurrent mark sweep GC freed 8(232B) AllocSpace objects, 0(0B) LOS objects, 40% free, 23MB/38MB, paused 441us total 45.059ms
06-12 17:53:03.111   555   555 I SFPerfTracer:      triggers: (rate: 3865:248783) (compose: 83:4117) (post: 0:12) (render: 6:3270) (12:958850 frames) (13:1031472)
06-12 17:53:03.112   555   555 D SFPerfTracer:        layers: (6:13) (DimLayerController/Stack=0 (0xa3f8e400): 0:2642)* (StatusBar (0xa5c88000): 13:206015) (com.android.systemui.ImageWallpaper (0xa5c8a800): 13:115096)* (Sprite (0xa3f8f800): 0:27)* ( (0xa3f8d000): 13:2594) (DockedStackDim (0xa5c89400): 0:18)* (animation background stackId=1 (0xa456a000): 0:16)* (NavigationBar (0xa3f8bc00): 13:211) (com.whatsapp/com.whatsapp.Conversation (0xa456c800): 13:466) (InputMethod (0xa3f90c00): 0:305)- (PopupWindow:e610d99 (0xa456b400): 0:13)- (InputMethod (0xa3f90c00): 13:19) (PopupWindow:ffbd200 (0xa456b400): 13:17) 
06-12 17:53:03.123  4625  4628 E ANDR-PERF-MPCTL: Invalid profile no. 0, total profiles 0 only
06-12 17:53:04.001  4625  4628 E ANDR-PERF-MPCTL: Invalid profile no. 0, total profiles 0 only
06-12 17:53:04.063  4191 16032 I native  : fst-android-decoder.cc:789 Spatial model version: Bikey_0
06-12 17:53:04.255  1696  2789 I WindowManager: Destroying surface Surface(name=PopupWindow:ffbd200) called by com.android.server.wm.WindowStateAnimator.destroySurface:2067 com.android.server.wm.WindowStateAnimator.destroySurfaceLocked:896 com.android.server.wm.WindowState.destroyOrSaveSurface:2094 com.android.server.wm.AppWindowToken.destroySurfaces:363 com.android.server.wm.WindowStateAnimator.finishExit:575 com.android.server.wm.WindowStateAnimator.stepAnimationLocked:501 com.android.server.wm.WindowAnimator.updateWindowsLocked:303 com.android.server.wm.WindowAnimator.animateLocked:704 
06-12 17:53:04.498 28375 28375 I art     : Starting a blocking GC Explicit
06-12 17:53:04.539 28375 28375 I art     : Explicit concurrent mark sweep GC freed 8(232B) AllocSpace objects, 0(0B) LOS objects, 40% free, 23MB/38MB, paused 432us total 40.819ms
06-12 17:53:04.563  4625  4628 E ANDR-PERF-MPCTL: Invalid profile no. 0, total profiles 0 only
06-12 17:53:05.228  4625  4628 E ANDR-PERF-MPCTL: Invalid profile no. 0, total profiles 0 only
06-12 17:53:05.312  4191 31579 I native  : neural_language_identifier.cc:218 Running NeuralLanguageIdentifier on text with size: 5 bytes.
06-12 17:53:05.334 30710 30710 W IInputConnectionWrapper: getCursorCapsMode on inactive InputConnection
06-12 17:53:05.337  4191 31579 I native  : neural_language_identifier.cc:218 Running NeuralLanguageIdentifier on text with size: 0 bytes.
06-12 17:53:05.358  4191  4191 W InputConnectionWrapper: Fixing selection indices to 0, 0
06-12 17:53:05.367  4638  7478 V ConnectivityManager: isActiveNetworkMetered() returns:true
06-12 17:53:05.391  4191  4191 I native  : input-context-store.cc:113 Using roll back input context operation: [AbortComposing] reason: client [2467] vs decoder [2468]
06-12 17:53:05.393  4191 31579 I native  : neural_language_identifier.cc:218 Running NeuralLanguageIdentifier on text with size: 0 bytes.
06-12 17:53:05.437 30710 30721 I art     : Background sticky concurrent mark sweep GC freed 51375(3MB) AllocSpace objects, 19(416KB) LOS objects, 23% free, 16MB/20MB, paused 5.576ms total 73.974ms
06-12 17:53:05.503  4638  7478 V ConnectivityManager: isActiveNetworkMetered() returns:true
06-12 17:53:05.537  4191  4191 W InputContext: Ignore stale [FetchSuggestions] diff id:2468 with requestId:155<158
06-12 17:53:05.563 31428 31582 I SyncAdapterProxy: Delagator disabled, using the (deprecated) GData sync adapter
06-12 17:53:06.000 28375 28375 I art     : Starting a blocking GC Explicit
06-12 17:53:06.055 28375 28375 I art     : Explicit concurrent mark sweep GC freed 8(232B) AllocSpace objects, 0(0B) LOS objects, 40% free, 23MB/38MB, paused 517us total 54.278ms
06-12 17:53:06.182   625  7976 I ExtendedNuUtils: printFileName fd(12) -> /data/app/com.whatsapp-1/base.apk
06-12 17:53:06.187   624   624 W QComExtractorFactory: Not matched with any sniff above, lets try other sniffs 
06-12 17:53:06.190   555   755 I SFPerfTracer:      triggers: (rate: 18:354) (247154 sw vsyncs) (0 skipped) (56:965222 vsyncs) (58:1410912)
06-12 17:53:06.194   625 31584 D NuPlayerDriver: notifyListener_l(0xaf211600), (1, 0, 0), loop setting(0, 0)
06-12 17:53:06.195 30710 31340 D MediaPlayer: setSubtitleAnchor in MediaPlayer
06-12 17:53:06.198   625  1035 D NuPlayerDriver: start(0xaf211600), state is 4, eos is 0
06-12 17:53:06.199   625 31584 I GenericSource: start
06-12 17:53:06.206   625 31588 I MediaCodec: (0xac923780) init name(audio/mp4a-latm) isType(1) encoder(0)
06-12 17:53:06.211   625 31589 I MediaPlayerService: MediaPlayerService::getOMX
06-12 17:53:06.212   625 31589 I OMXClient: MuxOMX ctor
06-12 17:53:06.212   614  1071 I OMXMaster: makeComponentInstance(OMX.google.aac.decoder) in mediacodec process
06-12 17:53:06.217   625 31589 I MediaCodec: (0xac923780) Component Allocated (OMX.google.aac.decoder)
06-12 17:53:06.217   625 31588 I MediaCodec: (0xac923780) configure surface(0x0) crypto(0x0) flags(0)
06-12 17:53:06.217   625 31588 D MediaCodec: (0xac923780) configure format: AMessage(what = 0x00000000) = {
06-12 17:53:06.217   625 31588 D MediaCodec:       string mime = "audio/mp4a-latm"
06-12 17:53:06.217   625 31588 D MediaCodec:       int64_t durationUs = 92879
06-12 17:53:06.217   625 31588 D MediaCodec:       int32_t track-id = 1
06-12 17:53:06.217   625 31588 D MediaCodec:       int32_t channel-count = 1
06-12 17:53:06.217   625 31588 D MediaCodec:       int32_t sample-rate = 44100
06-12 17:53:06.217   625 31588 D MediaCodec:       int32_t encoder-delay = 2112
06-12 17:53:06.217   625 31588 D MediaCodec:       int32_t encoder-padding = 198
06-12 17:53:06.217   625 31588 D MediaCodec:       int32_t aac-profile = 2
06-12 17:53:06.217   625 31588 D MediaCodec:       int32_t max-input-size = 225
06-12 17:53:06.217   625 31588 D MediaCodec:       Buffer csd-0 = {
06-12 17:53:06.217   625 31588 D MediaCodec:         00000000:  12 08                                             ..
06-12 17:53:06.217   625 31588 D MediaCodec:       }
06-12 17:53:06.217   625 31588 D MediaCodec:       int32_t profile = 2
06-12 17:53:06.217   625 31588 D MediaCodec:       int32_t bitrate = 128000
06-12 17:53:06.217   625 31588 D MediaCodec:       int32_t priority = 0
06-12 17:53:06.217   625 31588 D MediaCodec:     }
06-12 17:53:06.218   614   794 E OMXNodeInstance: setConfig(266040a:google.aac.decoder, ConfigPriority(0x6f800002)) ERROR: Undefined(0x80001001)
06-12 17:53:06.218   625 31589 I ACodec  : codec does not support config priority (err -2147483648)
06-12 17:53:06.220   614   794 E OMXNodeInstance: setConfig(266040a:google.aac.decoder, ConfigPriority(0x6f800002)) ERROR: Undefined(0x80001001)
06-12 17:53:06.220   625 31589 I ACodec  : codec does not support config priority (err -2147483648)
06-12 17:53:06.222   625 31589 I MediaCodec: MediaCodec will operate in async mode
06-12 17:53:06.222   625 31588 I MediaCodec: (0xac923780) start
06-12 17:53:06.227   625 31589 I MediaCodec: (0xac923780) input buffers allocated
06-12 17:53:06.227   625 31589 I MediaCodec: (0xac923780) numBuffers (4)
06-12 17:53:06.227   625 31589 I MediaCodec: (0xac923780) output buffers allocated
06-12 17:53:06.227   625 31589 I MediaCodec: (0xac923780) numBuffers (4)
06-12 17:53:06.230   614 31590 I SoftAAC2: Reconfiguring decoder: 0->44100 Hz, 0->1 channels
06-12 17:53:06.236   625 31589 I MediaCodec: (0xac923780) output buffers allocated
06-12 17:53:06.236   625 31589 I MediaCodec: (0xac923780) numBuffers (4)
06-12 17:53:06.237   625 31589 D MediaCodec: (0xac923780) [OMX.google.aac.decoder] output format changed to: AMessage(what = 0x00000000) = {
06-12 17:53:06.237   625 31589 D MediaCodec:       string mime = "audio/raw"
06-12 17:53:06.237   625 31589 D MediaCodec:       int32_t channel-count = 1
06-12 17:53:06.237   625 31589 D MediaCodec:       int32_t sample-rate = 44100
06-12 17:53:06.237   625 31589 D MediaCodec:       int32_t pcm-encoding = 2
06-12 17:53:06.237   625 31589 D MediaCodec:       int32_t bit-width = 16
06-12 17:53:06.237   625 31589 D MediaCodec:     }
06-12 17:53:06.240   625 31587 D AudioTrack: Client defaulted notificationFrames to 7350 for frameCount 22050
06-12 17:53:06.253   607   939 D audio_hw_primary: out_set_parameters: enter: usecase(1: low-latency-playback) kvpairs: routing=2
06-12 17:53:06.273   607   939 V msm8974_platform: platform_get_output_snd_device: enter: output devices(0x2)
06-12 17:53:06.273   625 31588 I NuPlayerDecoder: [audio] saw output EOS
06-12 17:53:06.273   607   939 V msm8974_platform: platform_get_output_snd_device: exit: snd_device(speaker)
06-12 17:53:06.273   607   939 V msm8974_platform: platform_send_audio_calibration: sending audio calibration for snd_device(2) acdb_id(14)
06-12 17:53:06.273   607   939 D ACDB-LOADER: ACDB -> send_audio_cal, acdb_id = 14, path =  0
06-12 17:53:06.273   607   939 D ACDB-LOADER: ACDB -> send_asm_topology
06-12 17:53:06.273   607   939 D ACDB-LOADER: ACDB -> ACDB_CMD_GET_AUDPROC_STREAM_TOPOLOGY_ID
06-12 17:53:06.273   607   939 D ACDB-LOADER: ACDB -> send_adm_topology
06-12 17:53:06.273   607   939 D ACDB-LOADER: ACDB -> ACDB_CMD_GET_AUDPROC_COMMON_TOPOLOGY_ID
06-12 17:53:06.273   607   939 D ACDB-LOADER: ACDB -> send_audtable
06-12 17:53:06.274   607   939 D ACDB-LOADER: ACDB -> ACDB_CMD_GET_AUDPROC_COMMON_TABLE_SIZE
06-12 17:53:06.274   607   939 D         : ACDBFILE_MGR:Read the devices count as zero, please check the acdb file
06-12 17:53:06.274   607   939 D ACDB-LOADER: ACDB -> ACDB_CMD_GET_AUDPROC_COMMON_TABLE
06-12 17:53:06.274   607   939 D         : ACDBFILE_MGR:Read the devices count as zero, please check the acdb file
06-12 17:53:06.274   607   939 D ACDB-LOADER: ACDB -> AUDIO_SET_AUDPROC_CAL
06-12 17:53:06.274   607   939 D ACDB-LOADER: ACDB -> send_audvoltable
06-12 17:53:06.274   607   939 D ACDB-LOADER: ACDB -> ACDB_CMD_GET_AUDPROC_GAIN_DEP_STEP_TABLE
06-12 17:53:06.274   607   939 D         : ACDBFILE_MGR:Read the devices count as zero, please check the acdb file
06-12 17:53:06.274   607   939 D ACDB-LOADER: ACDB -> AUDIO_SET_AUDPROC_VOL_CAL
06-12 17:53:06.274   607   939 D ACDB-LOADER: ACDB -> send_audstrmtable
06-12 17:53:06.274   607   939 D ACDB-LOADER: ACDB -> ACDB_CMD_GET_AUDPROC_STREAM_TABLE_V2
06-12 17:53:06.274   607   939 D ACDB-LOADER: ACDB -> audstrm_cal->cal_type.cal_data.cal_size = 32
06-12 17:53:06.274   607   939 D ACDB-LOADER: ACDB -> send_afe_topology
06-12 17:53:06.274   607   939 D ACDB-LOADER: ACDB -> ACDB_CMD_GET_AFE_TOPOLOGY_ID
06-12 17:53:06.274   607   939 D ACDB-LOADER: ACDB -> GET_AFE_TOPOLOGY_ID for adcd_id 14, Topology Id 112fc
06-12 17:53:06.274   607   939 D ACDB-LOADER: ACDB -> send_afe_cal
06-12 17:53:06.274   607   939 D ACDB-LOADER: ACDB -> ACDB_CMD_GET_AFE_COMMON_TABLE
06-12 17:53:06.274   607   939 D         : ACDBFILE_MGR:Read the devices count as zero, please check the acdb file
06-12 17:53:06.274   607   939 D         : Failed to fetch the lookup information of the device 0000000E 
06-12 17:53:06.274   607   939 D ACDB-LOADER: ACDB -> AUDIO_SET_AFE_CAL
06-12 17:53:06.274   607   939 D ACDB-LOADER: ACDB -> send_hw_delay : acdb_id = 14 path = 0
06-12 17:53:06.274   625 31584 D NuPlayerDriver: notifyListener_l(0xaf211600), (6, 0, 0), loop setting(0, 0)
06-12 17:53:06.274   607   939 D ACDB-LOADER: ACDB -> ACDB_AVSYNC_INFO: ACDB_CMD_GET_DEVICE_PROPERTY
06-12 17:53:06.274   607   939 I audio_mot_sp: audio_extn_mot_spkr_send_cal: OSPL spkr calibration data [273072, 16] temperature [27], mixer ctrl: OSPL Rx temp_cal
06-12 17:53:06.314   607   939 D audio_hw_primary: enable_snd_device: snd_device(2: speaker)
06-12 17:53:06.314   607   939 D audio_hw_primary: enable_audio_route: apply and update mixer path: low-latency-playback speaker
06-12 17:53:06.315   625 31584 I ExtendedNuPlayer: notifyListener 2 0 0
06-12 17:53:06.315   625 31584 D NuPlayerDriver: notifyListener_l(0xaf211600), (2, 0, 0), loop setting(0, 0)
06-12 17:53:06.621   628   628 I cnss-daemon: RTM_NEWNEIGH message received: 28
06-12 17:53:06.621   628   628 E cnss-daemon: Stale or unreachable neighbors, ndm state: 16
06-12 17:53:06.716  4638  4638 W GCM-DMM : Force release of GOOGLE_C2DM lock
06-12 17:53:06.747 13740 13771 D radish  : radish_process_msg: avail itm popped: 0xa86030a0
06-12 17:53:06.747 13740 13771 D radish  : [bridge0] process_msg: rcvd 64 bytes
06-12 17:53:06.747 13740 13771 D radish  : process msg: ND packet rcvd
06-12 17:53:06.747 13740 13771 D radish  : nd_parse: calloc parsed_nd 0xa8a13400
06-12 17:53:06.747 13740 13771 D radish  : [bridge0] type: 136. code: 0 checksum: 30656. iov_len: 64 icmp6h: 0xa8607c28
06-12 17:53:06.747 13740 13771 D radish  : radish_update_parsed_nd: fe80::9e6b:49e1:29b1:e23c
06-12 17:53:06.747 13740 13771 D radish  : radish_update_parsed_nd: fe80::c8cf:38ff:fe3d:932f
06-12 17:53:06.747 13740 13771 D radish  : radish_send_proxy Skipping interface bridge0
06-12 17:53:06.747 13740 13771 D radish  : radish_send_proxy: avail itm popped: 0xa8a197c0
06-12 17:53:06.747 13740 13771 D radish  : nd_parse: calloc parsed_nd 0xa8a13580
06-12 17:53:06.747 13740 13771 D radish  : NEW Dest:
06-12 17:53:06.748 13740 13771 D radish  : radish_send_proxy: fe80::c8cf:38ff:fe3d:932f
06-12 17:53:06.748 13740 13771 D radish  : NEW Src:
06-12 17:53:06.748 13740 13771 D radish  : radish_send_proxy: fe80::9e6b:49e1:29b1:e23c
06-12 17:53:06.748 13740 13771 D radish  : forward this packet to rmnet_data0
06-12 17:53:06.748 13740 13771 D radish  : Adding proxy entry for fe80::c8cf:38ff:fe3d:932f to bridge0
06-12 17:53:06.748 13740 13771 D radish  : nd_free: Freeing parsed_nd: 0xa8a13400
06-12 17:53:06.748 13740 13771 V radish  : radish_process_msg: avail itm appended: 0xa86030a0
06-12 17:53:06.748 13740 13772 D radish  : [rmnet_data0] Receiving in wake socket
06-12 17:53:06.748 13740 13772 D radish  : radish_process_events: fe80::9e6b:49e1:29b1:e23c
06-12 17:53:06.748 13740 13772 D radish  : radish_process_events: fe80::c8cf:38ff:fe3d:932f
06-12 17:53:06.748 13740 13772 D radish  : Adding proxy entry for fe80::9e6b:49e1:29b1:e23c to rmnet_data0
06-12 17:53:06.748 13740 13772 D radish  : dst scope id changed from 51 to 6
06-12 17:53:06.748 13740 13772 D radish  : Sending from fe80::9e6b:49e1:29b1:e23c%51 to fe80::c8cf:38ff:fe3d:932f%6 (len=64) on socket 12
06-12 17:53:06.748 13740 13772 E radish  : radish_send_nd_packet sent 64 bytes
06-12 17:53:06.748 13740 13772 D radish  : sent ND packet to iface [rmnet_data0]
06-12 17:53:06.748 13740 13772 V radish  : radish_process_events: avail itm appended: 0xa8a197c0
06-12 17:53:06.748 13740 13772 D radish  : nd_free: Freeing parsed_nd: 0xa8a13580
06-12 17:53:07.370   607   938 E FastThread: did not receive expected priority boost
06-12 17:53:07.390   607   939 W AudioFlinger: write blocked for 1117 msecs, 14 delayed writes, thread 0xa8318480
06-12 17:53:07.488   628   628 I cnss-daemon: RTM_NEWNEIGH message received: 28
06-12 17:53:07.488   628   628 E cnss-daemon: Stale or unreachable neighbors, ndm state: 4
06-12 17:53:07.501 28375 28375 I art     : Starting a blocking GC Explicit
06-12 17:53:07.534  4625  4628 E ANDR-PERF-MPCTL: Invalid profile no. 0, total profiles 0 only
06-12 17:53:07.554 28375 28375 I art     : Explicit concurrent mark sweep GC freed 8(232B) AllocSpace objects, 0(0B) LOS objects, 40% free, 23MB/38MB, paused 443us total 52.612ms
06-12 17:53:07.609  4191 16032 I native  : fst-android-decoder.cc:789 Spatial model version: Bikey_0
06-12 17:53:07.624   607   939 D audio_hw_primary: disable_audio_route: reset and update mixer path: low-latency-playback speaker
06-12 17:53:07.625   607   939 D audio_hw_primary: disable_snd_device: snd_device(2: speaker)
06-12 17:53:08.064   555   555 I SFPerfTracer:      triggers: (rate: 3865:248791) (compose: 83:4117) (post: 0:12) (render: 6:3270) (17:958947 frames) (18:1031586)
06-12 17:53:08.065   555   555 D SFPerfTracer:        layers: (5:11) (DimLayerController/Stack=0 (0xa3f8e400): 0:2642)* (StatusBar (0xa5c88000): 0:206031) (com.android.systemui.ImageWallpaper (0xa5c8a800): 0:115109)* (Sprite (0xa3f8f800): 0:27)* ( (0xa3f8d000): 0:2607) (DockedStackDim (0xa5c89400): 0:18)* (animation background stackId=1 (0xa456a000): 0:16)* (NavigationBar (0xa3f8bc00): 0:224) (com.whatsapp/com.whatsapp.Conversation (0xa456c800): 14:564) (InputMethod (0xa3f90c00): 12:57) (PopupWindow:ffbd200 (0xa456b400): 0:28)- 
06-12 17:53:08.106  4625  4628 E ANDR-PERF-MPCTL: Invalid profile no. 0, total profiles 0 only
06-12 17:53:08.679  4625  4628 E ANDR-PERF-MPCTL: Invalid profile no. 0, total profiles 0 only
06-12 17:53:09.006 28375 28375 I art     : Starting a blocking GC Explicit
06-12 17:53:09.049 28375 28375 I art     : Explicit concurrent mark sweep GC freed 8(232B) AllocSpace objects, 0(0B) LOS objects, 40% free, 23MB/38MB, paused 431us total 43.311ms
06-12 17:53:09.168  4625  4628 E ANDR-PERF-MPCTL: Invalid profile no. 0, total profiles 0 only
06-12 17:53:09.185   897   897 I MSM-irqbalance: Decided to move IRQ177 from CPU6 to CPU5
06-12 17:53:09.604  4625  4628 E ANDR-PERF-MPCTL: Invalid profile no. 0, total profiles 0 only
06-12 17:53:09.834  4638  4638 W GCM-DMM : broadcast intent callback: result=CANCELLED forIntent { act=com.google.android.c2dm.intent.RECEIVE pkg=com.google.android.googlequicksearchbox (has extras) }
06-12 17:53:09.845  4638  7478 V ConnectivityManager: isActiveNetworkMetered() returns:true
06-12 17:53:10.421  4625  4628 E ANDR-PERF-MPCTL: Invalid profile no. 0, total profiles 0 only
06-12 17:53:10.508 28375 28375 I art     : Starting a blocking GC Explicit
06-12 17:53:10.549 28375 28375 I art     : Explicit concurrent mark sweep GC freed 8(232B) AllocSpace objects, 0(0B) LOS objects, 40% free, 23MB/38MB, paused 555us total 40.986ms
06-12 17:53:11.053  4625  4628 E ANDR-PERF-MPCTL: Invalid profile no. 0, total profiles 0 only
06-12 17:53:11.156   555   755 I SFPerfTracer:      triggers: (rate: 18:354) (247154 sw vsyncs) (0 skipped) (1:965283 vsyncs) (3:1411015)
06-12 17:53:11.652  1696  4083 D BatteryService: uevent={POWER_SUPPLY_TEMP=387, POWER_SUPPLY_STATUS=Charging, POWER_SUPPLY_CAPACITY=64, ACTION=change, DEVPATH=/devices/soc.0/qpnp-smbcharger-17/power_supply/battery, POWER_SUPPLY_AGE=94, POWER_SUPPLY_VOLTAGE_MAX=4350, SUBSYSTEM=power_supply, POWER_SUPPLY_NUM_SYSTEM_TEMP_LEVELS=8, POWER_SUPPLY_VOLTAGE_MAX_DESIGN=4350000, POWER_SUPPLY_INPUT_CURRENT_MAX=1500000, POWER_SUPPLY_CHARGE_FULL=2871000, POWER_SUPPLY_NAME=battery, POWER_SUPPLY_FLASH_CURRENT_MAX=1952862, POWER_SUPPLY_HEALTH=Good, POWER_SUPPLY_CYCLE_COUNT=3, POWER_SUPPLY_TECHNOLOGY=Li-ion, POWER_SUPPLY_CHARGE_TYPE=Fast, POWER_SUPPLY_PRESENT=1, POWER_SUPPLY_CONSTANT_CHARGE_CURRENT_MAX=2500000, POWER_SUPPLY_TEMP_HOTSPOT=0, POWER_SUPPLY_INPUT_CURRENT_SETTLED=0, POWER_SUPPLY_SAFETY_TIMER_ENABLED=0, POWER_SUPPLY_FLASH_ACTIVE=0, POWER_SUPPLY_VOLTAGE_NOW=4028754, SEQNUM=80234, POWER_SUPPLY_CHARGE_FULL_DESIGN=3029000, POWER_SUPPLY_CURRENT_NOW=-260160, POWER_SUPPLY_SYSTEM_TEMP_LEVEL=0, POWER_SUPPLY_CHARGE_COUNTER=2059412, POWER_SUPPLY_CHARGE_RATE=Normal, POWER_SUPPLY_CHARGING_ENABLED=1, POWER_SUPPLY_BATTERY_CHARGING_ENABLED=1}
06-12 17:53:11.655  1696  1754 D BatteryService: mLastPlugType/mPlugType:2/2
06-12 17:53:11.655  1696  1754 D BatteryService: set mLastPlugType to 2
06-12 17:53:11.657  4224  4224 D KeyguardUpdateMonitor: received broadcast android.intent.action.BATTERY_CHANGED
06-12 17:53:11.658  4664  4788 W QCNEJ   : |CORE| CNE received unexpected action: android.intent.action.BATTERY_CHANGED
06-12 17:53:11.660  4177  4177 D VideoCall_LowBattery: BatteryIntent received: android.intent.action.BATTERY_CHANGED
06-12 17:53:11.662  4224  4224 D KeyguardUpdateMonitor: handleBatteryUpdate
06-12 17:53:11.673  4177  4177 D VideoCall_LowBattery:  allowVideoCallsInLowBattery: false isCarrierOneSupported: false mIsLowbattery: false
06-12 17:53:11.902  4625  4628 E ANDR-PERF-MPCTL: Invalid profile no. 0, total profiles 0 only
06-12 17:53:12.013 28375 28375 I art     : Starting a blocking GC Explicit
06-12 17:53:12.027  4913 15858 I Icing   : App usage reports: 3
06-12 17:53:12.027  4913 15858 I Icing   : Usage reports 3 indexed 0 rejected 0 imm upload false
06-12 17:53:12.060 28375 28375 I art     : Explicit concurrent mark sweep GC freed 8(232B) AllocSpace objects, 0(0B) LOS objects, 40% free, 23MB/38MB, paused 612us total 46.988ms
06-12 17:53:12.094  4913 26467 I Icing   : Usage reports 0 indexed 0 rejected 0 imm upload false
06-12 17:53:12.100  4913  4924 I art     : Background partial concurrent mark sweep GC freed 123636(6MB) AllocSpace objects, 23(452KB) LOS objects, 40% free, 15MB/26MB, paused 1.385ms total 106.701ms
06-12 17:53:12.102  4913  4922 W SQLiteConnectionPool: A SQLiteConnection object for database '/data/user/0/com.google.android.gms/databases/metrics.db.16' was leaked!  Please fix your application to end transactions in progress properly and to close the database when it is no longer needed.
06-12 17:53:12.104  4913  4922 W SQLiteConnectionPool: A SQLiteConnection object for database '/data/user/0/com.google.android.gms/databases/help_responses.db.18' was leaked!  Please fix your application to end transactions in progress properly and to close the database when it is no longer needed.
06-12 17:53:12.104  4913  4922 W SQLiteConnectionPool: A SQLiteConnection object for database '/data/user/0/com.google.android.gms/databases/auto_complete_suggestions.db' was leaked!  Please fix your application to end transactions in progress properly and to close the database when it is no longer needed.
06-12 17:53:12.176  4913 26467 I Icing   : Usage reports 0 indexed 0 rejected 0 imm upload false
06-12 17:53:12.258  4913 26467 I Icing   : Usage reports 0 indexed 0 rejected 0 imm upload false
06-12 17:53:12.369   555   555 I SFPerfTracer:       trigger: frame rate (-42.716%)	(34.370 fps)	(29.095 ms) 	(8 drops)	(11 frames)
06-12 17:53:12.369   555   555 I SFPerfTracer:      triggers: (rate: 3866:248812) (compose: 83:4117) (post: 0:12) (render: 6:3270) (11:959006 frames) (12:1031661)
06-12 17:53:12.370   555   555 D SFPerfTracer:        layers: (5:10) (DimLayerController/Stack=0 (0xa3f8e400): 0:2642)* (StatusBar (0xa5c88000): 0:206033) (com.android.systemui.ImageWallpaper (0xa5c8a800): 0:115109)* (Sprite (0xa3f8f800): 0:27)* ( (0xa3f8d000): 0:2607) (DockedStackDim (0xa5c89400): 0:18)* (animation background stackId=1 (0xa456a000): 0:16)* (NavigationBar (0xa3f8bc00): 0:224) (com.whatsapp/com.whatsapp.Conversation (0xa456c800): 3:598) (InputMethod (0xa3f90c00): 11:113) 
06-12 17:53:12.483  4625  4628 E ANDR-PERF-MPCTL: Invalid profile no. 0, total profiles 0 only
06-12 17:53:12.607   628   628 I cnss-daemon: RTM_NEWNEIGH message received: 28
06-12 17:53:12.608   628   628 E cnss-daemon: Stale or unreachable neighbors, ndm state: 4
06-12 17:53:12.656 14561 14561 I chatty  : uid=10131 com.jio.myjio:remote expire 324 lines
06-12 17:53:12.794   628   628 I cnss-daemon: RTM_NEWNEIGH message received: 28
06-12 17:53:12.794   628   628 E cnss-daemon: Stale or unreachable neighbors, ndm state: 16
06-12 17:53:13.033  4913 26467 I Icing   : Indexing EBD1CBF75F0EA81DB1044F0EE3DD9CBAF41B74A1 from com.google.android.gms
06-12 17:53:13.046  4913 26467 I Icing   : Not enough disk space for indexing trimmable
06-12 17:53:13.064  4913 26467 I Icing   : Not enough disk space for indexing trimmable
06-12 17:53:13.070  4913 26467 I Icing   : Indexing done EBD1CBF75F0EA81DB1044F0EE3DD9CBAF41B74A1
06-12 17:53:13.096  4625  4628 E ANDR-PERF-MPCTL: Invalid profile no. 0, total profiles 0 only
06-12 17:53:13.518 28375 28375 I art     : Starting a blocking GC Explicit
06-12 17:53:13.555 28375 28375 I art     : Explicit concurrent mark sweep GC freed 8(232B) AllocSpace objects, 0(0B) LOS objects, 40% free, 23MB/38MB, paused 453us total 37.143ms
06-12 17:53:13.646  4625  4628 E ANDR-PERF-MPCTL: Invalid profile no. 0, total profiles 0 only
06-12 17:53:14.188   897   897 I MSM-irqbalance: Decided to move IRQ200 from CPU7 to CPU5
06-12 17:53:14.335  4625  4628 E ANDR-PERF-MPCTL: Invalid profile no. 0, total profiles 0 only
06-12 17:53:15.021 28375 28375 I art     : Starting a blocking GC Explicit
06-12 17:53:15.056 28375 28375 I art     : Explicit concurrent mark sweep GC freed 8(232B) AllocSpace objects, 0(0B) LOS objects, 40% free, 23MB/38MB, paused 438us total 34.789ms
06-12 17:53:15.346  4625  4628 E ANDR-PERF-MPCTL: Invalid profile no. 0, total profiles 0 only
06-12 17:53:16.278   625  7976 D NuPlayerDriver: reset(0xaf211600) at state 6
06-12 17:53:16.278   625  7976 D NuPlayerDriver: notifyListener_l(0xaf211600), (8, 0, 0), loop setting(0, 0)
06-12 17:53:16.278   625 31588 I MediaCodec: (0xac923780) flush
06-12 17:53:16.280   625 31588 I MediaCodec: (0xac923780) release
06-12 17:53:16.288   625 31584 D NuPlayerDriver: notifyResetComplete(0xaf211600)
06-12 17:53:16.289   625  7976 D NuPlayerDriver: reset(0xaf211600) at state 0
06-12 17:53:16.523 28375 28375 I art     : Starting a blocking GC Explicit
06-12 17:53:16.570 28375 28375 I art     : Explicit concurrent mark sweep GC freed 8(232B) AllocSpace objects, 0(0B) LOS objects, 40% free, 23MB/38MB, paused 429us total 47.274ms
06-12 17:53:16.784  4191  4191 E LatinMotionEventHandler: Failed to find view of the target key
06-12 17:53:16.784  4625  4628 E ANDR-PERF-MPCTL: Invalid profile no. 0, total profiles 0 only
06-12 17:53:16.963   555   755 I SFPerfTracer:      triggers: (rate: 18:354) (247154 sw vsyncs) (0 skipped) (0:965322 vsyncs) (1:1411116)
06-12 17:53:17.263  4625  4628 E ANDR-PERF-MPCTL: Invalid profile no. 0, total profiles 0 only
06-12 17:53:17.347 30710 30710 E SpannableStringBuilder: SPAN_EXCLUSIVE_EXCLUSIVE spans cannot have a zero length
06-12 17:53:17.347 30710 30710 E SpannableStringBuilder: SPAN_EXCLUSIVE_EXCLUSIVE spans cannot have a zero length
06-12 17:53:17.507  4625  4628 E ANDR-PERF-MPCTL: Invalid profile no. 0, total profiles 0 only
06-12 17:53:17.954  4625  4628 E ANDR-PERF-MPCTL: Invalid profile no. 0, total profiles 0 only
06-12 17:53:18.023 28375 28375 I art     : Starting a blocking GC Explicit
06-12 17:53:18.069 28375 28375 I art     : Explicit concurrent mark sweep GC freed 8(232B) AllocSpace objects, 0(0B) LOS objects, 40% free, 23MB/38MB, paused 481us total 45.032ms
06-12 17:53:18.298 30710 30710 E SpannableStringBuilder: SPAN_EXCLUSIVE_EXCLUSIVE spans cannot have a zero length
06-12 17:53:18.298 30710 30710 E SpannableStringBuilder: SPAN_EXCLUSIVE_EXCLUSIVE spans cannot have a zero length
06-12 17:53:18.643  4625  4628 E ANDR-PERF-MPCTL: Invalid profile no. 0, total profiles 0 only
06-12 17:53:18.849   555   555 I SFPerfTracer:      triggers: (rate: 3866:248837) (compose: 83:4117) (post: 0:12) (render: 6:3270) (32:959080 frames) (33:1031763)
06-12 17:53:18.849   555   555 D SFPerfTracer:        layers: (5:10) (DimLayerController/Stack=0 (0xa3f8e400): 0:2642)* (StatusBar (0xa5c88000): 0:206035) (com.android.systemui.ImageWallpaper (0xa5c8a800): 0:115109)* (Sprite (0xa3f8f800): 0:27)* ( (0xa3f8d000): 0:2607) (DockedStackDim (0xa5c89400): 0:18)* (animation background stackId=1 (0xa456a000): 0:16)* (NavigationBar (0xa3f8bc00): 0:224) (com.whatsapp/com.whatsapp.Conversation (0xa456c800): 27:648) (InputMethod (0xa3f90c00): 12:181) 
06-12 17:53:18.895  4625  4628 E ANDR-PERF-MPCTL: Invalid profile no. 0, total profiles 0 only
06-12 17:53:18.949 30710 30710 E SpannableStringBuilder: SPAN_EXCLUSIVE_EXCLUSIVE spans cannot have a zero length
06-12 17:53:18.949 30710 30710 E SpannableStringBuilder: SPAN_EXCLUSIVE_EXCLUSIVE spans cannot have a zero length
06-12 17:53:19.187   897   897 I MSM-irqbalance: Decided to move IRQ57 from CPU6 to CPU5
06-12 17:53:19.405 30710 30710 E SpannableStringBuilder: SPAN_EXCLUSIVE_EXCLUSIVE spans cannot have a zero length
06-12 17:53:19.405 30710 30710 E SpannableStringBuilder: SPAN_EXCLUSIVE_EXCLUSIVE spans cannot have a zero length
06-12 17:53:19.527 28375 28375 I art     : Starting a blocking GC Explicit
06-12 17:53:19.563 28375 28375 I art     : Explicit concurrent mark sweep GC freed 8(232B) AllocSpace objects, 0(0B) LOS objects, 40% free, 23MB/38MB, paused 403us total 36.097ms
06-12 17:53:19.976  4625  4628 E ANDR-PERF-MPCTL: Invalid profile no. 0, total profiles 0 only
06-12 17:53:20.183 13670 13670 V hostapd : nl80211: Event message available
06-12 17:53:20.183 13670 13670 D hostapd : nl80211: BSS Event 59 (NL80211_CMD_FRAME) received for wlan0
06-12 17:53:20.183 13670 13670 V hostapd : nl80211: MLME event 59 (NL80211_CMD_FRAME) on wlan0(a4:70:d6:80:66:aa) A1=ff:ff:ff:ff:ff:ff A2=b0:10:41:67:f7:b3
06-12 17:53:20.183 13670 13670 V hostapd : nl80211: MLME event frame - hexdump(len=73): 40 00 00 00 ff ff ff ff ff ff b0 10 41 67 f7 b3 ff ff ff ff ff ff 30 0b 00 00 01 08 02 04 0b 16 ...
06-12 17:53:20.183 13670 13670 V hostapd : nl80211: Frame event
06-12 17:53:20.183 13670 13670 D hostapd : nl80211: RX frame da=ff:ff:ff:ff:ff:ff sa=b0:10:41:67:f7:b3 bssid=ff:ff:ff:ff:ff:ff freq=2437 ssi_signal=0 fc=0x40 seq_ctrl=0xb30 stype=4 (WLAN_FC_STYPE_PROBE_REQ) len=73
06-12 17:53:20.183 13670 13670 D hostapd : Ignore Probe Request due to DS Params mismatch: chan=4 != ds.chan=6
06-12 17:53:20.419  4625  4628 E ANDR-PERF-MPCTL: Invalid profile no. 0, total profiles 0 only
06-12 17:53:20.472 30710 30710 E SpannableStringBuilder: SPAN_EXCLUSIVE_EXCLUSIVE spans cannot have a zero length
06-12 17:53:20.472 30710 30710 E SpannableStringBuilder: SPAN_EXCLUSIVE_EXCLUSIVE spans cannot have a zero length
06-12 17:53:21.029 28375 28375 I art     : Starting a blocking GC Explicit
06-12 17:53:21.077 28375 28375 I art     : Explicit concurrent mark sweep GC freed 8(232B) AllocSpace objects, 0(0B) LOS objects, 40% free, 23MB/38MB, paused 448us total 47.195ms
06-12 17:53:21.474  4625  4628 E ANDR-PERF-MPCTL: Invalid profile no. 0, total profiles 0 only
06-12 17:53:21.476   555   755 I SFPerfTracer:      triggers: (rate: 18:354) (247154 sw vsyncs) (0 skipped) (0:965382 vsyncs) (1:1411217)
06-12 17:53:22.135  4625  4628 E ANDR-PERF-MPCTL: Invalid profile no. 0, total profiles 0 only
06-12 17:53:22.535 28375 28375 I art     : Starting a blocking GC Explicit
06-12 17:53:22.582 28375 28375 I art     : Explicit concurrent mark sweep GC freed 8(232B) AllocSpace objects, 0(0B) LOS objects, 40% free, 23MB/38MB, paused 876us total 47.387ms
06-12 17:53:22.954   628   628 I cnss-daemon: RTM_NEWNEIGH message received: 28
06-12 17:53:22.954   628   628 E cnss-daemon: Stale or unreachable neighbors, ndm state: 4
06-12 17:53:23.007  4625  4628 E ANDR-PERF-MPCTL: Invalid profile no. 0, total profiles 0 only
06-12 17:53:23.067 30710 30710 E SpannableStringBuilder: SPAN_EXCLUSIVE_EXCLUSIVE spans cannot have a zero length
06-12 17:53:23.067 30710 30710 E SpannableStringBuilder: SPAN_EXCLUSIVE_EXCLUSIVE spans cannot have a zero length
06-12 17:53:23.282  4625  4628 E ANDR-PERF-MPCTL: Invalid profile no. 0, total profiles 0 only
06-12 17:53:23.590 30710 30710 E SpannableStringBuilder: SPAN_EXCLUSIVE_EXCLUSIVE spans cannot have a zero length
06-12 17:53:23.591 30710 30710 E SpannableStringBuilder: SPAN_EXCLUSIVE_EXCLUSIVE spans cannot have a zero length
06-12 17:53:23.844  4625  4628 E ANDR-PERF-MPCTL: Invalid profile no. 0, total profiles 0 only
06-12 17:53:23.880 14561 14561 I chatty  : uid=10131 com.jio.myjio:remote expire 216 lines
06-12 17:53:24.038 28375 28375 I art     : Starting a blocking GC Explicit
06-12 17:53:24.076 28375 28375 I art     : Explicit concurrent mark sweep GC freed 8(232B) AllocSpace objects, 0(0B) LOS objects, 40% free, 23MB/38MB, paused 400us total 38.012ms
06-12 17:53:24.187   897   897 I MSM-irqbalance: Decided to move IRQ200 from CPU6 to CPU5
06-12 17:53:24.215  4625  4628 E ANDR-PERF-MPCTL: Invalid profile no. 0, total profiles 0 only
06-12 17:53:24.236   555   555 I SFPerfTracer:      triggers: (rate: 3866:248863) (compose: 83:4117) (post: 0:12) (render: 6:3270) (27:959171 frames) (28:1031874)
06-12 17:53:24.236   555   555 D SFPerfTracer:        layers: (5:10) (DimLayerController/Stack=0 (0xa3f8e400): 0:2642)* (StatusBar (0xa5c88000): 1:206037) (com.android.systemui.ImageWallpaper (0xa5c8a800): 0:115109)* (Sprite (0xa3f8f800): 0:27)* ( (0xa3f8d000): 0:2607) (DockedStackDim (0xa5c89400): 0:18)* (animation background stackId=1 (0xa456a000): 0:16)* (NavigationBar (0xa3f8bc00): 0:224) (com.whatsapp/com.whatsapp.Conversation (0xa456c800): 26:711) (InputMethod (0xa3f90c00): 8:250) 
06-12 17:53:24.259 30710 30710 E SpannableStringBuilder: SPAN_EXCLUSIVE_EXCLUSIVE spans cannot have a zero length
06-12 17:53:24.259 30710 30710 E SpannableStringBuilder: SPAN_EXCLUSIVE_EXCLUSIVE spans cannot have a zero length
06-12 17:53:24.707 30710 30710 E SpannableStringBuilder: SPAN_EXCLUSIVE_EXCLUSIVE spans cannot have a zero length
06-12 17:53:24.707 30710 30710 E SpannableStringBuilder: SPAN_EXCLUSIVE_EXCLUSIVE spans cannot have a zero length
06-12 17:53:25.293  4625  4628 E ANDR-PERF-MPCTL: Invalid profile no. 0, total profiles 0 only
06-12 17:53:25.538 28375 28375 I art     : Starting a blocking GC Explicit
06-12 17:53:25.577 28375 28375 I art     : Explicit concurrent mark sweep GC freed 8(232B) AllocSpace objects, 0(0B) LOS objects, 40% free, 23MB/38MB, paused 399us total 38.197ms
06-12 17:53:25.918   555   755 I SFPerfTracer:      triggers: (rate: 18:354) (247154 sw vsyncs) (0 skipped) (2:965431 vsyncs) (4:1411319)
06-12 17:53:26.624  4625  4628 E ANDR-PERF-MPCTL: Invalid profile no. 0, total profiles 0 only
06-12 17:53:26.957 13740 13771 D radish  : radish_process_msg: avail itm popped: 0xa8603000
06-12 17:53:26.957 13740 13771 D radish  : [bridge0] process_msg: rcvd 72 bytes
06-12 17:53:26.957 13740 13771 D radish  : process msg: ND packet rcvd
06-12 17:53:26.957 13740 13771 D radish  : nd_parse: calloc parsed_nd 0xa8a13400
06-12 17:53:26.957 13740 13771 D radish  : nd_parse: calloc option 1 (len 1): 0xa8a18d20
06-12 17:53:26.957 13740 13771 D radish  : [bridge0] type: 135. code: 0 checksum: 43431. iov_len: 72 icmp6h: 0xa8604028
06-12 17:53:26.957 13740 13771 D radish  : radish_update_parsed_nd: fe80::9e6b:49e1:29b1:e23c
06-12 17:53:26.957 13740 13771 D radish  : radish_update_parsed_nd: fe80::bd91:bdca:afef:503c
06-12 17:53:26.957 13740 13771 D radish  : radish_send_proxy Skipping interface bridge0
06-12 17:53:26.957 13740 13771 D radish  : radish_send_proxy: avail itm popped: 0xa8603080
06-12 17:53:26.957 13740 13771 D radish  : nd_parse: calloc parsed_nd 0xa8a13600
06-12 17:53:26.957 13740 13771 D radish  : nd_parse: calloc option 1 (len 1): 0xa8a18d50
06-12 17:53:26.957 13740 13771 D radish  : NEW Dest:
06-12 17:53:26.957 13740 13771 D radish  : radish_send_proxy: fe80::bd91:bdca:afef:503c
06-12 17:53:26.957 13740 13771 D radish  : NEW Src:
06-12 17:53:26.957 13740 13771 D radish  : radish_send_proxy: fe80::9e6b:49e1:29b1:e23c
06-12 17:53:26.957 13740 13771 D radish  : forward this packet to rmnet_data0
06-12 17:53:26.957 13740 13771 D radish  : Adding proxy entry for fe80::bd91:bdca:afef:503c to bridge0
06-12 17:53:26.957 13740 13771 D radish  : nd_free: Freeing parsed_nd_option: 0xa8a18d20
06-12 17:53:26.957 13740 13772 D radish  : [rmnet_data0] Receiving in wake socket
06-12 17:53:26.957 13740 13771 D radish  : nd_free: Freeing parsed_nd: 0xa8a13400
06-12 17:53:26.957 13740 13771 V radish  : radish_process_msg: avail itm appended: 0xa8603000
06-12 17:53:26.957 13740 13772 D radish  : radish_process_events: fe80::9e6b:49e1:29b1:e23c
06-12 17:53:26.957 13740 13772 D radish  : radish_process_events: fe80::bd91:bdca:afef:503c
06-12 17:53:26.957 13740 13772 D radish  : popt type: 1, len: 1
