# Check configuration tokens
Buildozer is running as root!
This is not recommended, and may lead to problems later.
Are you sure you want to continue [y/n]? # Ensure build layout
# Check configuration tokens
# Preparing build
# Check requirements for android
# Install platform
# Apache ANT found at /home/nachiket/.buildozer/android/platform/apache-ant-1.9.4
# Android SDK found at /home/nachiket/.buildozer/android/platform/android-sdk-20
# Android NDK found at /home/nachiket/.buildozer/android/platform/android-ndk-r9c
# Check application requirements
# Check garden requirements
# Compile platform
# Build the application #836
# Package the application
# Android packaging done!
# APK MalDetec-0.1-debug.apk available in the bin directory
# Deploy on ZY2238HNDB
# Application pushed.
# Run on ZY2238HNDB
# Application started.
--------- beginning of crash
06-10 00:19:55.470  6306  6306 F libc    : Fatal signal 6 (SIGABRT), code -6 in tid 6306 (main)
06-10 00:19:55.540  7207  7207 F DEBUG   : *** *** *** *** *** *** *** *** *** *** *** *** *** *** *** ***
06-10 00:19:55.540  7207  7207 F DEBUG   : Build fingerprint: 'motorola/athene_f/athene_f:7.0/NPJS25.93-14-4/4:user/release-keys'
06-10 00:19:55.540  7207  7207 F DEBUG   : Revision: 'p2a0'
06-10 00:19:55.540  7207  7207 F DEBUG   : ABI: 'arm'
06-10 00:19:55.540  7207  7207 F DEBUG   : pid: 6306, tid: 6306, name: main  >>> /system/bin/dex2oat <<<
06-10 00:19:55.540  7207  7207 F DEBUG   : signal 6 (SIGABRT), code -6 (SI_TKILL), fault addr --------
06-10 00:19:55.543  7207  7207 F DEBUG   : Abort message: 'art/compiler/image_writer.cc:440] Check failed: dex_file_oat_index_map_.find(dex_file) != dex_file_oat_index_map_.end() Dex cache should have been pruned /system/framework/com.google.android.maps.jar; possibly in class path'
06-10 00:19:55.543  7207  7207 F DEBUG   :     r0 00000000  r1 000018a2  r2 00000006  r3 00000008
06-10 00:19:55.543  7207  7207 F DEBUG   :     r4 aab0758c  r5 00000006  r6 aab07534  r7 0000010c
06-10 00:19:55.543  7207  7207 F DEBUG   :     r8 a9e04f00  r9 0000000b  sl 00000006  fp a9cb72a0
06-10 00:19:55.543  7207  7207 F DEBUG   :     ip 00000000  sp be8612c0  lr aa5453e7  pc aa547c44  cpsr 200f0010
06-10 00:19:55.557  7207  7207 F DEBUG   : 
06-10 00:19:55.557  7207  7207 F DEBUG   : backtrace:
06-10 00:19:55.557  7207  7207 F DEBUG   :     #00 pc 00049c44  /system/lib/libc.so (tgkill+12)
06-10 00:19:55.557  7207  7207 F DEBUG   :     #01 pc 000473e3  /system/lib/libc.so (pthread_kill+34)
06-10 00:19:55.557  7207  7207 F DEBUG   :     #02 pc 0001d535  /system/lib/libc.so (raise+10)
06-10 00:19:55.557  7207  7207 F DEBUG   :     #03 pc 00019081  /system/lib/libc.so (__libc_android_abort+34)
06-10 00:19:55.557  7207  7207 F DEBUG   :     #04 pc 000170e4  /system/lib/libc.so (abort+4)
06-10 00:19:55.557  7207  7207 F DEBUG   :     #05 pc 00319011  /system/lib/libart.so (_ZN3art7Runtime5AbortEv+252)
06-10 00:19:55.557  7207  7207 F DEBUG   :     #06 pc 000b4979  /system/lib/libart.so (_ZN3art10LogMessageD2Ev+864)
06-10 00:19:55.557  7207  7207 F DEBUG   :     #07 pc 00179279  /system/lib/libart-compiler.so (_ZN3art11ImageWriter25PrepareDexCacheArraySlotsEv+960)
06-10 00:19:55.557  7207  7207 F DEBUG   :     #08 pc 0017612b  /system/lib/libart-compiler.so (_ZN3art11ImageWriter25CalculateNewObjectOffsetsEv+642)
06-10 00:19:55.557  7207  7207 F DEBUG   :     #09 pc 00175875  /system/lib/libart-compiler.so (_ZN3art11ImageWriter24PrepareImageAddressSpaceEv+908)
06-10 00:19:55.557  7207  7207 F DEBUG   :     #10 pc 000188ad  /system/bin/dex2oat
06-10 00:19:55.557  7207  7207 F DEBUG   :     #11 pc 00008c01  /system/bin/dex2oat (main+736)
06-10 00:19:55.557  7207  7207 F DEBUG   :     #12 pc 00016cfd  /system/lib/libc.so (__libc_init+48)
06-10 00:19:55.557  7207  7207 F DEBUG   :     #13 pc 00008848  /system/bin/dex2oat
06-10 04:12:43.109  1695  1695 F libc    : Fatal signal 6 (SIGABRT), code -6 in tid 1695 (main)
06-10 04:12:43.171  1742  1742 F DEBUG   : *** *** *** *** *** *** *** *** *** *** *** *** *** *** *** ***
06-10 04:12:43.171  1742  1742 F DEBUG   : Build fingerprint: 'motorola/athene_f/athene_f:7.0/NPJS25.93-14-4/4:user/release-keys'
06-10 04:12:43.171  1742  1742 F DEBUG   : Revision: 'p2a0'
06-10 04:12:43.171  1742  1742 F DEBUG   : ABI: 'arm'
06-10 04:12:43.171  1742  1742 F DEBUG   : pid: 1695, tid: 1695, name: main  >>> /system/bin/dex2oat <<<
06-10 04:12:43.171  1742  1742 F DEBUG   : signal 6 (SIGABRT), code -6 (SI_TKILL), fault addr --------
06-10 04:12:43.173  1742  1742 F DEBUG   : Abort message: 'art/compiler/image_writer.cc:440] Check failed: dex_file_oat_index_map_.find(dex_file) != dex_file_oat_index_map_.end() Dex cache should have been pruned /system/framework/com.google.android.maps.jar; possibly in class path'
06-10 04:12:43.178  1742  1742 F DEBUG   :     r0 00000000  r1 0000069f  r2 00000006  r3 00000008
06-10 04:12:43.178  1742  1742 F DEBUG   :     r4 a8ac258c  r5 00000006  r6 a8ac2534  r7 0000010c
06-10 04:12:43.178  1742  1742 F DEBUG   :     r8 a8904f00  r9 0000000b  sl 00000006  fp a7cf10f0
06-10 04:12:43.178  1742  1742 F DEBUG   :     ip 00000000  sp be9b72c0  lr a80df3e7  pc a80e1c44  cpsr 200f0010
06-10 04:12:43.193  1742  1742 F DEBUG   : 
06-10 04:12:43.193  1742  1742 F DEBUG   : backtrace:
06-10 04:12:43.193  1742  1742 F DEBUG   :     #00 pc 00049c44  /system/lib/libc.so (tgkill+12)
06-10 04:12:43.193  1742  1742 F DEBUG   :     #01 pc 000473e3  /system/lib/libc.so (pthread_kill+34)
06-10 04:12:43.193  1742  1742 F DEBUG   :     #02 pc 0001d535  /system/lib/libc.so (raise+10)
06-10 04:12:43.193  1742  1742 F DEBUG   :     #03 pc 00019081  /system/lib/libc.so (__libc_android_abort+34)
06-10 04:12:43.193  1742  1742 F DEBUG   :     #04 pc 000170e4  /system/lib/libc.so (abort+4)
06-10 04:12:43.193  1742  1742 F DEBUG   :     #05 pc 00319011  /system/lib/libart.so (_ZN3art7Runtime5AbortEv+252)
06-10 04:12:43.193  1742  1742 F DEBUG   :     #06 pc 000b4979  /system/lib/libart.so (_ZN3art10LogMessageD2Ev+864)
06-10 04:12:43.193  1742  1742 F DEBUG   :     #07 pc 00179279  /system/lib/libart-compiler.so (_ZN3art11ImageWriter25PrepareDexCacheArraySlotsEv+960)
06-10 04:12:43.193  1742  1742 F DEBUG   :     #08 pc 0017612b  /system/lib/libart-compiler.so (_ZN3art11ImageWriter25CalculateNewObjectOffsetsEv+642)
06-10 04:12:43.193  1742  1742 F DEBUG   :     #09 pc 00175875  /system/lib/libart-compiler.so (_ZN3art11ImageWriter24PrepareImageAddressSpaceEv+908)
06-10 04:12:43.193  1742  1742 F DEBUG   :     #10 pc 000188ad  /system/bin/dex2oat
06-10 04:12:43.193  1742  1742 F DEBUG   :     #11 pc 00008c01  /system/bin/dex2oat (main+736)
06-10 04:12:43.194  1742  1742 F DEBUG   :     #12 pc 00016cfd  /system/lib/libc.so (__libc_init+48)
06-10 04:12:43.194  1742  1742 F DEBUG   :     #13 pc 00008848  /system/bin/dex2oat
06-11 00:00:04.770 30694 30694 F libc    : Fatal signal 11 (SIGSEGV), code 1, fault addr 0xa7b16064 in tid 30694 (SDLThread)
06-11 00:00:04.863 30746 30746 F DEBUG   : *** *** *** *** *** *** *** *** *** *** *** *** *** *** *** ***
06-11 00:00:04.864 30746 30746 F DEBUG   : Build fingerprint: 'motorola/athene_f/athene_f:7.0/NPJS25.93-14-4/4:user/release-keys'
06-11 00:00:04.864 30746 30746 F DEBUG   : Revision: 'p2a0'
06-11 00:00:04.864 30746 30746 F DEBUG   : ABI: 'arm'
06-11 00:00:04.864 30746 30746 F DEBUG   : pid: 30694, tid: 30694, name: SDLThread  >>> org.maldetec.maldetec <<<
06-11 00:00:04.864 30746 30746 F DEBUG   : signal 11 (SIGSEGV), code 1 (SEGV_MAPERR), fault addr 0xa7b16064
06-11 00:00:04.864 30746 30746 F DEBUG   :     r0 905fdb78  r1 00000000  r2 00000004  r3 a7b16064
06-11 00:00:04.864 30746 30746 F DEBUG   :     r4 905fdb78  r5 00000438  r6 905fdbac  r7 aa32f649
06-11 00:00:04.864 30746 30746 F DEBUG   :     r8 905fdc1c  r9 905fdc20  sl 9f5bc1c8  fp 20000900
06-11 00:00:04.864 30746 30746 F DEBUG   :     ip a9bae1ac  sp 905fdb70  lr a9b8b707  pc aa33b5de  cpsr 800b9830
06-11 00:00:04.869 30746 30746 F DEBUG   : 
06-11 00:00:04.869 30746 30746 F DEBUG   : backtrace:
06-11 00:00:04.870 30746 30746 F DEBUG   :     #00 pc 000425de  /system/lib/libbinder.so (_ZNK7android6Parcel11readPointerEv+25)
06-11 00:00:04.870 30746 30746 F DEBUG   :     #01 pc 00172b4f  /system/vendor/lib/egl/libGLESv2_adreno.so (_ZNK15EsxSettingsFile15ReadSettingEnumEjPiP15EsxEnumValueMapj+14)
06-11 00:00:04.870 30746 30746 F DEBUG   :     #02 pc 0018ffff  [anon:libc_malloc:8fe80000]
06-12 02:41:10.398 32061 32061 E AndroidRuntime: FATAL EXCEPTION: main
06-12 02:41:10.398 32061 32061 E AndroidRuntime: Process: org.maldetec.maldetec, PID: 32061
06-12 02:41:10.398 32061 32061 E AndroidRuntime: java.lang.UnsatisfiedLinkError: No implementation found for void org.libsdl.app.SDLActivity.nativeQuit() (tried Java_org_libsdl_app_SDLActivity_nativeQuit and Java_org_libsdl_app_SDLActivity_nativeQuit__)
06-12 02:41:10.398 32061 32061 E AndroidRuntime: 	at org.libsdl.app.SDLActivity.nativeQuit(Native Method)
06-12 02:41:10.398 32061 32061 E AndroidRuntime: 	at org.libsdl.app.SDLActivity.onDestroy(SDLActivity.java:248)
06-12 02:41:10.398 32061 32061 E AndroidRuntime: 	at android.app.Activity.performDestroy(Activity.java:6874)
06-12 02:41:10.398 32061 32061 E AndroidRuntime: 	at android.app.Instrumentation.callActivityOnDestroy(Instrumentation.java:1175)
06-12 02:41:10.398 32061 32061 E AndroidRuntime: 	at android.app.ActivityThread.performDestroyActivity(ActivityThread.java:4195)
06-12 02:41:10.398 32061 32061 E AndroidRuntime: 	at android.app.ActivityThread.handleDestroyActivity(ActivityThread.java:4226)
06-12 02:41:10.398 32061 32061 E AndroidRuntime: 	at android.app.ActivityThread.-wrap6(ActivityThread.java)
06-12 02:41:10.398 32061 32061 E AndroidRuntime: 	at android.app.ActivityThread$H.handleMessage(ActivityThread.java:1534)
06-12 02:41:10.398 32061 32061 E AndroidRuntime: 	at android.os.Handler.dispatchMessage(Handler.java:102)
06-12 02:41:10.398 32061 32061 E AndroidRuntime: 	at android.os.Looper.loop(Looper.java:154)
06-12 02:41:10.398 32061 32061 E AndroidRuntime: 	at android.app.ActivityThread.main(ActivityThread.java:6123)
06-12 02:41:10.398 32061 32061 E AndroidRuntime: 	at java.lang.reflect.Method.invoke(Native Method)
06-12 02:41:10.398 32061 32061 E AndroidRuntime: 	at com.android.internal.os.ZygoteInit$MethodAndArgsCaller.run(ZygoteInit.java:867)
06-12 02:41:10.398 32061 32061 E AndroidRuntime: 	at com.android.internal.os.ZygoteInit.main(ZygoteInit.java:757)
--------- beginning of system
06-12 03:00:50.739  4354  4354 W ContextImpl: Calling a method in the system process without a qualified user: android.app.ContextImpl.sendBroadcast:905 android.content.ContextWrapper.sendBroadcast:421 com.motorola.motocare.internal.settings.SettingsTrigger$1.onChange:440 android.database.ContentObserver.onChange:130 android.database.ContentObserver.onChange:145 
06-12 03:00:52.059   555   555 I chatty  : uid=1000(system) /system/bin/surfaceflinger expire 14 lines
06-12 03:00:56.384  1696  4257 I chatty  : uid=1000(system) Binder:1696_4 expire 13 lines
06-12 03:00:56.703  1696  4104 I chatty  : uid=1000(system) Binder:1696_3 expire 10 lines
06-12 03:00:56.801  1696  4083 I chatty  : uid=1000(system) UEventObserver expire 16 lines
06-12 03:00:56.804  4224  4224 V KeyguardStatusView: refresh statusview showing:true
06-12 03:00:56.815  4224  4224 V KeyguardDisplayManager: show
06-12 03:00:57.800  1696  7385 I chatty  : uid=1000(system) Binder:1696_10 expire 13 lines
06-12 03:01:01.813  1696   770 I chatty  : uid=1000(system) Binder:1696_1D expire 12 lines
06-12 03:01:03.183   555   755 I chatty  : uid=1000(system) EventThread expire 10 lines
06-12 03:01:03.820  1696  5131 I chatty  : uid=1000(system) Binder:1696_C expire 10 lines
06-12 03:01:04.825  1696 13348 I chatty  : uid=1000(system) Binder:1696_13 expire 11 lines
06-12 03:01:06.275  1696  1896 I chatty  : uid=1000(system) ActivityManager expire 19 lines
06-12 03:01:07.835  1696  6390 I chatty  : uid=1000(system) Binder:1696_1E expire 10 lines
06-12 03:01:09.412  1696  4736 I chatty  : uid=1000(system) Binder:1696_8 expire 10 lines
06-12 03:01:09.498  1696  5006 I chatty  : uid=1000(system) Binder:1696_B expire 11 lines
06-12 03:01:10.398  1696  4709 I chatty  : uid=1000(system) Binder:1696_7 expire 18 lines
06-12 03:01:10.467  1696  4737 I chatty  : uid=1000(system) Binder:1696_9 expire 15 lines
06-12 03:01:43.993  1696 27772 I chatty  : uid=1000(system) Binder:1696_14 expire 19 lines
06-12 03:01:51.016  1696  9351 I chatty  : uid=1000(system) Binder:1696_1B expire 10 lines
06-12 03:04:15.377  1696  1753 I chatty  : uid=1000(system) Binder:1696_1 expire 11 lines
06-12 03:04:15.440  1696  6380 I chatty  : uid=1000(system) Binder:1696_E expire 12 lines
06-12 03:04:54.799  1696  4424 I chatty  : uid=1000(system) uteStateMachine expire 16 lines
06-12 03:04:57.560   663  7036 E SchedPolicy: sched_setscheduler failed: tid 7036, errno=1
06-12 03:04:57.561   663  7034 E SchedPolicy: sched_setscheduler failed: tid 7034, errno=1
06-12 03:04:57.561   663  7037 E SchedPolicy: sched_setscheduler failed: tid 7037, errno=1
06-12 03:04:57.562   663  7038 E SchedPolicy: sched_setscheduler failed: tid 7038, errno=1
06-12 03:04:57.900  1696  7449 I chatty  : uid=1000(system) Binder:1696_12 expire 10 lines
06-12 03:04:57.931  1696  1696 I chatty  : uid=1000 system_server expire 11 lines
06-12 03:04:59.288  1696  2789 I chatty  : uid=1000(system) android.display expire 11 lines
06-12 03:05:04.499  1696  1930 I chatty  : uid=1000(system) batterystats-sy expire 12 lines
06-12 03:05:10.114  1696  4083 I chatty  : uid=1000(system) UEventObserver expire 19 lines
06-12 03:05:56.188  4354  4354 W ContextImpl: Calling a method in the system process without a qualified user: android.app.ContextImpl.sendBroadcast:920 android.content.ContextWrapper.sendBroadcast:426 com.motorola.blur.service.blur.BSUtils.sendBroadcast:158 com.motorola.blur.service.blur.BSUtils.sendBroadcast:154 com.motorola.ccc.plm.pollingmanager.PollingManagerService$MyConnectivityReceiver.sendConnectivityIntent:596 
06-12 03:05:59.679  1696 27773 I chatty  : uid=1000(system) Binder:1696_15 expire 10 lines
06-12 03:05:59.710  4224  4224 V KeyguardDisplayManager: hide
06-12 03:06:00.085  1696  4386 I chatty  : uid=1000(system) Binder:1696_5 expire 12 lines
06-12 03:06:00.372  1696 28413 I chatty  : uid=1000(system) Binder:1696_18 expire 19 lines
06-12 03:06:00.411  4354  4354 W ContextImpl: Calling a method in the system process without a qualified user: android.app.ContextImpl.sendBroadcast:920 android.content.ContextWrapper.sendBroadcast:426 com.motorola.blur.service.blur.BSUtils.sendBroadcast:158 com.motorola.blur.service.blur.BSUtils.sendBroadcast:154 com.motorola.ccc.plm.pollingmanager.PollingManagerService$MyConnectivityReceiver.sendConnectivityIntent:596 
06-12 03:06:00.725  1696  1896 I chatty  : uid=1000(system) ActivityManager expire 24 lines
06-12 03:06:01.061  1696 28412 I chatty  : uid=1000(system) Binder:1696_17 expire 10 lines
06-12 03:06:01.345  1696  4708 I chatty  : uid=1000(system) Binder:1696_6 expire 10 lines
06-12 03:06:01.352  4224  4224 V KeyguardStatusView: refresh statusview showing:true
06-12 03:06:01.378  4224  4224 V KeyguardDisplayManager: show
06-12 03:06:02.276  1696  4089 I chatty  : uid=1000(system) InputReader expire 10 lines
06-12 03:06:02.515  1696  7379 I chatty  : uid=1000(system) Binder:1696_F expire 10 lines
06-12 03:06:03.633  4224  4224 V KeyguardDisplayManager: hide
06-12 03:06:03.674  1696 28410 I chatty  : uid=1000(system) Binder:1696_16 expire 10 lines
06-12 03:06:04.569  1696  1696 I chatty  : uid=1000 system_server expire 13 lines
06-12 03:06:05.100  1696  2805 I chatty  : uid=1000(system) PowerManagerSer expire 10 lines
06-12 03:06:05.289   555   555 I chatty  : uid=1000(system) /system/bin/surfaceflinger expire 12 lines
06-12 03:06:05.292  1696  2787 I chatty  : uid=1000(system) android.fg expire 16 lines
06-12 03:06:05.500  4224  4224 V KeyguardStatusView: refresh statusview showing:true
06-12 03:06:05.511  4224  4224 V KeyguardDisplayManager: show
06-12 03:06:06.728   663  7508 E SchedPolicy: sched_setscheduler failed: tid 7508, errno=1
06-12 03:06:06.728   663  7509 E SchedPolicy: sched_setscheduler failed: tid 7509, errno=1
06-12 03:06:06.728   663  7507 E SchedPolicy: sched_setscheduler failed: tid 7507, errno=1
06-12 03:06:06.730   663  7510 E SchedPolicy: sched_setscheduler failed: tid 7510, errno=1
06-12 03:06:06.948  1696 25784 I chatty  : uid=1000(system) Binder:1696_1C expire 13 lines
06-12 03:06:16.239  1696  1754 I chatty  : uid=1000(system) Binder:1696_2 expire 14 lines
06-12 03:06:25.939   555   755 I chatty  : uid=1000(system) EventThread expire 10 lines
06-12 03:06:44.228  1696  2789 I chatty  : uid=1000(system) android.display expire 11 lines
06-12 03:06:44.353  4224  4224 V KeyguardDisplayManager: hide
06-12 03:06:44.449  1696 32286 I chatty  : uid=1000(system) Binder:1696_1A expire 11 lines
06-12 03:06:45.973   555   555 I chatty  : uid=1000(system) /system/bin/surfaceflinger expire 20 lines
06-12 03:06:47.061  4354  4354 W ContextImpl: Calling a method in the system process without a qualified user: android.app.ContextImpl.sendBroadcast:905 android.content.ContextWrapper.sendBroadcast:421 com.motorola.motocare.internal.settings.SettingsTrigger$1.onChange:440 android.database.ContentObserver.onChange:130 android.database.ContentObserver.onChange:145 
06-12 03:06:51.955  4224  4224 V KeyguardStatusView: refresh statusview showing:true
06-12 03:06:51.963  4224  4224 V KeyguardDisplayManager: show
06-12 03:06:52.534   663  7872 E SchedPolicy: sched_setscheduler failed: tid 7872, errno=1
06-12 03:06:52.534   663  7873 E SchedPolicy: sched_setscheduler failed: tid 7873, errno=1
06-12 03:06:52.534   663  7871 E SchedPolicy: sched_setscheduler failed: tid 7871, errno=1
06-12 03:06:52.535   663  7874 E SchedPolicy: sched_setscheduler failed: tid 7874, errno=1
06-12 03:06:52.730  1696  1696 I chatty  : uid=1000 system_server expire 11 lines
06-12 03:07:13.797  1696 31245 I chatty  : uid=1000(system) Binder:1696_1F expire 11 lines
06-12 03:08:25.956  1696  8171 I chatty  : uid=1000(system) Binder:1696_20 expire 11 lines
06-12 03:08:35.095  7951  7951 D ActivityThread: Loading provider com.whatsapp.provider.contact: com.whatsapp.contact.ContactProvider
06-12 03:08:35.355  1696  7389 I chatty  : uid=1000(system) Binder:1696_11 expire 10 lines
06-12 03:08:35.361  1696  4736 I chatty  : uid=1000(system) Binder:1696_8 expire 10 lines
06-12 03:08:39.890  1696  1896 I chatty  : uid=1000(system) ActivityManager expire 15 lines
06-12 03:09:26.114  1696  4083 I chatty  : uid=1000(system) UEventObserver expire 14 lines
06-12 03:09:31.367   555   755 I chatty  : uid=1000(system) EventThread expire 10 lines
06-12 03:09:36.068  1696 28414 I chatty  : uid=1000(system) Binder:1696_19 expire 10 lines
06-12 03:09:48.092  1696  5152 I chatty  : uid=1000(system) Binder:1696_D expire 14 lines
06-12 03:12:35.610   555   555 I chatty  : uid=1000(system) /system/bin/surfaceflinger expire 10 lines
06-12 03:12:35.779  4354  4354 W ContextImpl: Calling a method in the system process without a qualified user: android.app.ContextImpl.sendBroadcast:920 android.content.ContextWrapper.sendBroadcast:426 com.motorola.blur.service.blur.BSUtils.sendBroadcast:158 com.motorola.blur.service.blur.BSUtils.sendBroadcast:154 com.motorola.ccc.plm.pollingmanager.PollingManagerService$MyConnectivityReceiver.sendConnectivityIntent:596 
06-12 03:12:36.204  1696  1896 I chatty  : uid=1000(system) ActivityManager expire 11 lines
06-12 03:12:36.830   663  8217 E SchedPolicy: sched_setscheduler failed: tid 8217, errno=1
06-12 03:12:36.830   663  8218 E SchedPolicy: sched_setscheduler failed: tid 8218, errno=1
06-12 03:12:36.831   663  8219 E SchedPolicy: sched_setscheduler failed: tid 8219, errno=1
06-12 03:12:36.832   663  8220 E SchedPolicy: sched_setscheduler failed: tid 8220, errno=1
06-12 03:12:38.852  1696  2789 I chatty  : uid=1000(system) android.display expire 13 lines
06-12 03:12:42.422  1696  4083 I chatty  : uid=1000(system) UEventObserver expire 15 lines
06-12 03:12:42.429  1696  1930 I chatty  : uid=1000(system) batterystats-sy expire 12 lines
06-12 03:13:03.468  1696 28410 I chatty  : uid=1000(system) Binder:1696_16 expire 17 lines
06-12 03:13:15.246  4224  4224 V KeyguardDisplayManager: hide
06-12 03:13:15.538  1696  1754 I chatty  : uid=1000(system) Binder:1696_2 expire 12 lines
06-12 03:13:15.554  4354  4354 W ContextImpl: Calling a method in the system process without a qualified user: android.app.ContextImpl.sendBroadcast:920 android.content.ContextWrapper.sendBroadcast:426 com.motorola.blur.service.blur.BSUtils.sendBroadcast:158 com.motorola.blur.service.blur.BSUtils.sendBroadcast:154 com.motorola.ccc.plm.pollingmanager.PollingManagerService$MyConnectivityReceiver.sendConnectivityIntent:596 
06-12 03:13:17.826  1696 27773 I chatty  : uid=1000(system) Binder:1696_15 expire 11 lines
06-12 03:13:27.759   555   555 I chatty  : uid=1000(system) /system/bin/surfaceflinger expire 634 lines
06-12 03:13:30.102  1696  7389 I chatty  : uid=1000(system) Binder:1696_11 expire 11 lines
06-12 03:13:50.349   555   755 I chatty  : uid=1000(system) EventThread expire 298 lines
06-12 03:16:40.163  1696  2789 I chatty  : uid=1000(system) android.display expire 17 lines
06-12 03:16:47.843  1696  1753 I chatty  : uid=1000(system) Binder:1696_1 expire 14 lines
06-12 03:17:11.757  1696  4083 I chatty  : uid=1000(system) UEventObserver expire 34 lines
06-12 03:17:11.760  1696 25784 I chatty  : uid=1000(system) Binder:1696_1C expire 11 lines
06-12 03:19:51.705  1696  4257 I chatty  : uid=1000(system) Binder:1696_4 expire 11 lines
06-12 03:21:48.804  1696  9351 I chatty  : uid=1000(system) Binder:1696_1B expire 13 lines
06-12 03:23:46.919  1696  4736 I chatty  : uid=1000(system) Binder:1696_8 expire 17 lines
06-12 03:30:13.541  1696  1896 I chatty  : uid=1000(system) ActivityManager expire 14 lines
06-12 03:30:13.544  1696  1930 I chatty  : uid=1000(system) batterystats-sy expire 12 lines
06-12 03:31:49.361  1696  5000 I chatty  : uid=1000(system) Binder:1696_A expire 11 lines
06-12 03:33:14.018  1696 31245 I chatty  : uid=1000(system) Binder:1696_1F expire 10 lines
06-12 03:34:14.276  1696 28414 I chatty  : uid=1000(system) Binder:1696_19 expire 21 lines
06-12 03:34:40.992  1696  5006 I chatty  : uid=1000(system) Binder:1696_B expire 10 lines
06-12 03:39:04.964  1696  2805 I chatty  : uid=1000(system) PowerManagerSer expire 10 lines
06-12 03:39:05.432  4224  4224 V KeyguardStatusView: refresh statusview showing:true
06-12 03:39:05.441  4224  4224 V KeyguardDisplayManager: show
06-12 03:39:07.053  1696  2789 I chatty  : uid=1000(system) android.display expire 18 lines
06-12 03:39:07.078  1696  7379 I chatty  : uid=1000(system) Binder:1696_F expire 10 lines
06-12 03:39:07.141  1696  1696 I chatty  : uid=1000 system_server expire 15 lines
06-12 03:39:08.050   555   755 I chatty  : uid=1000(system) EventThread expire 19 lines
06-12 03:39:08.322   555   555 I chatty  : uid=1000(system) /system/bin/surfaceflinger expire 16 lines
06-12 03:39:08.336  4224  4224 V KeyguardDisplayManager: hide
06-12 03:39:10.360  1696 28412 I chatty  : uid=1000(system) Binder:1696_17 expire 10 lines
06-12 03:39:10.647  1696   770 I chatty  : uid=1000(system) Binder:1696_1D expire 16 lines
06-12 03:39:10.649  1696  4104 I chatty  : uid=1000(system) Binder:1696_3 expire 11 lines
06-12 03:39:12.267  4224  4224 V KeyguardStatusView: refresh statusview showing:true
06-12 03:39:12.278  4224  4224 V KeyguardDisplayManager: show
06-12 03:39:15.080  1696  1930 I chatty  : uid=1000(system) batterystats-sy expire 12 lines
06-12 03:41:33.945  1696  7389 I chatty  : uid=1000(system) Binder:1696_11 expire 18 lines
06-12 03:41:34.503  1696  6380 I chatty  : uid=1000(system) Binder:1696_E expire 18 lines
06-12 03:44:41.353  4354  4354 W ContextImpl: Calling a method in the system process without a qualified user: android.app.ContextImpl.sendBroadcast:920 android.content.ContextWrapper.sendBroadcast:426 com.motorola.blur.service.blur.BSUtils.sendBroadcast:158 com.motorola.blur.service.blur.BSUtils.sendBroadcast:154 com.motorola.ccc.plm.pollingmanager.PollingManagerService$MyConnectivityReceiver.sendConnectivityIntent:596 
06-12 03:44:41.555  1696  7385 I chatty  : uid=1000(system) Binder:1696_10 expire 18 lines
06-12 03:47:13.734  1696  1896 I chatty  : uid=1000(system) ActivityManager expire 11 lines
06-12 03:47:58.601   627  1224 E NetlinkListener: recvmsg failed (No buffer space available)
06-12 03:47:58.605   920  1335 E NetlinkListener: recvmsg failed (No buffer space available)
06-12 03:50:18.335  4354  4354 W ContextImpl: Calling a method in the system process without a qualified user: android.app.ContextImpl.sendBroadcast:920 android.content.ContextWrapper.sendBroadcast:426 com.motorola.blur.service.blur.BSUtils.sendBroadcast:158 com.motorola.blur.service.blur.BSUtils.sendBroadcast:154 com.motorola.ccc.plm.pollingmanager.PollingManagerService$MyConnectivityReceiver.sendConnectivityIntent:596 
06-12 03:50:19.089 16146 16146 D ActivityThread: Loading provider com.whatsapp.provider.contact: com.whatsapp.contact.ContactProvider
06-12 03:50:19.158  1696  7449 I chatty  : uid=1000(system) Binder:1696_12 expire 11 lines
06-12 03:50:21.290  1696  4386 I chatty  : uid=1000(system) Binder:1696_5 expire 15 lines
06-12 03:51:15.040  1696  1886 I chatty  : uid=1000(system) android.bg expire 10 lines
06-12 03:51:15.064  1696 27773 I chatty  : uid=1000(system) Binder:1696_15 expire 12 lines
06-12 03:51:15.073  4354  4354 W ContextImpl: Calling a method in the system process without a qualified user: android.app.ContextImpl.sendBroadcast:920 android.content.ContextWrapper.sendBroadcast:426 com.motorola.blur.service.blur.BSUtils.sendBroadcast:158 com.motorola.blur.service.blur.BSUtils.sendBroadcast:154 com.motorola.ccc.plm.pollingmanager.PollingManagerService$MyConnectivityReceiver.sendConnectivityIntent:596 
06-12 03:52:45.510  1696 28413 I chatty  : uid=1000(system) Binder:1696_18 expire 10 lines
06-12 03:53:21.099  1696  4737 I chatty  : uid=1000(system) Binder:1696_9 expire 16 lines
06-12 03:56:48.059  1696 13348 I chatty  : uid=1000(system) Binder:1696_13 expire 10 lines
06-12 03:57:37.033  1696  1696 I chatty  : uid=1000 system_server expire 20 lines
06-12 04:00:51.294  4354  4354 W ContextImpl: Calling a method in the system process without a qualified user: android.app.ContextImpl.sendBroadcast:920 android.content.ContextWrapper.sendBroadcast:426 com.motorola.blur.service.blur.BSUtils.sendBroadcast:158 com.motorola.blur.service.blur.BSUtils.sendBroadcast:154 com.motorola.ccc.plm.pollingmanager.PollingManagerService$MyConnectivityReceiver.sendConnectivityIntent:596 
06-12 04:01:50.412  4354  4354 W ContextImpl: Calling a method in the system process without a qualified user: android.app.ContextImpl.sendBroadcast:920 android.content.ContextWrapper.sendBroadcast:426 com.motorola.blur.service.blur.BSUtils.sendBroadcast:158 com.motorola.blur.service.blur.BSUtils.sendBroadcast:154 com.motorola.ccc.plm.pollingmanager.PollingManagerService$MyConnectivityReceiver.sendConnectivityIntent:596 
06-12 04:12:12.272  1696  9351 I chatty  : uid=1000(system) Binder:1696_1B expire 10 lines
06-12 04:16:44.486  4354  4354 W ContextImpl: Calling a method in the system process without a qualified user: android.app.ContextImpl.sendBroadcast:920 android.content.ContextWrapper.sendBroadcast:426 com.motorola.blur.service.blur.BSUtils.sendBroadcast:158 com.motorola.blur.service.blur.BSUtils.sendBroadcast:154 com.motorola.ccc.plm.pollingmanager.PollingManagerService$MyConnectivityReceiver.sendConnectivityIntent:596 
06-12 04:16:44.674  1696  1896 I chatty  : uid=1000(system) ActivityManager expire 11 lines
06-12 04:16:44.944 16593 16612 D ActivityThread: Loading provider com.google.android.gmail.provider;com.android.mail.notifier;com.google.android.gm.email.provider;com.google.android.gm.tasks.provider;com.google.android.gm.email.notifier: com.android.email.provider.EmailProvider
06-12 04:16:50.143  1696  1886 I chatty  : uid=1000(system) android.bg expire 10 lines
06-12 04:16:50.166  4354  4354 W ContextImpl: Calling a method in the system process without a qualified user: android.app.ContextImpl.sendBroadcast:920 android.content.ContextWrapper.sendBroadcast:426 com.motorola.blur.service.blur.BSUtils.sendBroadcast:158 com.motorola.blur.service.blur.BSUtils.sendBroadcast:154 com.motorola.ccc.plm.pollingmanager.PollingManagerService$MyConnectivityReceiver.sendConnectivityIntent:596 
06-12 04:31:50.335  4354  4354 W ContextImpl: Calling a method in the system process without a qualified user: android.app.ContextImpl.sendBroadcast:920 android.content.ContextWrapper.sendBroadcast:426 com.motorola.blur.service.blur.BSUtils.sendBroadcast:158 com.motorola.blur.service.blur.BSUtils.sendBroadcast:154 com.motorola.ccc.plm.pollingmanager.PollingManagerService$MyConnectivityReceiver.sendConnectivityIntent:596 
06-12 04:35:26.708  1696  1886 I chatty  : uid=1000(system) android.bg expire 14 lines
06-12 04:35:26.746  4354  4354 W ContextImpl: Calling a method in the system process without a qualified user: android.app.ContextImpl.sendBroadcast:920 android.content.ContextWrapper.sendBroadcast:426 com.motorola.blur.service.blur.BSUtils.sendBroadcast:158 com.motorola.blur.service.blur.BSUtils.sendBroadcast:154 com.motorola.ccc.plm.pollingmanager.PollingManagerService$MyConnectivityReceiver.sendConnectivityIntent:596 
06-12 04:35:43.019  1696  1696 I chatty  : uid=1000 system_server expire 45 lines
06-12 04:42:14.643  1696 32286 I chatty  : uid=1000(system) Binder:1696_1A expire 10 lines
06-12 04:57:03.863  1696  1896 I chatty  : uid=1000(system) ActivityManager expire 12 lines
06-12 05:33:33.738  1696  5131 I chatty  : uid=1000(system) Binder:1696_C expire 13 lines
06-12 05:33:34.629  4354  4354 W ContextImpl: Calling a method in the system process without a qualified user: android.app.ContextImpl.sendBroadcast:920 android.content.ContextWrapper.sendBroadcast:426 com.motorola.blur.service.blur.BSUtils.sendBroadcast:158 com.motorola.blur.service.blur.BSUtils.sendBroadcast:154 com.motorola.ccc.plm.pollingmanager.PollingManagerService$MyConnectivityReceiver.sendConnectivityIntent:596 
06-12 05:36:39.670  1696  1886 I chatty  : uid=1000(system) android.bg expire 10 lines
06-12 05:36:39.800  4354  4354 W ContextImpl: Calling a method in the system process without a qualified user: android.app.ContextImpl.sendBroadcast:920 android.content.ContextWrapper.sendBroadcast:426 com.motorola.blur.service.blur.BSUtils.sendBroadcast:158 com.motorola.blur.service.blur.BSUtils.sendBroadcast:154 com.motorola.ccc.plm.pollingmanager.PollingManagerService$MyConnectivityReceiver.sendConnectivityIntent:596 
06-12 05:42:51.013  1696  1696 I chatty  : uid=1000 system_server expire 12 lines
06-12 05:45:46.254  1696  4708 I chatty  : uid=1000(system) Binder:1696_6 expire 10 lines
06-12 05:51:35.158  1696  4709 I chatty  : uid=1000(system) Binder:1696_7 expire 23 lines
06-12 05:54:29.110   627  1224 E NetlinkListener: recvmsg failed (No buffer space available)
06-12 05:54:29.110   920  1335 E NetlinkListener: recvmsg failed (No buffer space available)
06-12 05:55:54.736  1696  1896 I chatty  : uid=1000(system) ActivityManager expire 25 lines
06-12 06:00:40.027  1696  1696 I chatty  : uid=1000 system_server expire 84 lines
06-12 06:11:36.422  1696  5152 I chatty  : uid=1000(system) Binder:1696_D expire 10 lines
06-12 06:31:31.346  1696  5000 I chatty  : uid=1000(system) Binder:1696_A expire 15 lines
06-12 06:41:30.442  1696 25784 I chatty  : uid=1000(system) Binder:1696_1C expire 10 lines
06-12 06:59:18.007  1696  8171 I chatty  : uid=1000(system) Binder:1696_20 expire 10 lines
06-12 07:19:04.191  1696  1886 I chatty  : uid=1000(system) android.bg expire 12 lines
06-12 07:31:19.026  1696  6390 I chatty  : uid=1000(system) Binder:1696_1E expire 13 lines
06-12 07:33:28.888  1696 28410 I chatty  : uid=1000(system) Binder:1696_16 expire 13 lines
06-12 07:33:29.168  4354  4354 W ContextImpl: Calling a method in the system process without a qualified user: android.app.ContextImpl.sendBroadcast:920 android.content.ContextWrapper.sendBroadcast:426 com.motorola.blur.service.blur.BSUtils.sendBroadcast:158 com.motorola.blur.service.blur.BSUtils.sendBroadcast:154 com.motorola.ccc.plm.pollingmanager.PollingManagerService$MyConnectivityReceiver.sendConnectivityIntent:596 
06-12 07:33:30.827 18037 18057 D ActivityThread: Loading provider com.google.android.gmail.provider;com.android.mail.notifier;com.google.android.gm.email.provider;com.google.android.gm.tasks.provider;com.google.android.gm.email.notifier: com.android.email.provider.EmailProvider
06-12 07:34:37.834  4354  4354 W ContextImpl: Calling a method in the system process without a qualified user: android.app.ContextImpl.sendBroadcast:920 android.content.ContextWrapper.sendBroadcast:426 com.motorola.blur.service.blur.BSUtils.sendBroadcast:158 com.motorola.blur.service.blur.BSUtils.sendBroadcast:154 com.motorola.ccc.plm.pollingmanager.PollingManagerService$MyConnectivityReceiver.sendConnectivityIntent:596 
06-12 08:09:44.017  1696  1696 I chatty  : uid=1000 system_server expire 60 lines
06-12 08:11:52.989  1696  1896 I chatty  : uid=1000(system) ActivityManager expire 21 lines
06-12 08:30:32.186  1696  1886 I chatty  : uid=1000(system) android.bg expire 30 lines
06-12 08:43:07.503   627  1224 E NetlinkListener: recvmsg failed (No buffer space available)
06-12 08:43:07.508   920  1335 E NetlinkListener: recvmsg failed (No buffer space available)
06-12 08:47:53.014  1696  1696 I chatty  : uid=1000 system_server expire 41 lines
06-12 09:01:00.416  1696  4083 I chatty  : uid=1000(system) UEventObserver expire 14 lines
06-12 09:01:00.416  1696 31245 I chatty  : uid=1000(system) Binder:1696_1F expire 17 lines
06-12 09:52:33.961  1696  1896 I chatty  : uid=1000(system) ActivityManager expire 18 lines
06-12 09:53:38.016  4354  4354 W ContextImpl: Calling a method in the system process without a qualified user: android.app.ContextImpl.sendBroadcast:920 android.content.ContextWrapper.sendBroadcast:426 com.motorola.blur.service.blur.BSUtils.sendBroadcast:158 com.motorola.blur.service.blur.BSUtils.sendBroadcast:154 com.motorola.ccc.plm.pollingmanager.PollingManagerService$MyConnectivityReceiver.sendConnectivityIntent:596 
06-12 09:53:39.104  1696  7449 I chatty  : uid=1000(system) Binder:1696_12 expire 10 lines
06-12 09:53:39.116  1696  1696 I chatty  : uid=1000 system_server expire 23 lines
06-12 09:53:39.165  4224  4224 V KeyguardDisplayManager: hide
06-12 09:53:39.332  1696  1754 I chatty  : uid=1000(system) Binder:1696_2 expire 11 lines
06-12 09:53:40.362  1696 13348 I chatty  : uid=1000(system) Binder:1696_13 expire 12 lines
06-12 09:53:42.084  1696  4736 I chatty  : uid=1000(system) Binder:1696_8 expire 10 lines
06-12 09:53:42.561   555   555 I chatty  : uid=1000(system) /system/bin/surfaceflinger expire 25 lines
06-12 09:53:44.380  1696  5006 I chatty  : uid=1000(system) Binder:1696_B expire 17 lines
06-12 09:53:44.957  1696  1930 I chatty  : uid=1000(system) batterystats-sy expire 12 lines
06-12 09:53:46.127  1696 27773 I chatty  : uid=1000(system) Binder:1696_15 expire 17 lines
06-12 09:53:53.877  1696  4104 I chatty  : uid=1000(system) Binder:1696_3 expire 13 lines
06-12 09:54:36.557  1696  2789 I chatty  : uid=1000(system) android.display expire 12 lines
06-12 09:54:37.017  1696  7379 I chatty  : uid=1000(system) Binder:1696_F expire 10 lines
06-12 09:54:37.908  1696 28412 I chatty  : uid=1000(system) Binder:1696_17 expire 17 lines
06-12 09:54:40.153  1696  2805 I chatty  : uid=1000(system) PowerManagerSer expire 11 lines
06-12 09:54:40.352  4224  4224 V KeyguardStatusView: refresh statusview showing:true
06-12 09:54:40.358  4224  4224 V KeyguardDisplayManager: show
06-12 09:54:40.620 20731 20731 D ActivityThread: Loading provider com.whatsapp.provider.contact: com.whatsapp.contact.ContactProvider
06-12 09:54:43.224   555   555 I chatty  : uid=1000(system) /system/bin/surfaceflinger expire 10 lines
06-12 09:54:56.992  1696  8171 I chatty  : uid=1000(system) Binder:1696_20 expire 11 lines
06-12 09:57:26.389  4224  4224 V KeyguardDisplayManager: hide
06-12 09:57:26.757  1696 28413 I chatty  : uid=1000(system) Binder:1696_18 expire 25 lines
06-12 09:57:26.870  1696  4114 I chatty  : uid=1000(system) ConnectivitySer expire 14 lines
06-12 09:57:26.874  1696 25784 I chatty  : uid=1000(system) Binder:1696_1C expire 11 lines
06-12 09:57:29.113  1696   770 I chatty  : uid=1000(system) Binder:1696_1D expire 13 lines
06-12 09:57:29.211  4224  4224 V KeyguardStatusView: refresh statusview showing:true
06-12 09:57:29.220  4224  4224 V KeyguardDisplayManager: show
06-12 09:57:29.264  1696  6390 I chatty  : uid=1000(system) Binder:1696_1E expire 15 lines
06-12 09:58:15.441  1696  5131 I chatty  : uid=1000(system) Binder:1696_C expire 12 lines
06-12 10:00:00.886  1696  1696 I chatty  : uid=1000 system_server expire 25 lines
06-12 10:02:56.203  1696 32286 I chatty  : uid=1000(system) Binder:1696_1A expire 10 lines
06-12 10:02:56.209  4354  4354 W ContextImpl: Calling a method in the system process without a qualified user: android.app.ContextImpl.sendBroadcast:920 android.content.ContextWrapper.sendBroadcast:426 com.motorola.blur.service.blur.BSUtils.sendBroadcast:158 com.motorola.blur.service.blur.BSUtils.sendBroadcast:154 com.motorola.ccc.plm.pollingmanager.PollingManagerService$MyConnectivityReceiver.sendConnectivityIntent:596 
06-12 10:02:57.228   920  1335 E NetlinkListener: recvmsg failed (No buffer space available)
06-12 10:02:57.236   627  1224 E NetlinkListener: recvmsg failed (No buffer space available)
06-12 10:03:38.265  1696  1896 I chatty  : uid=1000(system) ActivityManager expire 30 lines
06-12 10:10:55.566  4354  4354 W ContextImpl: Calling a method in the system process without a qualified user: android.app.ContextImpl.sendBroadcast:920 android.content.ContextWrapper.sendBroadcast:426 com.motorola.blur.service.blur.BSUtils.sendBroadcast:158 com.motorola.blur.service.blur.BSUtils.sendBroadcast:154 com.motorola.ccc.plm.pollingmanager.PollingManagerService$MyConnectivityReceiver.sendConnectivityIntent:596 
06-12 10:10:56.403  1696  4096 I chatty  : uid=1000(system) NetworkStats expire 4 lines
06-12 10:11:21.536  4354  4354 W ContextImpl: Calling a method in the system process without a qualified user: android.app.ContextImpl.sendBroadcast:920 android.content.ContextWrapper.sendBroadcast:426 com.motorola.blur.service.blur.BSUtils.sendBroadcast:158 com.motorola.blur.service.blur.BSUtils.sendBroadcast:154 com.motorola.ccc.plm.pollingmanager.PollingManagerService$MyConnectivityReceiver.sendConnectivityIntent:596 
06-12 10:11:36.870  1696  2789 I chatty  : uid=1000(system) android.display expire 11 lines
06-12 10:11:40.911   555   755 I chatty  : uid=1000(system) EventThread expire 11 lines
06-12 10:20:57.451  4354  4354 W ContextImpl: Calling a method in the system process without a qualified user: android.app.ContextImpl.sendBroadcast:920 android.content.ContextWrapper.sendBroadcast:426 com.motorola.blur.service.blur.BSUtils.sendBroadcast:158 com.motorola.blur.service.blur.BSUtils.sendBroadcast:154 com.motorola.ccc.plm.pollingmanager.PollingManagerService$MyConnectivityReceiver.sendConnectivityIntent:596 
06-12 10:21:16.863  4354  4354 W ContextImpl: Calling a method in the system process without a qualified user: android.app.ContextImpl.sendBroadcast:920 android.content.ContextWrapper.sendBroadcast:426 com.motorola.blur.service.blur.BSUtils.sendBroadcast:158 com.motorola.blur.service.blur.BSUtils.sendBroadcast:154 com.motorola.ccc.plm.pollingmanager.PollingManagerService$MyConnectivityReceiver.sendConnectivityIntent:596 
06-12 10:37:13.710  4354  4354 W ContextImpl: Calling a method in the system process without a qualified user: android.app.ContextImpl.sendBroadcast:920 android.content.ContextWrapper.sendBroadcast:426 com.motorola.blur.service.blur.BSUtils.sendBroadcast:158 com.motorola.blur.service.blur.BSUtils.sendBroadcast:154 com.motorola.ccc.plm.pollingmanager.PollingManagerService$MyConnectivityReceiver.sendConnectivityIntent:596 
06-12 10:37:32.156  4354  4354 W ContextImpl: Calling a method in the system process without a qualified user: android.app.ContextImpl.sendBroadcast:920 android.content.ContextWrapper.sendBroadcast:426 com.motorola.blur.service.blur.BSUtils.sendBroadcast:158 com.motorola.blur.service.blur.BSUtils.sendBroadcast:154 com.motorola.ccc.plm.pollingmanager.PollingManagerService$MyConnectivityReceiver.sendConnectivityIntent:596 
06-12 10:39:37.072  1696  1696 I chatty  : uid=1000 system_server expire 11 lines
06-12 10:44:30.804  1696 28414 I chatty  : uid=1000(system) Binder:1696_19 expire 10 lines
06-12 10:47:59.009  1696  6380 I chatty  : uid=1000(system) Binder:1696_E expire 10 lines
06-12 10:53:59.708  4354  4354 W ContextImpl: Calling a method in the system process without a qualified user: android.app.ContextImpl.sendBroadcast:920 android.content.ContextWrapper.sendBroadcast:426 com.motorola.blur.service.blur.BSUtils.sendBroadcast:158 com.motorola.blur.service.blur.BSUtils.sendBroadcast:154 com.motorola.ccc.plm.pollingmanager.PollingManagerService$MyConnectivityReceiver.sendConnectivityIntent:596 
06-12 10:54:00.904  1696  1886 I chatty  : uid=1000(system) android.bg expire 16 lines
06-12 10:54:01.053 22324 22359 D ActivityThread: Loading provider com.google.android.gmail.provider;com.android.mail.notifier;com.google.android.gm.email.provider;com.google.android.gm.tasks.provider;com.google.android.gm.email.notifier: com.android.email.provider.EmailProvider
06-12 10:54:03.004  1696  1896 I chatty  : uid=1000(system) ActivityManager expire 12 lines
06-12 10:54:05.700  4354  4354 W ContextImpl: Calling a method in the system process without a qualified user: android.app.ContextImpl.sendBroadcast:920 android.content.ContextWrapper.sendBroadcast:426 com.motorola.blur.service.blur.BSUtils.sendBroadcast:158 com.motorola.blur.service.blur.BSUtils.sendBroadcast:154 com.motorola.ccc.plm.pollingmanager.PollingManagerService$MyConnectivityReceiver.sendConnectivityIntent:596 
06-12 10:54:11.963   555   555 I chatty  : uid=1000(system) /system/bin/surfaceflinger expire 10 lines
06-12 10:54:33.034  1696  1696 I chatty  : uid=1000 system_server expire 14 lines
06-12 11:03:32.224  4354  4354 W ContextImpl: Calling a method in the system process without a qualified user: android.app.ContextImpl.sendBroadcast:920 android.content.ContextWrapper.sendBroadcast:426 com.motorola.blur.service.blur.BSUtils.sendBroadcast:158 com.motorola.blur.service.blur.BSUtils.sendBroadcast:154 com.motorola.ccc.plm.pollingmanager.PollingManagerService$MyConnectivityReceiver.sendConnectivityIntent:596 
06-12 11:03:33.492  4224  4224 V KeyguardDisplayManager: hide
06-12 11:03:35.197  1696  4386 I chatty  : uid=1000(system) Binder:1696_5 expire 16 lines
06-12 11:03:50.239 23006 23006 D ActivityThread: Loading provider com.whatsapp.provider.contact: com.whatsapp.contact.ContactProvider
06-12 11:03:50.486  1696  5131 I chatty  : uid=1000(system) Binder:1696_C expire 10 lines
06-12 11:03:53.249   555   555 I chatty  : uid=1000(system) /system/bin/surfaceflinger expire 10 lines
06-12 11:03:57.061 23153 23153 D ActivityThread: Loading provider com.whatsapp.provider.contact: com.whatsapp.contact.ContactProvider
06-12 11:03:57.348  1696  4386 I chatty  : uid=1000(system) Binder:1696_5 expire 14 lines
06-12 11:03:57.617  1696  2789 I chatty  : uid=1000(system) android.display expire 10 lines
06-12 11:03:57.865  1696  1696 I chatty  : uid=1000 system_server expire 15 lines
06-12 11:03:57.976  4224  4224 V KeyguardStatusView: refresh statusview showing:true
06-12 11:03:57.984  4224  4224 V KeyguardDisplayManager: show
06-12 11:04:00.205  1696  1753 I chatty  : uid=1000(system) Binder:1696_1 expire 11 lines
06-12 11:04:02.627  1696  1896 I chatty  : uid=1000(system) ActivityManager expire 10 lines
06-12 11:04:08.187  1696  7389 I chatty  : uid=1000(system) Binder:1696_11 expire 10 lines
06-12 11:05:49.887  1696  4104 I chatty  : uid=1000(system) Binder:1696_3 expire 10 lines
06-12 11:06:41.975  1696  5000 I chatty  : uid=1000(system) Binder:1696_A expire 23 lines
06-12 11:09:01.627  4354  4354 W ContextImpl: Calling a method in the system process without a qualified user: android.app.ContextImpl.sendBroadcast:920 android.content.ContextWrapper.sendBroadcast:426 com.motorola.blur.service.blur.BSUtils.sendBroadcast:158 com.motorola.blur.service.blur.BSUtils.sendBroadcast:154 com.motorola.ccc.plm.pollingmanager.PollingManagerService$MyConnectivityReceiver.sendConnectivityIntent:596 
06-12 11:09:01.642  1696  4709 I chatty  : uid=1000(system) Binder:1696_7 expire 15 lines
06-12 11:09:24.558  1696  1896 I chatty  : uid=1000(system) ActivityManager expire 24 lines
06-12 11:13:24.077   627  1224 E NetlinkListener: recvmsg failed (No buffer space available)
06-12 11:13:24.077   920  1335 E NetlinkListener: recvmsg failed (No buffer space available)
06-12 11:13:40.020  1696  1696 I chatty  : uid=1000 system_server expire 12 lines
06-12 11:13:56.251  4354  4354 W ContextImpl: Calling a method in the system process without a qualified user: android.app.ContextImpl.sendBroadcast:920 android.content.ContextWrapper.sendBroadcast:426 com.motorola.blur.service.blur.BSUtils.sendBroadcast:158 com.motorola.blur.service.blur.BSUtils.sendBroadcast:154 com.motorola.ccc.plm.pollingmanager.PollingManagerService$MyConnectivityReceiver.sendConnectivityIntent:596 
06-12 11:16:14.654  4354  4354 W ContextImpl: Calling a method in the system process without a qualified user: android.app.ContextImpl.sendBroadcast:920 android.content.ContextWrapper.sendBroadcast:426 com.motorola.blur.service.blur.BSUtils.sendBroadcast:158 com.motorola.blur.service.blur.BSUtils.sendBroadcast:154 com.motorola.ccc.plm.pollingmanager.PollingManagerService$MyConnectivityReceiver.sendConnectivityIntent:596 
06-12 11:16:43.791   555   755 I chatty  : uid=1000(system) EventThread expire 18 lines
06-12 11:16:45.706   555   555 I chatty  : uid=1000(system) /system/bin/surfaceflinger expire 10 lines
06-12 11:18:20.470  4731  4731 W ContextImpl: Calling a method in the system process without a qualified user: android.app.ContextImpl.sendBroadcast:905 android.content.ContextWrapper.sendBroadcast:421 com.motorola.bach.modemstats.MSimPhoneStateListener.setVoiceCallActive:308 com.motorola.bach.modemstats.MSimPhoneStateListener.onCallStateChanged:280 android.telephony.PhoneStateListener$1.handleMessage:298 
06-12 11:18:20.614  1696 13348 I chatty  : uid=1000(system) Binder:1696_13 expire 10 lines
06-12 11:18:20.620  1696  1696 I chatty  : uid=1000 system_server expire 23 lines
06-12 11:18:20.620  1696 24000 I chatty  : uid=1000 system_server expire 1 line
06-12 11:18:20.789  1696 30930 I chatty  : uid=1000(system) ContactsAsyncWo expire 8 lines
06-12 11:18:21.551  1696  5006 I chatty  : uid=1000(system) Binder:1696_B expire 23 lines
06-12 11:18:21.552  1696  2805 I chatty  : uid=1000(system) PowerManagerSer expire 10 lines
06-12 11:18:21.609  1696 27773 I chatty  : uid=1000(system) Binder:1696_15 expire 10 lines
06-12 11:18:22.994  1696  1886 I chatty  : uid=1000(system) android.bg expire 10 lines
06-12 11:18:23.041  4354  4354 W ContextImpl: Calling a method in the system process without a qualified user: android.app.ContextImpl.sendBroadcast:920 android.content.ContextWrapper.sendBroadcast:426 com.motorola.blur.service.blur.BSUtils.sendBroadcast:158 com.motorola.blur.service.blur.BSUtils.sendBroadcast:154 com.motorola.ccc.plm.pollingmanager.PollingManagerService$MyConnectivityReceiver.sendConnectivityIntent:596 
06-12 11:18:25.194  1696   770 I chatty  : uid=1000(system) Binder:1696_1D expire 12 lines
06-12 11:18:36.815  1696  4083 I chatty  : uid=1000(system) UEventObserver expire 16 lines
06-12 11:18:39.480  4731  4731 W ContextImpl: Calling a method in the system process without a qualified user: android.app.ContextImpl.sendBroadcast:905 android.content.ContextWrapper.sendBroadcast:421 com.motorola.bach.modemstats.MSimPhoneStateListener.setVoiceCallActive:308 com.motorola.bach.modemstats.MSimPhoneStateListener.onCallStateChanged:291 android.telephony.PhoneStateListener$1.handleMessage:298 
06-12 11:18:39.596  1696 24171 I chatty  : uid=1000 system_server expire 1 line
06-12 11:18:39.598  1696  4424 I chatty  : uid=1000(system) uteStateMachine expire 16 lines
06-12 11:18:39.617  1696  1896 I chatty  : uid=1000(system) ActivityManager expire 19 lines
06-12 11:18:39.771  1696 32286 I chatty  : uid=1000(system) Binder:1696_1A expire 10 lines
06-12 11:18:39.810  4224  4224 V KeyguardStatusView: refresh statusview showing:true
06-12 11:18:39.928  1696  1696 I chatty  : uid=1000 system_server expire 22 lines
06-12 11:18:40.058  1696 28414 I chatty  : uid=1000(system) Binder:1696_19 expire 19 lines
06-12 11:18:40.389  1696  2789 I chatty  : uid=1000(system) android.display expire 10 lines
06-12 11:24:14.819  4354  4354 W ContextImpl: Calling a method in the system process without a qualified user: android.app.ContextImpl.sendBroadcast:920 android.content.ContextWrapper.sendBroadcast:426 com.motorola.blur.service.blur.BSUtils.sendBroadcast:158 com.motorola.blur.service.blur.BSUtils.sendBroadcast:154 com.motorola.ccc.plm.pollingmanager.PollingManagerService$MyConnectivityReceiver.sendConnectivityIntent:596 
06-12 11:24:14.965  1696  1896 I chatty  : uid=1000(system) ActivityManager expire 21 lines
06-12 11:25:19.016  1696  1696 I chatty  : uid=1000 system_server expire 22 lines
06-12 11:26:00.397  1696 27772 I chatty  : uid=1000(system) Binder:1696_14 expire 22 lines
06-12 11:26:00.465  1696  5131 I chatty  : uid=1000(system) Binder:1696_C expire 28 lines
06-12 11:26:00.599  4224  4224 V KeyguardDisplayManager: hide
